efi_boottime.c:549:21:efi_is_event	0	static
efi_boottime.c:141:20:indent_string	16	static
efi_boottime.c:90:5:__efi_entry_check	0	static
efi_boottime.c:102:5:__efi_exit_check	0	static
efi_boottime.c:179:13:efi_queue_event	8	static
efi_boottime.c:2428:20:efi_set_mem	16	static
efi_boottime.c:2409:20:efi_copy_mem	16	static
efi_boottime.c:2389:28:efi_calculate_crc32	16	static
efi_boottime.c:1918:28:efi_set_watchdog_timer	8	static
efi_boottime.c:1898:28:efi_stall	8	static
efi_boottime.c:1879:28:efi_get_next_monotonic_count	16	static
efi_boottime.c:1654:28:efi_start_image	24	static
efi_boottime.c:1220:28:efi_register_protocol_notify	8	static
efi_boottime.c:1038:28:efi_reinstall_protocol_interface	8	static
efi_boottime.c:853:28:efi_close_event	16	static
efi_boottime.c:398:28:efi_free_pool_ext	8	static
efi_boottime.c:377:28:efi_allocate_pool_ext	16	static
efi_boottime.c:349:28:efi_get_memory_map_ext	24	static
efi_boottime.c:324:28:efi_free_pages_ext	16	static
efi_boottime.c:302:28:efi_allocate_pages_ext	16	static
efi_boottime.c:246:29:efi_raise_tpl	16	static
efi_boottime.c:112:6:efi_save_gd	0	static
efi_boottime.c:124:6:efi_restore_gd	0	static
efi_boottime.c:1721:28:efi_exit	8	static
efi_boottime.c:150:13:__efi_nesting	0	static
efi_boottime.c:155:13:__efi_nesting_inc	0	static
efi_boottime.c:160:13:__efi_nesting_dec	0	static
efi_boottime.c:204:6:efi_signal_event	24	static
efi_boottime.c:1809:28:efi_exit_boot_services	24	static
efi_boottime.c:834:28:efi_signal_event_ext	16	static
efi_boottime.c:415:6:efi_add_handle	0	static
efi_boottime.c:430:14:efi_create_handle	16	static
efi_boottime.c:577:14:efi_create_event	24	static
efi_boottime.c:629:21:efi_create_event_ex	24	static
efi_boottime.c:657:28:efi_create_event_ext	24	static
efi_boottime.c:677:6:efi_timer_check	24	static
efi_boottime.c:876:28:efi_check_event	16	static
efi_boottime.c:776:28:efi_wait_for_event	32	static
efi_boottime.c:271:20:efi_restore_tpl	8	static
efi_boottime.c:714:14:efi_set_timer	40	static
efi_boottime.c:756:28:efi_set_timer_ext	16	static
efi_boottime.c:898:20:efi_search_obj	8	static
efi_boottime.c:453:14:efi_search_protocol	24	static
efi_boottime.c:486:14:efi_remove_protocol	24	static
efi_boottime.c:2158:28:efi_locate_protocol	32	static
efi_boottime.c:1988:28:efi_open_protocol_information	32	static
efi_boottime.c:1941:28:efi_close_protocol	24	static
efi_boottime.c:1274:21:efi_locate_handle	32	static
efi_boottime.c:2113:28:efi_locate_handle_buffer	48	static
efi_boottime.c:2199:28:efi_locate_device_path	64	static
efi_boottime.c:1345:28:efi_locate_handle_ext	24	static
efi_boottime.c:509:14:efi_remove_all_protocols	16	static
efi_boottime.c:534:6:efi_delete_handle	8	static
efi_boottime.c:2050:28:efi_protocols_per_handle	24	static
efi_boottime.c:2851:28:efi_disconnect_controller	56	static
efi_boottime.c:2545:28:efi_open_protocol	40	static
efi_boottime.c:2617:21:efi_bind_controller	40	static
efi_boottime.c:2609:28:efi_handle_protocol	16	static
efi_boottime.c:1123:21:efi_disconnect_all_drivers	32	static
efi_boottime.c:2726:28:efi_connect_controller	56	static
efi_boottime.c:1767:28:efi_unload_image	8	static
efi_boottime.c:1162:28:efi_uninstall_protocol_interface	32	static
efi_boottime.c:952:14:efi_add_protocol	24	static
efi_boottime.c:992:28:efi_install_protocol_interface	16	static
efi_boottime.c:2332:28:efi_uninstall_multiple_protocol_interfaces	24	static
efi_boottime.c:2275:28:efi_install_multiple_protocol_interfaces	32	static
efi_boottime.c:1378:14:efi_install_configuration_table	40	static
efi_boottime.c:1433:28:efi_install_configuration_table_ext	8	static
efi_boottime.c:1451:14:efi_setup_loaded_image	16	static
efi_boottime.c:1510:14:efi_load_image_from_path	40	static
efi_boottime.c:1568:28:efi_load_image	48	static
