vsprintf.c:50:14:put_dec_trunc	20	static
vsprintf.c:128:23:put_dec	32	static
vsprintf.c:157:14:number	120	static
vsprintf.c:276:14:string16	32	dynamic
vsprintf.c:256:14:string	24	static
vsprintf.c:513:12:vsnprintf_internal	120	static
vsprintf.c:714:5:vsnprintf	0	static
vsprintf.c:720:5:vscnprintf	8	static
vsprintf.c:733:5:snprintf	16	static
vsprintf.c:745:5:scnprintf	16	static
vsprintf.c:770:5:vsprintf	0	static
vsprintf.c:775:5:sprintf	12	static
vsprintf.c:787:5:printf	1072	static
vsprintf.c:810:5:vprintf	1072	static
vsprintf.c:830:7:simple_itoa	24	static
vsprintf.c:845:6:print_grouped_ull	48	static
vsprintf.c:860:6:str2off	24	static
vsprintf.c:868:6:str2long	24	static
