Archive member included to satisfy reference by file (symbol)

arch/arm/lib/lib.a(lib1funcs.o)
                              arch/arm/mach-omap2/built-in.o (__aeabi_uidiv)
arch/arm/lib/lib.a(div0.o)    arch/arm/lib/lib.a(lib1funcs.o) (__div0)

Discarded input sections

 .data          0x0000000000000000        0x0 arch/arm/cpu/armv7/start.o
 .bss           0x0000000000000000        0x0 arch/arm/cpu/armv7/start.o
 .text          0x0000000000000000        0x0 board/ti/am335x/built-in.o
 .text.do_board_detect
                0x0000000000000000       0x2c board/ti/am335x/built-in.o
 .rodata.do_board_detect.str1.1
                0x0000000000000000       0x1b board/ti/am335x/built-in.o
 .data          0x0000000000000000        0x0 board/ti/am335x/built-in.o
 .bss           0x0000000000000000        0x0 board/ti/am335x/built-in.o
 .text.mmu_page_table_flush
                0x0000000000000000       0x1e arch/arm/cpu/armv7/built-in.o
 .text.v7_arch_cp15_set_l2aux_ctrl
                0x0000000000000000        0x6 arch/arm/cpu/armv7/built-in.o
 .text.v7_arch_cp15_set_acr
                0x0000000000000000        0x6 arch/arm/cpu/armv7/built-in.o
 .text.sdelay   0x0000000000000000        0x6 arch/arm/cpu/armv7/built-in.o
 .text.wait_on_value
                0x0000000000000000       0x1e arch/arm/cpu/armv7/built-in.o
 .data          0x0000000000000000        0x0 arch/arm/cpu/armv7/built-in.o
 .bss           0x0000000000000000        0x0 arch/arm/cpu/armv7/built-in.o
 .text.armv7_boot_nonsec_default
                0x0000000000000000        0x4 arch/arm/lib/built-in.o
 .text.enable_caches
                0x0000000000000000        0xc arch/arm/lib/built-in.o
 .text.invalidate_dcache_range
                0x0000000000000000        0x2 arch/arm/lib/built-in.o
 .text.flush_dcache_range
                0x0000000000000000        0x2 arch/arm/lib/built-in.o
 .text.flush_dcache_all
                0x0000000000000000        0xa arch/arm/lib/built-in.o
 .text.invalidate_l2_cache
                0x0000000000000000        0xc arch/arm/lib/built-in.o
 .text.arm_init_before_mmu
                0x0000000000000000        0x2 arch/arm/lib/built-in.o
 .text.arm_init_domains
                0x0000000000000000        0x2 arch/arm/lib/built-in.o
 .text.mmu_page_table_flush
                0x0000000000000000        0x2 arch/arm/lib/built-in.o
 .text.mmu_set_region_dcache_behaviour
                0x0000000000000000       0x40 arch/arm/lib/built-in.o
 .text.dram_bank_mmu_setup
                0x0000000000000000       0x2a arch/arm/lib/built-in.o
 .text.fdt_psci
                0x0000000000000000        0x4 arch/arm/lib/built-in.o
 .rodata.enable_caches.str1.1
                0x0000000000000000       0x1d arch/arm/lib/built-in.o
 .data          0x0000000000000000        0x0 arch/arm/lib/built-in.o
 .__secure_end  0x0000000000000000        0x0 arch/arm/lib/built-in.o
 .__secure_stack_end
                0x0000000000000000        0x0 arch/arm/lib/built-in.o
 .__secure_stack_start
                0x0000000000000000        0x0 arch/arm/lib/built-in.o
 .__secure_start
                0x0000000000000000        0x0 arch/arm/lib/built-in.o
 .bss           0x0000000000000000        0x0 arch/arm/lib/built-in.o
 .text.get_dpll_mpu_params
                0x0000000000000000        0x8 arch/arm/mach-omap2/built-in.o
 .text.get_dpll_core_params
                0x0000000000000000       0x14 arch/arm/mach-omap2/built-in.o
 .text.get_dpll_per_params
                0x0000000000000000       0x14 arch/arm/mach-omap2/built-in.o
 .text.setup_clocks_for_console
                0x0000000000000000       0x7c arch/arm/mach-omap2/built-in.o
 .text.enable_basic_clocks
                0x0000000000000000       0x44 arch/arm/mach-omap2/built-in.o
 .text.set_mpu_spreadspectrum
                0x0000000000000000       0xc0 arch/arm/mach-omap2/built-in.o
 .text.do_setup_dpll
                0x0000000000000000       0xe0 arch/arm/mach-omap2/built-in.o
 .text.do_enable_clocks
                0x0000000000000000       0x64 arch/arm/mach-omap2/built-in.o
 .text.do_disable_clocks
                0x0000000000000000       0x6c arch/arm/mach-omap2/built-in.o
 .text.scale_vcores
                0x0000000000000000        0x2 arch/arm/mach-omap2/built-in.o
 .text.setup_early_clocks
                0x0000000000000000       0x12 arch/arm/mach-omap2/built-in.o
 .text.prcm_init
                0x0000000000000000       0x5c arch/arm/mach-omap2/built-in.o
 .text.rtc_only_prcm_init
                0x0000000000000000       0x1c arch/arm/mach-omap2/built-in.o
 .text.get_sysboot_value
                0x0000000000000000       0x14 arch/arm/mach-omap2/built-in.o
 .text.get_sys_clk_index
                0x0000000000000000       0x14 arch/arm/mach-omap2/built-in.o
 .text.am335x_get_efuse_mpu_max_freq
                0x0000000000000000       0x74 arch/arm/mach-omap2/built-in.o
 .text.am335x_get_tps65910_mpu_vdd
                0x0000000000000000       0x34 arch/arm/mach-omap2/built-in.o
[...]
Memory Configuration

Name             Origin             Length             Attributes
*default*        0x0000000000000000 0xffffffffffffffff

Linker script and memory map

Address of section .text set to 0x80800000
                0x0000000000000000                . = 0x0
                0x0000000000000000                . = ALIGN (0x4)

.text           0x0000000080800000    0x3dab4
 *(.__image_copy_start)
 .__image_copy_start
                0x0000000080800000        0x0 arch/arm/lib/built-in.o
                0x0000000080800000                __image_copy_start
 *(.vectors)
 .vectors       0x0000000080800000      0x2e8 arch/arm/lib/built-in.o
                0x0000000080800000                _start
                0x0000000080800020                _undefined_instruction
                0x0000000080800024                _software_interrupt
                0x0000000080800028                _prefetch_abort
                0x000000008080002c                _data_abort
                0x0000000080800030                _not_used
                0x0000000080800034                _irq
                0x0000000080800038                _fiq
                0x0000000080800040                IRQ_STACK_START_IN
 arch/arm/cpu/armv7/start.o(.text*)
 .text          0x00000000808002e8       0xa4 arch/arm/cpu/armv7/start.o
                0x00000000808002e8                reset
                0x00000000808002ec                save_boot_params_ret
                0x0000000080800320                c_runtime_cpu_setup
                0x0000000080800334                cpu_init_cp15
 board/ti/am335x/built-in.o(.text*)
 .text.cpsw_control
                0x000000008080038c        0x2 board/ti/am335x/built-in.o
 *fill*         0x000000008080038e        0x2 
 .text.request_and_set_gpio
                0x0000000080800390       0x58 board/ti/am335x/built-in.o
 .text.board_init
                0x00000000808003e8      0x184 board/ti/am335x/built-in.o
                0x00000000808003e8                board_init
 .text.board_late_init
                0x000000008080056c      0x1d0 board/ti/am335x/built-in.o
                0x000000008080056c                board_late_init
 .text.board_eth_init
                0x000000008080073c      0x168 board/ti/am335x/built-in.o
                0x000000008080073c                board_eth_init
 *(.text*)
 .text          0x00000000808008a4      0x158 arch/arm/cpu/armv7/built-in.o
                0x00000000808008a4                __v7_flush_dcache_all
                0x0000000080800940                v7_flush_dcache_all
                0x0000000080800950                __v7_invalidate_dcache_all
                0x00000000808009ec                v7_invalidate_dcache_all
 .text.invalidate_icache_all
                0x00000000808009fc       0x14 arch/arm/cpu/armv7/built-in.o
                0x00000000808009fc                invalidate_icache_all
 .text.v7_outer_cache_enable
                0x0000000080800a10        0x2 arch/arm/cpu/armv7/built-in.o
                0x0000000080800a10                v7_outer_cache_enable
 .text.v7_outer_cache_disable
                0x0000000080800a12        0x2 arch/arm/cpu/armv7/built-in.o
                0x0000000080800a12                v7_outer_cache_disable
 .text.v7_outer_cache_flush_all
                0x0000000080800a14        0x2 arch/arm/cpu/armv7/built-in.o
                0x0000000080800a14                v7_outer_cache_flush_all
 .text.flush_dcache_all
                0x0000000080800a16        0xe arch/arm/cpu/armv7/built-in.o
                0x0000000080800a16                flush_dcache_all
 .text.v7_outer_cache_inval_all
                0x0000000080800a24        0x2 arch/arm/cpu/armv7/built-in.o
                0x0000000080800a24                v7_outer_cache_inval_all
 .text.invalidate_dcache_all
                0x0000000080800a26        0xe arch/arm/cpu/armv7/built-in.o
                0x0000000080800a26                invalidate_dcache_all
 .text.arm_init_before_mmu
                0x0000000080800a34       0x22 arch/arm/cpu/armv7/built-in.o
                0x0000000080800a34                arm_init_before_mmu
 .text.v7_outer_cache_flush_range
                0x0000000080800a56        0x2 arch/arm/cpu/armv7/built-in.o
                0x0000000080800a56                v7_outer_cache_flush_range
 .text.flush_dcache_range
                0x0000000080800a58       0x38 arch/arm/cpu/armv7/built-in.o
                0x0000000080800a58                flush_dcache_range
 .text.v7_outer_cache_inval_range
                0x0000000080800a90        0x2 arch/arm/cpu/armv7/built-in.o
                0x0000000080800a90                v7_outer_cache_inval_range
 .text.invalidate_dcache_range
                0x0000000080800a92       0x42 arch/arm/cpu/armv7/built-in.o
                0x0000000080800a92                invalidate_dcache_range
 .text.cpu_cache_initialization
                0x0000000080800ad4        0x2 arch/arm/cpu/armv7/built-in.o
                0x0000000080800ad4                cpu_cache_initialization
 .text.cleanup_before_linux_select
                0x0000000080800ad6       0x3e arch/arm/cpu/armv7/built-in.o
                0x0000000080800ad6                cleanup_before_linux_select
 .text.cleanup_before_linux
                0x0000000080800b14        0x6 arch/arm/cpu/armv7/built-in.o
                0x0000000080800b14                cleanup_before_linux
 *fill*         0x0000000080800b1a        0x6 
 .text          0x0000000080800b20      0x420 arch/arm/lib/built-in.o
                0x0000000080800b20                _main
                0x0000000080800bc0                memset
                0x0000000080800c60                memcpy
 .text.setjmp   0x0000000080800f40       0x10 arch/arm/lib/built-in.o
                0x0000000080800f40                setjmp
 .text.longjmp  0x0000000080800f50       0x1c arch/arm/lib/built-in.o
                0x0000000080800f50                longjmp
 .text.relocate_vectors
                0x0000000080800f6c       0x70 arch/arm/lib/built-in.o
                0x0000000080800f6c                relocate_vectors
                0x0000000080800f78                relocate_code
 .text.arch_fixup_fdt
                0x0000000080800fdc       0x24 arch/arm/lib/built-in.o
                0x0000000080800fdc                arch_fixup_fdt
 .text.arch_lmb_reserve
                0x0000000080801000       0x2a arch/arm/lib/built-in.o
                0x0000000080801000                arch_lmb_reserve
 .text.board_quiesce_devices
                0x000000008080102a        0x2 arch/arm/lib/built-in.o
                0x000000008080102a                board_quiesce_devices
 .text.boot_jump_linux
                0x000000008080102c       0x90 arch/arm/lib/built-in.o
 .text.setup_board_tags
                0x00000000808010bc        0x2 arch/arm/lib/built-in.o
                0x00000000808010bc                setup_board_tags
 *fill*         0x00000000808010be        0x2 
 .text.boot_prep_linux
                0x00000000808010c0      0x104 arch/arm/lib/built-in.o
 .text.do_bootm_linux
                0x00000000808011c4       0x3c arch/arm/lib/built-in.o
                0x00000000808011c4                do_bootm_linux
 .text.boot_prep_vxworks
                0x0000000080801200       0x34 arch/arm/lib/built-in.o
                0x0000000080801200                boot_prep_vxworks
 .text.boot_jump_vxworks
                0x0000000080801234        0xa arch/arm/lib/built-in.o
                0x0000000080801234                boot_jump_vxworks
 *fill*         0x000000008080123e        0x2 
 .text.bootz_setup
                0x0000000080801240       0x6c arch/arm/lib/built-in.o
                0x0000000080801240                bootz_setup
 .text.arch_reserve_stacks
                0x00000000808012ac       0x16 arch/arm/lib/built-in.o
                0x00000000808012ac                arch_reserve_stacks
 *fill*         0x00000000808012c2        0x2 
 .text.interrupt_init
                0x00000000808012c4       0x14 arch/arm/lib/built-in.o
                0x00000000808012c4                interrupt_init
 .text.enable_interrupts
                0x00000000808012d8        0x2 arch/arm/lib/built-in.o
                0x00000000808012d8                enable_interrupts
 .text.disable_interrupts
                0x00000000808012da        0x4 arch/arm/lib/built-in.o
                0x00000000808012da                disable_interrupts
 *fill*         0x00000000808012de        0x2 
 .text.bad_mode
                0x00000000808012e0        0xc arch/arm/lib/built-in.o
                0x00000000808012e0                bad_mode
 .text.show_regs
                0x00000000808012ec      0x108 arch/arm/lib/built-in.o
                0x00000000808012ec                show_regs
 .text.do_undefined_instruction
                0x00000000808013f4       0x28 arch/arm/lib/built-in.o
                0x00000000808013f4                do_undefined_instruction
 .text.do_software_interrupt
                0x000000008080141c       0x28 arch/arm/lib/built-in.o
                0x000000008080141c                do_software_interrupt
 .text.do_prefetch_abort
                0x0000000080801444       0x28 arch/arm/lib/built-in.o
                0x0000000080801444                do_prefetch_abort
 .text.do_data_abort
                0x000000008080146c       0x28 arch/arm/lib/built-in.o
                0x000000008080146c                do_data_abort
 .text.do_not_used
                0x0000000080801494       0x28 arch/arm/lib/built-in.o
                0x0000000080801494                do_not_used
 .text.do_fiq   0x00000000808014bc       0x28 arch/arm/lib/built-in.o
                0x00000000808014bc                do_fiq
 .text.do_irq   0x00000000808014e4       0x28 arch/arm/lib/built-in.o
                0x00000000808014e4                do_irq
 .text.reset_misc
                0x000000008080150c        0x2 arch/arm/lib/built-in.o
                0x000000008080150c                reset_misc
 *fill*         0x000000008080150e        0x2 
 .text.do_reset
                0x0000000080801510       0x28 arch/arm/lib/built-in.o
                0x0000000080801510                do_reset
 .text.flush_cache
                0x0000000080801538        0x6 arch/arm/lib/built-in.o
                0x0000000080801538                flush_cache
 *fill*         0x000000008080153e        0x2 
 .text.check_cache_range
                0x0000000080801540       0x24 arch/arm/lib/built-in.o
                0x0000000080801540                check_cache_range
 .text.set_section_dcache
                0x0000000080801564       0x12 arch/arm/lib/built-in.o
                0x0000000080801564                set_section_dcache
 .text.icache_enable
                0x0000000080801576       0x12 arch/arm/lib/built-in.o
                0x0000000080801576                icache_enable
 .text.icache_disable
                0x0000000080801588       0x16 arch/arm/lib/built-in.o
                0x0000000080801588                icache_disable
 .text.icache_status
                0x000000008080159e        0xa arch/arm/lib/built-in.o
                0x000000008080159e                icache_status
 .text.dcache_enable
                0x00000000808015a8       0x6e arch/arm/lib/built-in.o
                0x00000000808015a8                dcache_enable
 .text.dcache_disable
                0x0000000080801616       0x20 arch/arm/lib/built-in.o
                0x0000000080801616                dcache_disable
 .text.dcache_status
                0x0000000080801636        0xa arch/arm/lib/built-in.o
                0x0000000080801636                dcache_status
 .text          0x0000000080801640       0x60 arch/arm/mach-omap2/built-in.o
                0x0000000080801640                save_boot_params
                0x000000008080164c                omap_smc1
                0x0000000080801668                omap_smc_sec
 .text.get_cpu_rev
                0x00000000808016a0       0x10 arch/arm/mach-omap2/built-in.o
                0x00000000808016a0                get_cpu_rev
 .text.get_cpu_type
                0x00000000808016b0       0x14 arch/arm/mach-omap2/built-in.o
                0x00000000808016b0                get_cpu_type
 .text.print_cpuinfo
                0x00000000808016c4       0x90 arch/arm/mach-omap2/built-in.o
                0x00000000808016c4                print_cpuinfo
 .text.am33xx_otg0_set_phy_power
                0x0000000080801754       0x20 arch/arm/mach-omap2/built-in.o
 .text.am33xx_otg1_set_phy_power
                0x0000000080801774       0x20 arch/arm/mach-omap2/built-in.o
 .text.dram_init
                0x0000000080801794       0x16 arch/arm/mach-omap2/built-in.o
                0x0000000080801794                dram_init
 .text.dram_init_banksize
                0x00000000808017aa       0x18 arch/arm/mach-omap2/built-in.o
                0x00000000808017aa                dram_init_banksize
 .text.cpu_mmc_init
                0x00000000808017c2       0x28 arch/arm/mach-omap2/built-in.o
                0x00000000808017c2                cpu_mmc_init
 *fill*         0x00000000808017ea        0x2 
 .text.arch_misc_init
                0x00000000808017ec       0x34 arch/arm/mach-omap2/built-in.o
                0x00000000808017ec                arch_misc_init
 .text.arch_cpu_init_dm
                0x0000000080801820        0xa arch/arm/mach-omap2/built-in.o
                0x0000000080801820                arch_cpu_init_dm
 *fill*         0x000000008080182a        0x2 
 .text.hw_data_init
                0x000000008080182c       0x14 arch/arm/mach-omap2/built-in.o
                0x000000008080182c                hw_data_init
 .text.clk_synthesizer_reg_write
                0x0000000080801840       0x38 arch/arm/mach-omap2/built-in.o
 .text.setup_clock_synthesizer
                0x0000000080801878       0x94 arch/arm/mach-omap2/built-in.o
                0x0000000080801878                setup_clock_synthesizer
 .text.reset_cpu
                0x000000008080190c       0x10 arch/arm/mach-omap2/built-in.o
                0x000000008080190c                reset_cpu
 .text.timer_init
                0x000000008080191c       0x18 arch/arm/mach-omap2/built-in.o
                0x000000008080191c                timer_init
 .text.__udelay
                0x0000000080801934       0x34 arch/arm/mach-omap2/built-in.o
                0x0000000080801934                __udelay
 .text.get_timer_masked
                0x0000000080801968       0x54 arch/arm/mach-omap2/built-in.o
                0x0000000080801968                get_timer_masked
 .text.get_timer
                0x00000000808019bc        0xc arch/arm/mach-omap2/built-in.o
                0x00000000808019bc                get_timer
 .text.get_ticks
                0x00000000808019c8        0xa arch/arm/mach-omap2/built-in.o
                0x00000000808019c8                get_ticks
 .text.get_tbclk
                0x00000000808019d2        0x6 arch/arm/mach-omap2/built-in.o
                0x00000000808019d2                get_tbclk
 .text.get_device_type
                0x00000000808019d8       0x18 arch/arm/mach-omap2/built-in.o
                0x00000000808019d8                get_device_type
 .text.enable_caches
                0x00000000808019f0       0x14 arch/arm/mach-omap2/built-in.o
                0x00000000808019f0                enable_caches
 .text.dram_bank_mmu_setup
                0x0000000080801a04       0x26 arch/arm/mach-omap2/built-in.o
                0x0000000080801a04                dram_bank_mmu_setup
 .text.arm_init_domains
                0x0000000080801a2a       0x16 arch/arm/mach-omap2/built-in.o
                0x0000000080801a2a                arm_init_domains
 .text.fb_set_reboot_flag
                0x0000000080801a40       0x24 arch/arm/mach-omap2/built-in.o
                0x0000000080801a40                fb_set_reboot_flag
 .text.board_ti_is
                0x0000000080801a64       0x30 board/ti/common/built-in.o
                0x0000000080801a64                board_ti_is
 .text.board_ti_get_rev
                0x0000000080801a94        0x8 board/ti/common/built-in.o
                0x0000000080801a94                board_ti_get_rev
 .text.board_ti_get_config
                0x0000000080801a9c        0x8 board/ti/common/built-in.o
                0x0000000080801a9c                board_ti_get_config
 .text.set_board_info_env
                0x0000000080801aa4       0x3c board/ti/common/built-in.o
                0x0000000080801aa4                set_board_info_env
 .text.do_go_exec
                0x0000000080801ae0        0x8 cmd/built-in.o
                0x0000000080801ae0                do_go_exec
 .text.do_go    0x0000000080801ae8       0x4c cmd/built-in.o
 .text.do_bootm
                0x0000000080801b34       0xa0 cmd/built-in.o
                0x0000000080801b34                do_bootm
 .text.do_bootd
                0x0000000080801bd4       0x18 cmd/built-in.o
                0x0000000080801bd4                do_bootd
 .text.image_info
                0x0000000080801bec       0xd8 cmd/built-in.o
 .text.do_iminfo
                0x0000000080801cc4       0x3c cmd/built-in.o
 .text.bootm_maybe_autostart
                0x0000000080801d00       0x4c cmd/built-in.o
                0x0000000080801d00                bootm_maybe_autostart
 .text.do_help  0x0000000080801d4c       0x2c cmd/built-in.o
 .text.do_version
                0x0000000080801d78       0x30 cmd/built-in.o
 .text.blk_common_cmd
                0x0000000080801da8      0x1f0 cmd/built-in.o
                0x0000000080801da8                blk_common_cmd
 .text.source   0x0000000080801f98      0x11c cmd/built-in.o
                0x0000000080801f98                source
 .text.do_source
                0x00000000808020b4       0x50 cmd/built-in.o
 .text.print_num
                0x0000000080802104       0x10 cmd/built-in.o
 .text.do_bdinfo
                0x0000000080802114      0x148 cmd/built-in.o
 .text.efi_install_fdt
                0x000000008080225c      0x188 cmd/built-in.o
 .text.do_bootefi_exec
                0x00000000808023e4      0x170 cmd/built-in.o
 .text.efi_init_obj_list
                0x0000000080802554       0x40 cmd/built-in.o
                0x0000000080802554                efi_init_obj_list
 .text.do_bootefi
                0x0000000080802594       0xec cmd/built-in.o
 .text.efi_set_bootdev
                0x0000000080802680       0x94 cmd/built-in.o
                0x0000000080802680                efi_set_bootdev
 .text.do_bootz
                0x0000000080802714       0xa4 cmd/built-in.o
                0x0000000080802714                do_bootz
 .text.do_coninfo
                0x00000000808027b8       0x84 cmd/built-in.o
 .text.do_echo  0x000000008080283c       0x74 cmd/built-in.o
 .text.parse_numeric_param
                0x00000000808028b0       0x1c cmd/built-in.o
 .text.parse_i2c_bus_addr
                0x00000000808028cc       0x42 cmd/built-in.o
 .text.eeprom_write_enable
                0x000000008080290e        0x4 cmd/built-in.o
                0x000000008080290e                eeprom_write_enable
 .text.eeprom_init
                0x0000000080802912       0x18 cmd/built-in.o
                0x0000000080802912                eeprom_init
 .text.eeprom_read
                0x000000008080292a       0x4c cmd/built-in.o
                0x000000008080292a                eeprom_read
 .text.eeprom_write
                0x0000000080802976       0x6c cmd/built-in.o
                0x0000000080802976                eeprom_write
 *fill*         0x00000000808029e2        0x2 
 .text.do_eeprom
                0x00000000808029e4       0xd4 cmd/built-in.o
                0x00000000808029e4                do_eeprom
 .text.load_elf_image_phdr
                0x0000000080802ab8       0xa8 cmd/built-in.o
 .text.valid_elf_image
                0x0000000080802b60       0x30 cmd/built-in.o
                0x0000000080802b60                valid_elf_image
 .text.do_bootelf
                0x0000000080802b90      0x118 cmd/built-in.o
                0x0000000080802b90                do_bootelf
 .text.do_bootvx
                0x0000000080802ca8      0x234 cmd/built-in.o
                0x0000000080802ca8                do_bootvx
 .text.do_exit  0x0000000080802edc       0x20 cmd/built-in.o
 .text.do_ext4_size
                0x0000000080802efc        0xe cmd/built-in.o
                0x0000000080802efc                do_ext4_size
 .text.do_ext4_load
                0x0000000080802f0a        0xe cmd/built-in.o
                0x0000000080802f0a                do_ext4_load
 .text.do_ext4_ls
                0x0000000080802f18        0xe cmd/built-in.o
                0x0000000080802f18                do_ext4_ls
 .text.do_ext4_write
                0x0000000080802f26        0xe cmd/built-in.o
                0x0000000080802f26                do_ext4_write
 .text.do_ext2load
                0x0000000080802f34        0xe cmd/built-in.o
                0x0000000080802f34                do_ext2load
 .text.do_ext2ls
                0x0000000080802f42        0xe cmd/built-in.o
 .text.do_fat_size
                0x0000000080802f50        0xe cmd/built-in.o
                0x0000000080802f50                do_fat_size
 .text.do_fat_fsload
                0x0000000080802f5e        0xe cmd/built-in.o
                0x0000000080802f5e                do_fat_fsload
 .text.do_fat_ls
                0x0000000080802f6c        0xe cmd/built-in.o
 *fill*         0x0000000080802f7a        0x2 
 .text.do_fat_fswrite
                0x0000000080802f7c       0xbc cmd/built-in.o
 .text.do_fat_fsinfo
                0x0000000080803038       0x54 cmd/built-in.o
 .text.fdt_valid
                0x000000008080308c       0x74 cmd/built-in.o
 .text.is_printable_string
                0x0000000080803100       0x48 cmd/built-in.o
 .text.print_data
                0x0000000080803148      0x104 cmd/built-in.o
 .text.set_working_fdt_addr
                0x000000008080324c       0x14 cmd/built-in.o
                0x000000008080324c                set_working_fdt_addr
 .text.do_fdt   0x0000000080803260      0xa0c cmd/built-in.o
 .text.do_size_wrapper
                0x0000000080803c6c        0xe cmd/built-in.o
 *fill*         0x0000000080803c7a        0x2 
 .text.do_load_wrapper
                0x0000000080803c7c       0x40 cmd/built-in.o
 .text.do_save_wrapper
                0x0000000080803cbc        0xe cmd/built-in.o
 .text.do_ls_wrapper
                0x0000000080803cca        0xe cmd/built-in.o
 .text.do_fstype_wrapper
                0x0000000080803cd8        0x4 cmd/built-in.o
 .text.gpio_get_description
                0x0000000080803cdc       0x78 cmd/built-in.o
 .text.do_gpio  0x0000000080803d54      0x20c cmd/built-in.o
 .text.do_i2c   0x0000000080803f60       0x3c cmd/built-in.o
 .text.do_i2c_bus_speed
                0x0000000080803f9c       0x54 cmd/built-in.o
 .text.do_i2c_reset
                0x0000000080803ff0       0x20 cmd/built-in.o
 .text.do_i2c_probe
                0x0000000080804010       0x5c cmd/built-in.o
 .text.do_i2c_bus_num
                0x000000008080406c       0x80 cmd/built-in.o
 .text.do_i2c_show_bus
                0x00000000808040ec       0x8c cmd/built-in.o
 .text.get_alen.constprop.5
                0x0000000080804178       0x1c cmd/built-in.o
 .text.do_i2c_crc
                0x0000000080804194       0xb8 cmd/built-in.o
 .text.mod_i2c_mem.isra.3
                0x000000008080424c      0x144 cmd/built-in.o
 .text.do_i2c_nm
                0x0000000080804390        0x6 cmd/built-in.o
 .text.do_i2c_mm
                0x0000000080804396        0x6 cmd/built-in.o
 .text.do_i2c_md
                0x000000008080439c      0x144 cmd/built-in.o
 .text.do_i2c_read
                0x00000000808044e0       0x78 cmd/built-in.o
 .text.do_i2c_mw
                0x0000000080804558       0xa4 cmd/built-in.o
 .text.do_i2c_write
                0x00000000808045fc       0xd8 cmd/built-in.o
 .text.do_i2c_loop
                0x00000000808046d4       0x9c cmd/built-in.o
 .text.i2c_init_board
                0x0000000080804770        0x2 cmd/built-in.o
                0x0000000080804770                i2c_init_board
 .text.evalexp  0x0000000080804772       0x4a cmd/built-in.o
 .text.evalstr  0x00000000808047bc       0x3c cmd/built-in.o
 .text.binary_test
                0x00000000808047f8      0x128 cmd/built-in.o
 .text.do_itest
                0x0000000080804920       0x4c cmd/built-in.o
 .text.bin_data_init
                0x000000008080496c       0x1c cmd/built-in.o
 .text.k_data_save
                0x0000000080804988       0x34 cmd/built-in.o
 .text.k_data_restore
                0x00000000808049bc       0x34 cmd/built-in.o
 .text.getcxmodem
                0x00000000808049f0       0x16 cmd/built-in.o
 *fill*         0x0000000080804a06        0x2 
 .text.load_serial_ymodem
                0x0000000080804a08       0x90 cmd/built-in.o
 .text.bin_data_char
                0x0000000080804a98       0x1c cmd/built-in.o
 .text.chk1.constprop.2
                0x0000000080804ab4       0x20 cmd/built-in.o
 .text.s1_sendpacket.constprop.3
                0x0000000080804ad4       0x34 cmd/built-in.o
 .text.load_serial
                0x0000000080804b08      0x128 cmd/built-in.o
 .text.do_load_serial
                0x0000000080804c30       0x90 cmd/built-in.o
 .text.do_load_serial_bin
                0x0000000080804cc0      0x530 cmd/built-in.o
 .text.do_mem_mw
                0x00000000808051f0       0x7c cmd/built-in.o
 .text.do_mem_loop
                0x000000008080526c       0x82 cmd/built-in.o
 *fill*         0x00000000808052ee        0x2 
 .text.do_mem_md
                0x00000000808052f0       0xa0 cmd/built-in.o
 .text.do_mem_base
                0x0000000080805390       0x28 cmd/built-in.o
 .text.do_mem_cp
                0x00000000808053b8       0x70 cmd/built-in.o
 .text.do_mem_cmp
                0x0000000080805428      0x100 cmd/built-in.o
 .text.do_mem_crc
                0x0000000080805528       0x2c cmd/built-in.o
 .text.mod_mem.isra.0
                0x0000000080805554       0xf0 cmd/built-in.o
 .text.do_mem_mm
                0x0000000080805644        0x6 cmd/built-in.o
 .text.do_mem_nm
                0x000000008080564a        0x6 cmd/built-in.o
 .text.extract_range
                0x0000000080805650       0x7a cmd/built-in.o
 *fill*         0x00000000808056ca        0x2 
 .text.do_mii   0x00000000808056cc      0x5f8 cmd/built-in.o
 .text.do_mdio  0x0000000080805cc4      0x308 cmd/built-in.o
 .text.do_sleep
                0x0000000080805fcc       0x88 cmd/built-in.o
 .text.do_mmcops
                0x0000000080806054       0x78 cmd/built-in.o
 .text.init_mmc_device
                0x00000000808060cc       0x34 cmd/built-in.o
 .text.do_mmc_rescan
                0x0000000080806100       0x18 cmd/built-in.o
 .text.do_mmc_hwpartition
                0x0000000080806118      0x388 cmd/built-in.o
 .text.do_mmc_list
                0x00000000808064a0        0xc cmd/built-in.o
 .text.do_mmc_dev
                0x00000000808064ac       0xc8 cmd/built-in.o
 .text.do_mmc_read
                0x0000000080806574       0x94 cmd/built-in.o
 .text.do_mmc_erase
                0x0000000080806608       0xa0 cmd/built-in.o
 .text.do_mmc_write
                0x00000000808066a8       0xb0 cmd/built-in.o
 .text.do_mmcinfo
                0x0000000080806758      0x2bc cmd/built-in.o
 .text.do_mmc_setdsr
                0x0000000080806a14       0x74 cmd/built-in.o
 .text.do_mmc_part
                0x0000000080806a88       0x38 cmd/built-in.o
 .text.netboot_common
                0x0000000080806ac0      0x1c4 cmd/built-in.o
 .text.do_bootp
                0x0000000080806c84        0x8 cmd/built-in.o
 .text.do_dhcp  0x0000000080806c8c        0x8 cmd/built-in.o
 .text.do_nfs   0x0000000080806c94        0x8 cmd/built-in.o
 .text.do_tftpb
                0x0000000080806c9c       0x26 cmd/built-in.o
                0x0000000080806c9c                do_tftpb
 *fill*         0x0000000080806cc2        0x2 
 .text.do_ping  0x0000000080806cc4       0x48 cmd/built-in.o
 .text.do_part_list
                0x0000000080806d0c       0xf0 cmd/built-in.o
 .text.do_part_info
                0x0000000080806dfc       0x9c cmd/built-in.o
 .text.do_part  0x0000000080806e98       0xa8 cmd/built-in.o
 .text.eol_or_eof
                0x0000000080806f40       0x12 cmd/built-in.o
 *fill*         0x0000000080806f52        0x2 
 .text.do_pxe   0x0000000080806f54       0x48 cmd/built-in.o
 .text.label_print
                0x0000000080806f9c       0x14 cmd/built-in.o
 .text.do_get_tftp
                0x0000000080806fb0       0x2c cmd/built-in.o
 .text.from_env
                0x0000000080806fdc       0x1c cmd/built-in.o
 .text.get_string
                0x0000000080806ff8       0x80 cmd/built-in.o
 .text.label_destroy
                0x0000000080807078       0x3e cmd/built-in.o
 .text.destroy_pxe_menu
                0x00000000808070b6       0x36 cmd/built-in.o
 .text.get_token
                0x00000000808070ec       0xa0 cmd/built-in.o
 .text.parse_sliteral
                0x000000008080718c       0x34 cmd/built-in.o
 .text.parse_integer
                0x00000000808071c0       0x44 cmd/built-in.o
 .text.do_get_any
                0x0000000080807204       0x2c cmd/built-in.o
 .text.do_get_fat
                0x0000000080807230       0x28 cmd/built-in.o
 .text.do_get_ext2
                0x0000000080807258       0x28 cmd/built-in.o
 .text.format_mac_pxe.constprop.6
                0x0000000080807280       0x54 cmd/built-in.o
 .text.get_relfile
                0x00000000808072d4       0xcc cmd/built-in.o
 .text.get_pxe_file
                0x00000000808073a0       0x3c cmd/built-in.o
 .text.handle_include
                0x00000000808073dc       0x68 cmd/built-in.o
 .text.parse_pxefile_top
                0x0000000080807444      0x2f8 cmd/built-in.o
 .text.parse_pxefile
                0x000000008080773c       0x42 cmd/built-in.o
 *fill*         0x000000008080777e        0x2 
 .text.get_pxelinux_path
                0x0000000080807780       0x50 cmd/built-in.o
 .text.do_pxe_get
                0x00000000808077d0       0xec cmd/built-in.o
 .text.get_relfile_envaddr
                0x00000000808078bc       0x34 cmd/built-in.o
 .text.label_boot
                0x00000000808078f0      0x3c8 cmd/built-in.o
 .text.handle_pxe_menu
                0x0000000080807cb8       0xd4 cmd/built-in.o
 .text.do_pxe_boot
                0x0000000080807d8c       0x94 cmd/built-in.o
 .text.do_sysboot
                0x0000000080807e20      0x140 cmd/built-in.o
 .text.bytes_per_second
                0x0000000080807f60       0x38 cmd/built-in.o
 .text.do_spi_flash
                0x0000000080807f98      0x558 cmd/built-in.o
 .text.do_spi   0x00000000808084f0      0x1b0 cmd/built-in.o
                0x00000000808084f0                do_spi
 .text.do_time  0x00000000808086a0       0x98 cmd/built-in.o
 .text.do_false
                0x0000000080808738        0x4 cmd/built-in.o
 .text.do_true  0x000000008080873c        0x4 cmd/built-in.o
 .text.do_test  0x0000000080808740      0x208 cmd/built-in.o
 .text.usb_get_class_desc
                0x0000000080808948       0x74 cmd/built-in.o
 .text.usb_find_device
                0x00000000808089bc       0x1e cmd/built-in.o
 *fill*         0x00000000808089da        0x2 
 .text.usb_show_tree_graph
                0x00000000808089dc      0x17c cmd/built-in.o
 .text.usb_display_class_sub
                0x0000000080808b58       0xf4 cmd/built-in.o
 .text.usb_display_desc
                0x0000000080808c4c       0xf4 cmd/built-in.o
 .text.usb_display_string
                0x0000000080808d40       0x2c cmd/built-in.o
 .text.usb_display_config
                0x0000000080808d6c      0x1ac cmd/built-in.o
 .text.do_usbboot
                0x0000000080808f18        0xc cmd/built-in.o
 .text.do_usb_start
                0x0000000080808f24       0x20 cmd/built-in.o
 .text.usb_show_tree
                0x0000000080808f44       0x30 cmd/built-in.o
                0x0000000080808f44                usb_show_tree
 .text.do_usb   0x0000000080808f74      0x2b0 cmd/built-in.o
 .text.common_diskboot
                0x0000000080809224      0x1c8 cmd/built-in.o
                0x0000000080809224                common_diskboot
 .text.do_fastboot
                0x00000000808093ec       0x84 cmd/built-in.o
 .text.do_imgextract
                0x0000000080809470      0x294 cmd/built-in.o
 .text.do_spl   0x0000000080809704      0x144 cmd/built-in.o
 .text.do_dfu   0x0000000080809848       0x84 cmd/built-in.o
 .text.extract_val
                0x00000000808098cc       0x5c cmd/built-in.o
 .text.extract_env
                0x0000000080809928       0xa0 cmd/built-in.o
 .text.set_gpt_info.isra.0.constprop.1
                0x00000000808099c8      0x348 cmd/built-in.o
 .text.do_gpt   0x0000000080809d10      0x214 cmd/built-in.o
 .text.do_env_delete
                0x0000000080809f24       0x68 cmd/built-in.o
 .text.do_env_exists
                0x0000000080809f8c       0x40 cmd/built-in.o
 .text.do_env_save
                0x0000000080809fcc        0xe cmd/built-in.o
 *fill*         0x0000000080809fda        0x2 
 .text.do_env   0x0000000080809fdc       0x3c cmd/built-in.o
 .text.env_print
                0x000000008080a018       0x78 cmd/built-in.o
 .text.do_env_print
                0x000000008080a090       0x7c cmd/built-in.o
 .text.do_env_import
                0x000000008080a10c      0x174 cmd/built-in.o
 .text.do_env_default
                0x000000008080a280       0x50 cmd/built-in.o
 .text._do_env_set.isra.0
                0x000000008080a2d0      0x118 cmd/built-in.o
 .text.do_env_set
                0x000000008080a3e8       0x14 cmd/built-in.o
 .text.do_env_ask
                0x000000008080a3fc       0xf8 cmd/built-in.o
                0x000000008080a3fc                do_env_ask
 .text.get_env_id
                0x000000008080a4f4        0xc cmd/built-in.o
                0x000000008080a4f4                get_env_id
 .text.env_set  0x000000008080a500       0x3c cmd/built-in.o
                0x000000008080a500                env_set
 .text.env_set_ulong
                0x000000008080a53c       0x16 cmd/built-in.o
                0x000000008080a53c                env_set_ulong
 *fill*         0x000000008080a552        0x2 
 .text.env_set_hex
                0x000000008080a554       0x20 cmd/built-in.o
                0x000000008080a554                env_set_hex
 .text.do_env_export
                0x000000008080a574      0x150 cmd/built-in.o
 .text.eth_parse_enetaddr
                0x000000008080a6c4       0x30 cmd/built-in.o
                0x000000008080a6c4                eth_parse_enetaddr
 .text.envmatch
                0x000000008080a6f4       0x42 cmd/built-in.o
                0x000000008080a6f4                envmatch
 *fill*         0x000000008080a736        0x2 
 .text.env_get_f
                0x000000008080a738       0x98 cmd/built-in.o
                0x000000008080a738                env_get_f
 .text.env_get  0x000000008080a7d0       0x54 cmd/built-in.o
                0x000000008080a7d0                env_get
 .text.env_get_hex
                0x000000008080a824       0x22 cmd/built-in.o
                0x000000008080a824                env_get_hex
 .text.eth_env_get_enetaddr
                0x000000008080a846       0x34 cmd/built-in.o
                0x000000008080a846                eth_env_get_enetaddr
 *fill*         0x000000008080a87a        0x2 
 .text.eth_env_set_enetaddr
                0x000000008080a87c       0x30 cmd/built-in.o
                0x000000008080a87c                eth_env_set_enetaddr
 .text.env_get_ulong
                0x000000008080a8ac       0x1c cmd/built-in.o
                0x000000008080a8ac                env_get_ulong
 .text.do_env_edit.part.3
                0x000000008080a8c8       0x70 cmd/built-in.o
 .text.do_env_edit
                0x000000008080a938       0x1c cmd/built-in.o
 .text.board_init_f_alloc_reserve
                0x000000008080a954        0xa common/built-in.o
                0x000000008080a954                board_init_f_alloc_reserve
 .text.board_init_f_init_reserve
                0x000000008080a95e       0x14 common/built-in.o
                0x000000008080a95e                board_init_f_init_reserve
 .text.show_boot_progress
                0x000000008080a972        0x4 common/built-in.o
                0x000000008080a972                show_boot_progress
 *fill*         0x000000008080a976        0x2 
 .text.main_loop
                0x000000008080a978       0x34 common/built-in.o
                0x000000008080a978                main_loop
 .text.mdelay   0x000000008080a9ac       0x16 common/built-in.o
 .text.dummy    0x000000008080a9c2        0x2 common/built-in.o
 .text.get_version
                0x000000008080a9c4        0x4 common/built-in.o
                0x000000008080a9c4                get_version
 .text.jumptable_init
                0x000000008080a9c8      0x198 common/built-in.o
                0x000000008080a9c8                jumptable_init
 .text.hash_finish_crc32
                0x000000008080ab60       0x1c common/built-in.o
 .text.hash_update_crc32
                0x000000008080ab7c       0x14 common/built-in.o
 .text.hash_init_crc32
                0x000000008080ab90       0x14 common/built-in.o
 .text.hash_finish_sha256
                0x000000008080aba4       0x22 common/built-in.o
 .text.hash_update_sha256
                0x000000008080abc6       0x10 common/built-in.o
 .text.hash_init_sha256
                0x000000008080abd6       0x16 common/built-in.o
 .text.hash_finish_sha1
                0x000000008080abec       0x22 common/built-in.o
 .text.hash_update_sha1
                0x000000008080ac0e       0x10 common/built-in.o
 .text.hash_init_sha1
                0x000000008080ac1e       0x16 common/built-in.o
 .text.hash_lookup_algo
                0x000000008080ac34       0x38 common/built-in.o
                0x000000008080ac34                hash_lookup_algo
 .text.hash_command
                0x000000008080ac6c      0x12c common/built-in.o
                0x000000008080ac6c                hash_command
 .text.b_reset  0x000000008080ad98        0xe common/built-in.o
 .text.static_get
                0x000000008080ada6       0x12 common/built-in.o
 .text.static_peek
                0x000000008080adb8        0x6 common/built-in.o
 *fill*         0x000000008080adbe        0x2 
 .text.mapset   0x000000008080adc0       0x14 common/built-in.o
 .text.syntax_err
                0x000000008080add4        0xc common/built-in.o
 .text.free_pipe_list
                0x000000008080ade0       0x8e common/built-in.o
 *fill*         0x000000008080ae6e        0x2 
 .text.xmalloc  0x000000008080ae70       0x18 common/built-in.o
 .text.new_pipe
                0x000000008080ae88       0x16 common/built-in.o
 *fill*         0x000000008080ae9e        0x2 
 .text.xrealloc
                0x000000008080aea0       0x18 common/built-in.o
 .text.done_command
                0x000000008080aeb8       0x42 common/built-in.o
 .text.done_pipe
                0x000000008080aefa       0x2a common/built-in.o
 .text.done_word
                0x000000008080af24      0x1bc common/built-in.o
 .text.is_assignment
                0x000000008080b0e0       0x2c common/built-in.o
 .text.file_get
                0x000000008080b10c      0x13c common/built-in.o
 .text.do_showvar
                0x000000008080b248       0x9c common/built-in.o
 .text.b_addchr
                0x000000008080b2e4       0x42 common/built-in.o
 *fill*         0x000000008080b326        0x2 
 .text.b_addqchr
                0x000000008080b328       0x30 common/built-in.o
 .text.file_peek
                0x000000008080b358        0x6 common/built-in.o
 *fill*         0x000000008080b35e        0x2 
 .text.get_local_var
                0x000000008080b360       0x58 common/built-in.o
                0x000000008080b360                get_local_var
 .text.set_local_var
                0x000000008080b3b8      0x10c common/built-in.o
                0x000000008080b3b8                set_local_var
 .text.insert_var_value_sub
                0x000000008080b4c4      0x1c4 common/built-in.o
 .text.parse_string_outer
                0x000000008080b688       0x90 common/built-in.o
                0x000000008080b688                parse_string_outer
 .text.run_list_real
                0x000000008080b718      0x4e0 common/built-in.o
 .text.parse_stream_outer
                0x000000008080bbf8      0x42c common/built-in.o
 .text.parse_file_outer
                0x000000008080c024       0x2c common/built-in.o
                0x000000008080c024                parse_file_outer
 .text.u_boot_hush_start
                0x000000008080c050       0x30 common/built-in.o
                0x000000008080c050                u_boot_hush_start
 .text.bootdelay_process
                0x000000008080c080       0x78 common/built-in.o
                0x000000008080c080                bootdelay_process
 .text.autoboot_command
                0x000000008080c0f8      0x164 common/built-in.o
                0x000000008080c0f8                autoboot_command
 .text.log_init
                0x000000008080c25c        0x8 common/built-in.o
 .text.display_text_info
                0x000000008080c264        0x4 common/built-in.o
 .text.setup_mon_len
                0x000000008080c268       0x18 common/built-in.o
 .text.arch_cpu_init
                0x000000008080c280        0x4 common/built-in.o
                0x000000008080c280                arch_cpu_init
 .text.reserve_round_4k
                0x000000008080c284       0x14 common/built-in.o
 .text.reserve_mmu
                0x000000008080c298       0x2e common/built-in.o
                0x000000008080c298                reserve_mmu
 .text.reserve_uboot
                0x000000008080c2c6       0x2a common/built-in.o
 .text.reserve_malloc
                0x000000008080c2f0       0x14 common/built-in.o
 .text.setup_machine
                0x000000008080c304        0xe common/built-in.o
 .text.reserve_global_data
                0x000000008080c312       0x16 common/built-in.o
 .text.reserve_fdt
                0x000000008080c328       0x3a common/built-in.o
 .text.init_func_watchdog_reset
                0x000000008080c362        0xa common/built-in.o
                0x000000008080c362                init_func_watchdog_reset
 .text.setup_reloc
                0x000000008080c36c       0x26 common/built-in.o
 .text.reloc_fdt
                0x000000008080c392       0x2c common/built-in.o
 .text.reserve_board
                0x000000008080c3be       0x28 common/built-in.o
 *fill*         0x000000008080c3e6        0x2 
 .text.announce_dram_init
                0x000000008080c3e8       0x10 common/built-in.o
 .text.init_func_i2c
                0x000000008080c3f8       0x20 common/built-in.o
 .text.init_baud_rate
                0x000000008080c418       0x1c common/built-in.o
 .text.initf_dm
                0x000000008080c434        0x6 common/built-in.o
 .text.initf_bootstage
                0x000000008080c43a        0xc common/built-in.o
 .text.mach_cpu_init
                0x000000008080c446        0x4 common/built-in.o
                0x000000008080c446                mach_cpu_init
 .text.reserve_video
                0x000000008080c44a        0x4 common/built-in.o
 .text.reserve_trace
                0x000000008080c44e        0x4 common/built-in.o
 .text.reserve_bootstage
                0x000000008080c452        0x4 common/built-in.o
 .text.display_new_sp
                0x000000008080c456        0x4 common/built-in.o
 .text.reloc_bootstage
                0x000000008080c45a        0x4 common/built-in.o
 .text.initf_console_record
                0x000000008080c45e        0x4 common/built-in.o
 .text.reserve_arch
                0x000000008080c462        0x4 common/built-in.o
                0x000000008080c462                reserve_arch
 .text.init_func_watchdog_init
                0x000000008080c466        0xa common/built-in.o
 .text.coloured_LED_init
                0x000000008080c470        0x2 common/built-in.o
                0x000000008080c470                coloured_LED_init
 .text.red_led_on
                0x000000008080c472        0x2 common/built-in.o
                0x000000008080c472                red_led_on
 .text.board_add_ram_info
                0x000000008080c474        0x2 common/built-in.o
                0x000000008080c474                board_add_ram_info
 *fill*         0x000000008080c476        0x2 
 .text.show_dram_config
                0x000000008080c478       0x28 common/built-in.o
 .text.board_get_usable_ram_top
                0x000000008080c4a0       0x10 common/built-in.o
                0x000000008080c4a0                board_get_usable_ram_top
 .text.setup_dest_addr
                0x000000008080c4b0       0x30 common/built-in.o
 .text.reserve_stacks
                0x000000008080c4e0       0x1a common/built-in.o
 *fill*         0x000000008080c4fa        0x2 
 .text.board_init_f
                0x000000008080c4fc       0x20 common/built-in.o
                0x000000008080c4fc                board_init_f
 .text.initr_trace
                0x000000008080c51c        0x4 common/built-in.o
 .text.initr_reloc
                0x000000008080c520       0x14 common/built-in.o
 .text.run_main_loop
                0x000000008080c534        0x8 common/built-in.o
 .text.initr_net
                0x000000008080c53c       0x14 common/built-in.o
 .text.initr_ethaddr
                0x000000008080c550       0x18 common/built-in.o
 .text.initr_enable_interrupts
                0x000000008080c568        0xa common/built-in.o
 .text.initr_jumptable
                0x000000008080c572        0xa common/built-in.o
 .text.initr_env
                0x000000008080c57c       0x20 common/built-in.o
 .text.initr_mmc
                0x000000008080c59c       0x18 common/built-in.o
 .text.initr_serial
                0x000000008080c5b4        0xa common/built-in.o
 .text.initr_dm
                0x000000008080c5be       0x12 common/built-in.o
 .text.initr_bootstage
                0x000000008080c5d0        0xc common/built-in.o
 .text.initr_malloc
                0x000000008080c5dc       0x1c common/built-in.o
 .text.initr_reloc_global_data
                0x000000008080c5f8       0x28 common/built-in.o
 .text.initr_caches
                0x000000008080c620        0xa common/built-in.o
 .text.bootstage_relocate
                0x000000008080c62a        0x4 common/built-in.o
 .text.initr_barrier
                0x000000008080c62e        0x4 common/built-in.o
 .text.initr_console_record
                0x000000008080c632        0x4 common/built-in.o
 .text.power_init_board
                0x000000008080c636        0x4 common/built-in.o
                0x000000008080c636                power_init_board
 .text.initr_announce
                0x000000008080c63a        0x4 common/built-in.o
 .text.cpu_secondary_init_r
                0x000000008080c63e        0x2 common/built-in.o
                0x000000008080c63e                cpu_secondary_init_r
 .text.initr_secondary_cpu
                0x000000008080c640        0xa common/built-in.o
 *fill*         0x000000008080c64a        0x2 
 .text.board_init_r
                0x000000008080c64c       0x1c common/built-in.o
                0x000000008080c64c                board_init_r
 .text.checkboard
                0x000000008080c668        0x4 common/built-in.o
                0x000000008080c668                checkboard
 .text.show_board_info
                0x000000008080c66c        0x4 common/built-in.o
                0x000000008080c66c                show_board_info
 .text.bootm_find_images
                0x000000008080c670       0x88 common/built-in.o
                0x000000008080c670                bootm_find_images
 .text.bootm_decomp_image
                0x000000008080c6f8      0x100 common/built-in.o
                0x000000008080c6f8                bootm_decomp_image
 .text.bootm_disable_interrupts
                0x000000008080c7f8       0x10 common/built-in.o
                0x000000008080c7f8                bootm_disable_interrupts
 .text.do_bootm_states
                0x000000008080c808      0x6ac common/built-in.o
                0x000000008080c808                do_bootm_states
 .text.copy_args
                0x000000008080ceb4       0x38 common/built-in.o
 .text.do_bootm_rtems
                0x000000008080ceec       0x30 common/built-in.o
 .text.do_bootm_plan9
                0x000000008080cf1c       0x70 common/built-in.o
 .text.do_bootm_standalone
                0x000000008080cf8c       0x40 common/built-in.o
 .text.do_bootm_qnxelf
                0x000000008080cfcc       0x50 common/built-in.o
 .text.do_bootm_netbsd
                0x000000008080d01c       0xac common/built-in.o
 .text.do_bootvx_fdt
                0x000000008080d0c8       0xc8 common/built-in.o
                0x000000008080d0c8                do_bootvx_fdt
 .text.do_bootm_vxworks
                0x000000008080d190       0x1a common/built-in.o
 .text.arch_preboot_os
                0x000000008080d1aa        0x2 common/built-in.o
                0x000000008080d1aa                arch_preboot_os
 .text.boot_selected_os
                0x000000008080d1ac       0x3a common/built-in.o
                0x000000008080d1ac                boot_selected_os
 *fill*         0x000000008080d1e6        0x2 
 .text.bootm_os_get_boot_func
                0x000000008080d1e8        0xc common/built-in.o
                0x000000008080d1e8                bootm_os_get_boot_func
 .text.fdt_find_and_setprop
                0x000000008080d1f4       0x46 common/built-in.o
                0x000000008080d1f4                fdt_find_and_setprop
 *fill*         0x000000008080d23a        0x2 
 .text.fdt_find_or_add_subnode
                0x000000008080d23c       0x40 common/built-in.o
                0x000000008080d23c                fdt_find_or_add_subnode
 .text.fdt_root
                0x000000008080d27c       0x60 common/built-in.o
                0x000000008080d27c                fdt_root
 .text.fdt_initrd
                0x000000008080d2dc      0x134 common/built-in.o
                0x000000008080d2dc                fdt_initrd
 .text.fdt_chosen
                0x000000008080d410       0x6c common/built-in.o
                0x000000008080d410                fdt_chosen
 .text.do_fixup_by_path
                0x000000008080d47c       0x34 common/built-in.o
                0x000000008080d47c                do_fixup_by_path
 .text.fdt_fixup_memory_banks
                0x000000008080d4b0      0x15c common/built-in.o
                0x000000008080d4b0                fdt_fixup_memory_banks
 .text.fdt_fixup_memory
                0x000000008080d60c       0x16 common/built-in.o
                0x000000008080d60c                fdt_fixup_memory
 *fill*         0x000000008080d622        0x2 
 .text.fdt_fixup_ethernet
                0x000000008080d624      0x10c common/built-in.o
                0x000000008080d624                fdt_fixup_ethernet
 .text.fdt_shrink_to_minimum
                0x000000008080d730       0x8e common/built-in.o
                0x000000008080d730                fdt_shrink_to_minimum
 *fill*         0x000000008080d7be        0x2 
 .text.fdt_overlay_apply_verbose
                0x000000008080d7c0       0x4c common/built-in.o
                0x000000008080d7c0                fdt_overlay_apply_verbose
 .text.miiphy_get_dev_by_name
                0x000000008080d80c       0x34 common/built-in.o
                0x000000008080d80c                miiphy_get_dev_by_name
 .text.miiphy_init
                0x000000008080d840       0x18 common/built-in.o
                0x000000008080d840                miiphy_init
 .text.mdio_alloc
                0x000000008080d858       0x1c common/built-in.o
                0x000000008080d858                mdio_alloc
 .text.mdio_register
                0x000000008080d874       0x4c common/built-in.o
                0x000000008080d874                mdio_register
 .text.mdio_list_devices
                0x000000008080d8c0       0x74 common/built-in.o
                0x000000008080d8c0                mdio_list_devices
 .text.miiphy_set_current_dev
                0x000000008080d934       0x28 common/built-in.o
                0x000000008080d934                miiphy_set_current_dev
 .text.miiphy_get_active_dev
                0x000000008080d95c       0x30 common/built-in.o
 .text.mdio_get_current_dev
                0x000000008080d98c        0xc common/built-in.o
                0x000000008080d98c                mdio_get_current_dev
 .text.mdio_phydev_for_ethname
                0x000000008080d998       0x50 common/built-in.o
                0x000000008080d998                mdio_phydev_for_ethname
 .text.miiphy_get_current_dev
                0x000000008080d9e8       0x10 common/built-in.o
                0x000000008080d9e8                miiphy_get_current_dev
 .text.miiphy_read
                0x000000008080d9f8       0x28 common/built-in.o
                0x000000008080d9f8                miiphy_read
 .text.miiphy_write
                0x000000008080da20       0x24 common/built-in.o
                0x000000008080da20                miiphy_write
 .text.miiphy_listdev
                0x000000008080da44       0x54 common/built-in.o
                0x000000008080da44                miiphy_listdev
 .text.miiphy_info
                0x000000008080da98       0x5c common/built-in.o
                0x000000008080da98                miiphy_info
 .text.miiphy_speed
                0x000000008080daf4       0x80 common/built-in.o
                0x000000008080daf4                miiphy_speed
 .text.miiphy_duplex
                0x000000008080db74       0x7c common/built-in.o
                0x000000008080db74                miiphy_duplex
 .text.miiphy_is_1000base_x
                0x000000008080dbf0        0x4 common/built-in.o
                0x000000008080dbf0                miiphy_is_1000base_x
 .text.usb_set_maxpacket_ep
                0x000000008080dbf4       0x56 common/built-in.o
 *fill*         0x000000008080dc4a        0x2 
 .text.usb_stop
                0x000000008080dc4c       0x38 common/built-in.o
                0x000000008080dc4c                usb_stop
 .text.usb_disable_asynch
                0x000000008080dc84       0x14 common/built-in.o
                0x000000008080dc84                usb_disable_asynch
 .text.usb_control_msg
                0x000000008080dc98       0x80 common/built-in.o
                0x000000008080dc98                usb_control_msg
 .text.usb_get_descriptor
                0x000000008080dd18       0x36 common/built-in.o
 *fill*         0x000000008080dd4e        0x2 
 .text.get_descriptor_len
                0x000000008080dd50       0x60 common/built-in.o
 .text.usb_setup_descriptor
                0x000000008080ddb0       0x84 common/built-in.o
 .text.usb_get_string
                0x000000008080de34       0x50 common/built-in.o
 .text.usb_string_sub
                0x000000008080de84       0x90 common/built-in.o
 .text.usb_bulk_msg
                0x000000008080df14       0x48 common/built-in.o
                0x000000008080df14                usb_bulk_msg
 .text.usb_maxpacket
                0x000000008080df5c       0x14 common/built-in.o
                0x000000008080df5c                usb_maxpacket
 .text.usb_clear_halt
                0x000000008080df70       0x5c common/built-in.o
                0x000000008080df70                usb_clear_halt
 .text.usb_get_configuration_len
                0x000000008080dfcc       0x50 common/built-in.o
                0x000000008080dfcc                usb_get_configuration_len
 .text.usb_get_configuration_no
                0x000000008080e01c       0x1c common/built-in.o
                0x000000008080e01c                usb_get_configuration_no
 .text.usb_set_interface
                0x000000008080e038       0x78 common/built-in.o
                0x000000008080e038                usb_set_interface
 .text.usb_string
                0x000000008080e0b0       0x9c common/built-in.o
                0x000000008080e0b0                usb_string
 .text.usb_get_dev_index
                0x000000008080e14c       0x18 common/built-in.o
                0x000000008080e14c                usb_get_dev_index
 .text.usb_alloc_new_device
                0x000000008080e164       0x68 common/built-in.o
                0x000000008080e164                usb_alloc_new_device
 .text.usb_free_device
                0x000000008080e1cc       0x30 common/built-in.o
                0x000000008080e1cc                usb_free_device
 .text.usb_alloc_device
                0x000000008080e1fc        0x4 common/built-in.o
                0x000000008080e1fc                usb_alloc_device
 .text.usb_select_config
                0x000000008080e200      0x318 common/built-in.o
                0x000000008080e200                usb_select_config
 .text.usb_setup_device
                0x000000008080e518       0xac common/built-in.o
                0x000000008080e518                usb_setup_device
 .text.usb_new_device
                0x000000008080e5c4       0x1e common/built-in.o
                0x000000008080e5c4                usb_new_device
 *fill*         0x000000008080e5e2        0x2 
 .text.usb_init
                0x000000008080e5e4       0xd8 common/built-in.o
                0x000000008080e5e4                usb_init
 .text.board_usb_init
                0x000000008080e6bc        0x4 common/built-in.o
                0x000000008080e6bc                board_usb_init
 .text.board_usb_cleanup
                0x000000008080e6c0        0x4 common/built-in.o
                0x000000008080e6c0                board_usb_cleanup
 .text.usb_device_has_child_on_port
                0x000000008080e6c4       0x10 common/built-in.o
                0x000000008080e6c4                usb_device_has_child_on_port
 .text.usb_find_usb2_hub_address_port
                0x000000008080e6d4       0x38 common/built-in.o
                0x000000008080e6d4                usb_find_usb2_hub_address_port
 .text.usb_set_port_feature
                0x000000008080e70c       0x2e common/built-in.o
 .text.usb_clear_port_feature
                0x000000008080e73a       0x2e common/built-in.o
 .text.usb_get_hub_descriptor
                0x000000008080e768       0x44 common/built-in.o
 .text.usb_hub_reset_devices
                0x000000008080e7ac        0x2 common/built-in.o
                0x000000008080e7ac                usb_hub_reset_devices
 .text.usb_get_port_status
                0x000000008080e7ae       0x30 common/built-in.o
                0x000000008080e7ae                usb_get_port_status
 *fill*         0x000000008080e7de        0x2 
 .text.usb_hub_reset
                0x000000008080e7e0       0x18 common/built-in.o
                0x000000008080e7e0                usb_hub_reset
 .text.usb_hub_port_connect_change
                0x000000008080e7f8      0x13c common/built-in.o
                0x000000008080e7f8                usb_hub_port_connect_change
 .text.usb_hub_configure
                0x000000008080e934      0x3cc common/built-in.o
 .text.usb_hub_probe
                0x000000008080ed00       0x3a common/built-in.o
                0x000000008080ed00                usb_hub_probe
 .text.usb_stor_irq
                0x000000008080ed3a       0x10 common/built-in.o
 .text.usb_stor_BBB_reset
                0x000000008080ed4a       0xac common/built-in.o
 *fill*         0x000000008080edf6        0x2 
 .text.usb_stor_CB_reset
                0x000000008080edf8       0x8c common/built-in.o
 .text.usb_stor_BBB_clear_endpt_stall.isra.3
                0x000000008080ee84       0x2c common/built-in.o
 .text.usb_stor_BBB_transport
                0x000000008080eeb0      0x1d0 common/built-in.o
 .text.usb_stor_CB_comdat
                0x000000008080f080      0x154 common/built-in.o
 .text.usb_stor_CBI_get_status.isra.5
                0x000000008080f1d4       0x88 common/built-in.o
 .text.usb_stor_CB_transport
                0x000000008080f25c      0x154 common/built-in.o
 .text.usb_request_sense.constprop.11
                0x000000008080f3b0       0x4c common/built-in.o
 .text.usb_stor_read
                0x000000008080f3fc       0xf4 common/built-in.o
 .text.usb_stor_write
                0x000000008080f4f0       0xf4 common/built-in.o
 .text.usb_stor_info
                0x000000008080f5e4       0x4c common/built-in.o
                0x000000008080f5e4                usb_stor_info
 .text.usb_storage_probe
                0x000000008080f630      0x15c common/built-in.o
                0x000000008080f630                usb_storage_probe
 .text.usb_stor_get_info
                0x000000008080f78c      0x22c common/built-in.o
                0x000000008080f78c                usb_stor_get_info
 .text.usb_stor_scan
                0x000000008080f9b8      0x148 common/built-in.o
                0x000000008080f9b8                usb_stor_scan
 .text.menu_display_statusline
                0x000000008080fb00        0x2 common/built-in.o
                0x000000008080fb00                menu_display_statusline
 .text.menu_default_set
                0x000000008080fb02       0x4a common/built-in.o
                0x000000008080fb02                menu_default_set
 .text.menu_get_choice
                0x000000008080fb4c      0x134 common/built-in.o
                0x000000008080fb4c                menu_get_choice
 .text.menu_item_add
                0x000000008080fc80       0x7c common/built-in.o
                0x000000008080fc80                menu_item_add
 .text.menu_create
                0x000000008080fcfc       0x52 common/built-in.o
                0x000000008080fcfc                menu_create
 .text.menu_destroy
                0x000000008080fd4e       0x44 common/built-in.o
                0x000000008080fd4e                menu_destroy
 *fill*         0x000000008080fd92        0x2 
 .text.update_tftp
                0x000000008080fd94      0x21c common/built-in.o
                0x000000008080fd94                update_tftp
 .text.delete_char.part.0
                0x000000008080ffb0       0x84 common/built-in.o
 .text.cread_add_char
                0x0000000080810034       0x80 common/built-in.o
 .text.cli_readline_into_buffer
                0x00000000808100b4      0x660 common/built-in.o
                0x00000000808100b4                cli_readline_into_buffer
 .text.cli_readline
                0x0000000080810714       0x10 common/built-in.o
                0x0000000080810714                cli_readline
 .text.cli_simple_process_macros
                0x0000000080810724      0x126 common/built-in.o
                0x0000000080810724                cli_simple_process_macros
 *fill*         0x000000008081084a        0x2 
 .text.console_setfile
                0x000000008081084c       0x74 common/built-in.o
 .text.fgetc    0x00000000808108c0       0x18 common/built-in.o
                0x00000000808108c0                fgetc
 .text.getc     0x00000000808108d8       0x1a common/built-in.o
                0x00000000808108d8                getc
 *fill*         0x00000000808108f2        0x2 
 .text.ftstc    0x00000000808108f4       0x18 common/built-in.o
                0x00000000808108f4                ftstc
 .text.tstc     0x000000008081090c       0x1a common/built-in.o
                0x000000008081090c                tstc
 *fill*         0x0000000080810926        0x2 
 .text.fputc    0x0000000080810928       0x14 common/built-in.o
                0x0000000080810928                fputc
 .text.putc     0x000000008081093c       0x1c common/built-in.o
                0x000000008081093c                putc
 .text.fputs    0x0000000080810958       0x14 common/built-in.o
                0x0000000080810958                fputs
 .text.puts     0x000000008081096c       0x1c common/built-in.o
                0x000000008081096c                puts
 .text.ctrlc    0x0000000080810988       0x38 common/built-in.o
                0x0000000080810988                ctrlc
 .text.disable_ctrlc
                0x00000000808109c0       0x10 common/built-in.o
                0x00000000808109c0                disable_ctrlc
 .text.had_ctrlc
                0x00000000808109d0        0xc common/built-in.o
                0x00000000808109d0                had_ctrlc
 .text.clear_ctrlc
                0x00000000808109dc        0xc common/built-in.o
                0x00000000808109dc                clear_ctrlc
 .text.search_device
                0x00000000808109e8       0x16 common/built-in.o
                0x00000000808109e8                search_device
 .text.console_assign
                0x00000000808109fe       0x2a common/built-in.o
                0x00000000808109fe                console_assign
 .text.on_console
                0x0000000080810a28       0x6c common/built-in.o
 .text.console_init_f
                0x0000000080810a94        0xa common/built-in.o
                0x0000000080810a94                console_init_f
 *fill*         0x0000000080810a9e        0x2 
 .text.console_init_r
                0x0000000080810aa0       0x8c common/built-in.o
                0x0000000080810aa0                console_init_r
 .text.sbrk     0x0000000080810b2c       0x40 common/built-in.o
                0x0000000080810b2c                sbrk
 .text.mem_malloc_init
                0x0000000080810b6c       0x28 common/built-in.o
                0x0000000080810b6c                mem_malloc_init
 .text.malloc_trim
                0x0000000080810b94       0x84 common/built-in.o
                0x0000000080810b94                malloc_trim
 .text.free     0x0000000080810c18      0x164 common/built-in.o
                0x0000000080810c18                free
 .text.malloc   0x0000000080810d7c      0x41c common/built-in.o
                0x0000000080810d7c                malloc
 .text.calloc   0x0000000080811198       0xb8 common/built-in.o
                0x0000000080811198                calloc
 .text.realloc  0x0000000080811250      0x2d0 common/built-in.o
                0x0000000080811250                realloc
 .text.memalign
                0x0000000080811520      0x10a common/built-in.o
                0x0000000080811520                memalign
 .text.initf_malloc
                0x000000008081162a       0x14 common/built-in.o
                0x000000008081162a                initf_malloc
 .text.malloc_simple
                0x000000008081163e       0x28 common/built-in.o
                0x000000008081163e                malloc_simple
 *fill*         0x0000000080811666        0x2 
 .text.on_loadaddr
                0x0000000080811668       0x20 common/built-in.o
 .text.image_check_hcrc
                0x0000000080811688       0x2a common/built-in.o
                0x0000000080811688                image_check_hcrc
 .text.image_check_dcrc
                0x00000000808116b2       0x22 common/built-in.o
                0x00000000808116b2                image_check_dcrc
 .text.image_multi_count
                0x00000000808116d4       0x12 common/built-in.o
                0x00000000808116d4                image_multi_count
 .text.image_multi_getimg
                0x00000000808116e6       0x4c common/built-in.o
                0x00000000808116e6                image_multi_getimg
 *fill*         0x0000000080811732        0x2 
 .text.env_get_bootm_low
                0x0000000080811734       0x20 common/built-in.o
                0x0000000080811734                env_get_bootm_low
 .text.env_get_bootm_size
                0x0000000080811754       0x44 common/built-in.o
                0x0000000080811754                env_get_bootm_size
 .text.env_get_bootm_mapsize
                0x0000000080811798       0x20 common/built-in.o
                0x0000000080811798                env_get_bootm_mapsize
 .text.memmove_wd
                0x00000000808117b8       0x4c common/built-in.o
                0x00000000808117b8                memmove_wd
 .text.genimg_print_size
                0x0000000080811804       0x24 common/built-in.o
                0x0000000080811804                genimg_print_size
 .text.genimg_print_time
                0x0000000080811828       0x2c common/built-in.o
                0x0000000080811828                genimg_print_time
 .text.get_table_entry
                0x0000000080811854       0x12 common/built-in.o
                0x0000000080811854                get_table_entry
 .text.get_table_entry_name
                0x0000000080811866       0x12 common/built-in.o
                0x0000000080811866                get_table_entry_name
 .text.genimg_get_os_name
                0x0000000080811878       0x14 common/built-in.o
                0x0000000080811878                genimg_get_os_name
 .text.genimg_get_arch_name
                0x000000008081188c       0x14 common/built-in.o
                0x000000008081188c                genimg_get_arch_name
 .text.genimg_get_type_name
                0x00000000808118a0       0x14 common/built-in.o
                0x00000000808118a0                genimg_get_type_name
 .text.genimg_get_comp_name
                0x00000000808118b4       0x14 common/built-in.o
                0x00000000808118b4                genimg_get_comp_name
 .text.image_print_contents
                0x00000000808118c8      0x128 common/built-in.o
                0x00000000808118c8                image_print_contents
 .text.get_table_entry_id
                0x00000000808119f0       0x26 common/built-in.o
                0x00000000808119f0                get_table_entry_id
 *fill*         0x0000000080811a16        0x2 
 .text.genimg_get_os_id
                0x0000000080811a18       0x14 common/built-in.o
                0x0000000080811a18                genimg_get_os_id
 .text.genimg_get_arch_id
                0x0000000080811a2c       0x14 common/built-in.o
                0x0000000080811a2c                genimg_get_arch_id
 .text.genimg_get_type_id
                0x0000000080811a40       0x14 common/built-in.o
                0x0000000080811a40                genimg_get_type_id
 .text.genimg_get_comp_id
                0x0000000080811a54       0x14 common/built-in.o
                0x0000000080811a54                genimg_get_comp_id
 .text.genimg_get_kernel_addr_fit
                0x0000000080811a68       0x3c common/built-in.o
                0x0000000080811a68                genimg_get_kernel_addr_fit
 .text.genimg_get_kernel_addr
                0x0000000080811aa4       0x18 common/built-in.o
                0x0000000080811aa4                genimg_get_kernel_addr
 .text.genimg_get_format
                0x0000000080811abc       0x30 common/built-in.o
                0x0000000080811abc                genimg_get_format
 .text.genimg_has_config
                0x0000000080811aec        0xa common/built-in.o
                0x0000000080811aec                genimg_has_config
 *fill*         0x0000000080811af6        0x2 
 .text.boot_get_ramdisk
                0x0000000080811af8      0x274 common/built-in.o
                0x0000000080811af8                boot_get_ramdisk
 .text.boot_ramdisk_high
                0x0000000080811d6c       0xc4 common/built-in.o
                0x0000000080811d6c                boot_ramdisk_high
 .text.boot_get_setup
                0x0000000080811e30        0x4 common/built-in.o
                0x0000000080811e30                boot_get_setup
 .text.boot_get_loadable
                0x0000000080811e34       0xe8 common/built-in.o
                0x0000000080811e34                boot_get_loadable
 .text.image_setup_linux
                0x0000000080811f1c       0x3e common/built-in.o
                0x0000000080811f1c                image_setup_linux
 *fill*         0x0000000080811f5a        0x2 
 .text.android_image_get_kernel
                0x0000000080811f5c      0x160 common/built-in.o
                0x0000000080811f5c                android_image_get_kernel
 .text.android_image_check_header
                0x00000000808120bc       0x10 common/built-in.o
                0x00000000808120bc                android_image_check_header
 .text.android_image_get_end
                0x00000000808120cc       0x78 common/built-in.o
                0x00000000808120cc                android_image_get_end
 .text.android_image_get_kload
                0x0000000080812144       0x40 common/built-in.o
                0x0000000080812144                android_image_get_kload
 .text.android_image_get_ramdisk
                0x0000000080812184       0xa4 common/built-in.o
                0x0000000080812184                android_image_get_ramdisk
 .text.android_print_contents
                0x0000000080812228      0x1a4 common/built-in.o
                0x0000000080812228                android_print_contents
 .text.fdt_error
                0x00000000808123cc       0x24 common/built-in.o
 .text.boot_fdt_add_mem_rsv_regions
                0x00000000808123f0       0x5c common/built-in.o
                0x00000000808123f0                boot_fdt_add_mem_rsv_regions
 .text.boot_relocate_fdt
                0x000000008081244c      0x110 common/built-in.o
                0x000000008081244c                boot_relocate_fdt
 .text.boot_get_fdt
                0x000000008081255c      0x254 common/built-in.o
                0x000000008081255c                boot_get_fdt
 .text.ft_verify_fdt
                0x00000000808127b0        0x4 common/built-in.o
                0x00000000808127b0                ft_verify_fdt
 .text.image_setup_libfdt
                0x00000000808127b4       0xb0 common/built-in.o
                0x00000000808127b4                image_setup_libfdt
 .text.fit_image_get_address
                0x0000000080812864       0x3c common/built-in.o
 .text.fit_parse_conf
                0x00000000808128a0       0x3a common/built-in.o
                0x00000000808128a0                fit_parse_conf
 .text.fit_parse_subimage
                0x00000000808128da       0x3a common/built-in.o
                0x00000000808128da                fit_parse_subimage
 .text.fit_get_desc
                0x0000000080812914       0x20 common/built-in.o
                0x0000000080812914                fit_get_desc
 .text.fit_get_timestamp
                0x0000000080812934       0x30 common/built-in.o
                0x0000000080812934                fit_get_timestamp
 .text.fit_image_get_node
                0x0000000080812964       0x24 common/built-in.o
                0x0000000080812964                fit_image_get_node
 .text.fit_image_get_os
                0x0000000080812988       0x28 common/built-in.o
                0x0000000080812988                fit_image_get_os
 .text.fit_image_get_arch
                0x00000000808129b0       0x28 common/built-in.o
                0x00000000808129b0                fit_image_get_arch
 .text.fit_image_get_type
                0x00000000808129d8       0x28 common/built-in.o
                0x00000000808129d8                fit_image_get_type
 .text.fit_image_get_comp
                0x0000000080812a00       0x28 common/built-in.o
                0x0000000080812a00                fit_image_get_comp
 .text.fit_image_get_load
                0x0000000080812a28        0xc common/built-in.o
                0x0000000080812a28                fit_image_get_load
 .text.fit_image_get_entry
                0x0000000080812a34        0xc common/built-in.o
                0x0000000080812a34                fit_image_get_entry
 .text.fit_image_get_data
                0x0000000080812a40       0x28 common/built-in.o
                0x0000000080812a40                fit_image_get_data
 .text.fit_image_hash_get_algo
                0x0000000080812a68       0x20 common/built-in.o
                0x0000000080812a68                fit_image_hash_get_algo
 .text.fit_image_hash_get_value
                0x0000000080812a88       0x28 common/built-in.o
                0x0000000080812a88                fit_image_hash_get_value
 .text.fit_image_print_data
                0x0000000080812ab0      0x104 common/built-in.o
 .text.fit_image_print
                0x0000000080812bb4      0x284 common/built-in.o
                0x0000000080812bb4                fit_image_print
 .text.fit_get_end
                0x0000000080812e38        0x8 common/built-in.o
                0x0000000080812e38                fit_get_end
 .text.calculate_hash
                0x0000000080812e40       0xa8 common/built-in.o
                0x0000000080812e40                calculate_hash
 .text.fit_image_verify_with_data
                0x0000000080812ee8      0x134 common/built-in.o
                0x0000000080812ee8                fit_image_verify_with_data
 .text.fit_image_verify
                0x000000008081301c       0x50 common/built-in.o
                0x000000008081301c                fit_image_verify
 .text.fit_all_image_verify
                0x000000008081306c       0xa8 common/built-in.o
                0x000000008081306c                fit_all_image_verify
 .text.fit_image_check_os
                0x0000000080813114       0x20 common/built-in.o
                0x0000000080813114                fit_image_check_os
 .text.fit_image_check_arch
                0x0000000080813134       0x2c common/built-in.o
                0x0000000080813134                fit_image_check_arch
 .text.fit_image_check_type
                0x0000000080813160       0x20 common/built-in.o
                0x0000000080813160                fit_image_check_type
 .text.fit_image_check_comp
                0x0000000080813180       0x20 common/built-in.o
                0x0000000080813180                fit_image_check_comp
 .text.fit_check_format
                0x00000000808131a0       0x40 common/built-in.o
                0x00000000808131a0                fit_check_format
 .text.fit_conf_get_node
                0x00000000808131e0       0x7c common/built-in.o
                0x00000000808131e0                fit_conf_get_node
 .text.fit_conf_get_prop_node_index
                0x000000008081325c       0x20 common/built-in.o
                0x000000008081325c                fit_conf_get_prop_node_index
 .text.fit_conf_get_prop_node
                0x000000008081327c        0x6 common/built-in.o
                0x000000008081327c                fit_conf_get_prop_node
 *fill*         0x0000000080813282        0x2 
 .text.fit_conf_print
                0x0000000080813284      0x158 common/built-in.o
                0x0000000080813284                fit_conf_print
 .text.fit_print_contents
                0x00000000808133dc      0x178 common/built-in.o
                0x00000000808133dc                fit_print_contents
 .text.fit_get_node_from_config
                0x0000000080813554       0x2a common/built-in.o
                0x0000000080813554                fit_get_node_from_config
 *fill*         0x000000008081357e        0x2 
 .text.fit_image_load
                0x0000000080813580      0x3cc common/built-in.o
                0x0000000080813580                fit_image_load
 .text.boot_get_setup_fit
                0x000000008081394c       0x40 common/built-in.o
                0x000000008081394c                boot_get_setup_fit
 .text.boot_get_fdt_fit
                0x000000008081398c      0x1c8 common/built-in.o
                0x000000008081398c                boot_get_fdt_fit
 .text.get_ram_size
                0x0000000080813b54       0x92 common/built-in.o
                0x0000000080813b54                get_ram_size
 .text.get_effective_memsize
                0x0000000080813be6        0x6 common/built-in.o
                0x0000000080813be6                get_effective_memsize
 .text.stdio_serial_tstc
                0x0000000080813bec        0x4 common/built-in.o
 .text.stdio_serial_getc
                0x0000000080813bf0        0x4 common/built-in.o
 .text.stdio_serial_puts
                0x0000000080813bf4        0x6 common/built-in.o
 .text.stdio_serial_putc
                0x0000000080813bfa        0x6 common/built-in.o
 .text.stdio_get_list
                0x0000000080813c00        0x8 common/built-in.o
                0x0000000080813c00                stdio_get_list
 .text.stdio_get_by_name
                0x0000000080813c08       0x30 common/built-in.o
                0x0000000080813c08                stdio_get_by_name
 .text.stdio_clone
                0x0000000080813c38       0x22 common/built-in.o
                0x0000000080813c38                stdio_clone
 *fill*         0x0000000080813c5a        0x2 
 .text.stdio_register_dev
                0x0000000080813c5c       0x34 common/built-in.o
                0x0000000080813c5c                stdio_register_dev
 .text.stdio_register
                0x0000000080813c90        0x6 common/built-in.o
                0x0000000080813c90                stdio_register
 *fill*         0x0000000080813c96        0x2 
 .text.stdio_init_tables
                0x0000000080813c98       0x14 common/built-in.o
                0x0000000080813c98                stdio_init_tables
 .text.stdio_add_devices
                0x0000000080813cac       0x54 common/built-in.o
                0x0000000080813cac                stdio_add_devices
 .text.write_sparse_image
                0x0000000080813d00      0x288 common/built-in.o
                0x0000000080813d00                write_sparse_image
 .text.fb_mmc_sparse_write
                0x0000000080813f88        0xe common/built-in.o
 .text.fb_mmc_sparse_reserve
                0x0000000080813f96        0x4 common/built-in.o
 *fill*         0x0000000080813f9a        0x2 
 .text.part_get_info_by_name_or_alias
                0x0000000080813f9c       0x44 common/built-in.o
 .text.fb_mmc_flash_write
                0x0000000080813fe0      0x448 common/built-in.o
                0x0000000080813fe0                fb_mmc_flash_write
 .text.fb_mmc_erase
                0x0000000080814428       0xcc common/built-in.o
                0x0000000080814428                fb_mmc_erase
 .text.run_command
                0x00000000808144f4        0xe common/built-in.o
                0x00000000808144f4                run_command
 .text.run_command_list
                0x0000000080814502       0x46 common/built-in.o
                0x0000000080814502                run_command_list
 .text.do_run   0x0000000080814548       0x4c common/built-in.o
                0x0000000080814548                do_run
 .text.cli_loop
                0x0000000080814594        0x8 common/built-in.o
                0x0000000080814594                cli_loop
 .text.cli_init
                0x000000008081459c        0x4 common/built-in.o
                0x000000008081459c                cli_init
 .text.run_usb_dnl_gadget
                0x00000000808145a0       0xc4 common/built-in.o
                0x00000000808145a0                run_usb_dnl_gadget
 .text.find_cmd_tbl
                0x0000000080814664       0x60 common/built-in.o
                0x0000000080814664                find_cmd_tbl
 .text.find_cmd
                0x00000000808146c4       0x1c common/built-in.o
                0x00000000808146c4                find_cmd
 .text.cmd_usage
                0x00000000808146e0       0x3c common/built-in.o
                0x00000000808146e0                cmd_usage
 .text._do_help
                0x000000008081471c      0x108 common/built-in.o
                0x000000008081471c                _do_help
 .text.var_complete
                0x0000000080814824       0x48 common/built-in.o
                0x0000000080814824                var_complete
 .text.cmd_auto_complete
                0x000000008081486c      0x2e0 common/built-in.o
                0x000000008081486c                cmd_auto_complete
 .text.cmd_get_data_size
                0x0000000080814b4c       0x34 common/built-in.o
                0x0000000080814b4c                cmd_get_data_size
 .text.cmd_process
                0x0000000080814b80       0x94 common/built-in.o
                0x0000000080814b80                cmd_process
 .text.cmd_process_error
                0x0000000080814c14       0x18 common/built-in.o
                0x0000000080814c14                cmd_process_error
 .text.hex1_bin
                0x0000000080814c2c       0x2a common/built-in.o
 .text.hex2_bin
                0x0000000080814c56       0x24 common/built-in.o
 .text.srec_decode
                0x0000000080814c7a      0x17a common/built-in.o
                0x0000000080814c7a                srec_decode
 .text.CYGACC_COMM_IF_GETC_TIMEOUT.isra.0
                0x0000000080814df4       0x2e common/built-in.o
 .text.xyzModem_flush
                0x0000000080814e22       0x14 common/built-in.o
 *fill*         0x0000000080814e36        0x2 
 .text.xyzModem_get_hdr
                0x0000000080814e38      0x170 common/built-in.o
 .text.xyzModem_stream_open
                0x0000000080814fa8      0x170 common/built-in.o
                0x0000000080814fa8                xyzModem_stream_open
 .text.xyzModem_stream_read
                0x0000000080815118      0x1bc common/built-in.o
                0x0000000080815118                xyzModem_stream_read
 .text.xyzModem_stream_close
                0x00000000808152d4       0x40 common/built-in.o
                0x00000000808152d4                xyzModem_stream_close
 .text.xyzModem_stream_terminate
                0x0000000080815314       0x68 common/built-in.o
                0x0000000080815314                xyzModem_stream_terminate
 .text.xyzModem_error
                0x000000008081537c       0x18 common/built-in.o
                0x000000008081537c                xyzModem_error
 .text.part_driver_lookup_type
                0x0000000080815394       0x44 disk/built-in.o
 .text.blk_get_dev
                0x00000000808153d8       0x1c disk/built-in.o
                0x00000000808153d8                blk_get_dev
 .text.dev_print
                0x00000000808153f4      0x174 disk/built-in.o
                0x00000000808153f4                dev_print
 .text.part_init
                0x0000000080815568       0x2c disk/built-in.o
                0x0000000080815568                part_init
 .text.part_print
                0x0000000080815594       0xac disk/built-in.o
                0x0000000080815594                part_print
 .text.part_get_info
                0x0000000080815640       0x36 disk/built-in.o
                0x0000000080815640                part_get_info
 *fill*         0x0000000080815676        0x2 
 .text.part_get_info_whole_disk
                0x0000000080815678       0x38 disk/built-in.o
                0x0000000080815678                part_get_info_whole_disk
 .text.blk_get_device_by_str
                0x00000000808156b0       0xcc disk/built-in.o
                0x00000000808156b0                blk_get_device_by_str
 .text.blk_get_device_part_str
                0x000000008081577c      0x244 disk/built-in.o
                0x000000008081577c                blk_get_device_part_str
 .text.part_get_info_by_name_type
                0x00000000808159c0       0x48 disk/built-in.o
                0x00000000808159c0                part_get_info_by_name_type
 .text.part_get_info_by_name
                0x0000000080815a08        0x8 disk/built-in.o
                0x0000000080815a08                part_get_info_by_name
 .text.part_set_generic_name
                0x0000000080815a10       0x34 disk/built-in.o
                0x0000000080815a10                part_set_generic_name
 .text.test_block_type
                0x0000000080815a44       0x4c disk/built-in.o
 .text.print_partition_extended
                0x0000000080815a90      0x198 disk/built-in.o
 .text.part_print_dos
                0x0000000080815c28       0x20 disk/built-in.o
                0x0000000080815c28                part_print_dos
 .text.part_test_dos
                0x0000000080815c48       0x48 disk/built-in.o
 .text.part_get_info_extended
                0x0000000080815c90      0x1ec disk/built-in.o
 .text.part_get_info_dos
                0x0000000080815e7c       0x16 disk/built-in.o
                0x0000000080815e7c                part_get_info_dos
 .text.is_valid_dos_buf
                0x0000000080815e92       0x10 disk/built-in.o
                0x0000000080815e92                is_valid_dos_buf
 *fill*         0x0000000080815ea2        0x2 
 .text.write_mbr_partition
                0x0000000080815ea4       0x44 disk/built-in.o
                0x0000000080815ea4                write_mbr_partition
 .text.iso_dread
                0x0000000080815ee8       0x22 disk/built-in.o
                0x0000000080815ee8                iso_dread
 *fill*         0x0000000080815f0a        0x2 
 .text.part_get_info_iso_verb
                0x0000000080815f0c      0x25c disk/built-in.o
                0x0000000080815f0c                part_get_info_iso_verb
 .text.part_test_iso
                0x0000000080816168       0x14 disk/built-in.o
 .text.part_print_iso
                0x000000008081617c       0x60 disk/built-in.o
 .text.part_get_info_iso
                0x00000000808161dc        0x6 disk/built-in.o
 *fill*         0x00000000808161e2        0x2 
 .text.print_efiname
                0x00000000808161e4       0x38 disk/built-in.o
 .text.part_test_efi
                0x000000008081621c       0x76 disk/built-in.o
 *fill*         0x0000000080816292        0x2 
 .text.validate_gpt_entries
                0x0000000080816294       0x80 disk/built-in.o
 *fill*         0x0000000080816314        0x4 
 .text.validate_gpt_header
                0x0000000080816318      0x1a0 disk/built-in.o
 .text.is_gpt_valid
                0x00000000808164b8      0x1c0 disk/built-in.o
 .text.is_pte_valid
                0x0000000080816678       0x38 disk/built-in.o
 .text.part_print_efi
                0x00000000808166b0      0x1f8 disk/built-in.o
                0x00000000808166b0                part_print_efi
 .text.part_get_info_efi
                0x00000000808168a8      0x174 disk/built-in.o
                0x00000000808168a8                part_get_info_efi
 .text.get_disk_guid
                0x0000000080816a1c       0xa4 disk/built-in.o
                0x0000000080816a1c                get_disk_guid
 .text.write_gpt_table
                0x0000000080816ac0      0x384 disk/built-in.o
                0x0000000080816ac0                write_gpt_table
 .text.gpt_fill_pte
                0x0000000080816e44      0x290 disk/built-in.o
                0x0000000080816e44                gpt_fill_pte
 .text.gpt_fill_header
                0x00000000808170d4      0x180 disk/built-in.o
                0x00000000808170d4                gpt_fill_header
 .text.gpt_restore
                0x0000000080817254       0xc8 disk/built-in.o
                0x0000000080817254                gpt_restore
 .text.gpt_verify_headers
                0x000000008081731c       0x54 disk/built-in.o
                0x000000008081731c                gpt_verify_headers
 .text.gpt_verify_partitions
                0x0000000080817370      0x188 disk/built-in.o
                0x0000000080817370                gpt_verify_partitions
 .text.is_valid_gpt_buf
                0x00000000808174f8       0x4e disk/built-in.o
                0x00000000808174f8                is_valid_gpt_buf
 *fill*         0x0000000080817546        0x2 
 .text.write_mbr_and_gpt_partitions
                0x0000000080817548      0x2e4 disk/built-in.o
                0x0000000080817548                write_mbr_and_gpt_partitions
 .text.device_bind_common.isra.0
                0x000000008081782c      0x1e8 drivers/built-in.o
 .text.alloc_priv
                0x0000000080817a14       0x38 drivers/built-in.o
 .text.device_bind_by_name
                0x0000000080817a4c       0x44 drivers/built-in.o
                0x0000000080817a4c                device_bind_by_name
 .text.device_probe
                0x0000000080817a90      0x140 drivers/built-in.o
                0x0000000080817a90                device_probe
 .text.dev_get_platdata
                0x0000000080817bd0       0x20 drivers/built-in.o
                0x0000000080817bd0                dev_get_platdata
 .text.dev_get_priv
                0x0000000080817bf0       0x20 drivers/built-in.o
                0x0000000080817bf0                dev_get_priv
 .text.dev_get_uclass_priv
                0x0000000080817c10       0x20 drivers/built-in.o
                0x0000000080817c10                dev_get_uclass_priv
 .text.devfdt_get_addr
                0x0000000080817c30        0x6 drivers/built-in.o
                0x0000000080817c30                devfdt_get_addr
 *fill*         0x0000000080817c36        0x2 
 .text.lists_driver_lookup_name
                0x0000000080817c38       0x2c drivers/built-in.o
                0x0000000080817c38                lists_driver_lookup_name
 .text.lists_uclass_lookup
                0x0000000080817c64       0x20 drivers/built-in.o
                0x0000000080817c64                lists_uclass_lookup
 .text.lists_bind_drivers
                0x0000000080817c84       0x58 drivers/built-in.o
                0x0000000080817c84                lists_bind_drivers
 .text.dm_root  0x0000000080817cdc       0x1c drivers/built-in.o
                0x0000000080817cdc                dm_root
 .text.dm_init  0x0000000080817cf8       0x44 drivers/built-in.o
                0x0000000080817cf8                dm_init
 .text.dm_remove_devices_flags
                0x0000000080817d3c       0x12 drivers/built-in.o
                0x0000000080817d3c                dm_remove_devices_flags
 *fill*         0x0000000080817d4e        0x2 
 .text.dm_scan_platdata
                0x0000000080817d50       0x20 drivers/built-in.o
                0x0000000080817d50                dm_scan_platdata
 .text.dm_scan_other
                0x0000000080817d70        0x4 drivers/built-in.o
                0x0000000080817d70                dm_scan_other
 .text.dm_init_and_scan
                0x0000000080817d74       0x20 drivers/built-in.o
                0x0000000080817d74                dm_init_and_scan
 .text.uclass_find
                0x0000000080817d94       0x2e drivers/built-in.o
                0x0000000080817d94                uclass_find
 .text.uclass_get
                0x0000000080817dc2       0xa8 drivers/built-in.o
                0x0000000080817dc2                uclass_get
 .text.uclass_find_device
                0x0000000080817e6a       0x42 drivers/built-in.o
                0x0000000080817e6a                uclass_find_device
 .text.uclass_find_first_device
                0x0000000080817eac       0x22 drivers/built-in.o
                0x0000000080817eac                uclass_find_first_device
 .text.uclass_find_next_device