mmc.c:1485:12:mmc_set_ios	0	static
mmc.c:859:12:mmc_set_capacity	32	static
mmc.c:60:12:board_mmc_getwp	0	static
mmc.c:65:5:mmc_getwp	8	static
mmc.c:81:12:board_mmc_getcd	0	static
mmc.c:216:5:mmc_send_cmd	0	static
mmc.c:473:12:mmc_go_idle	40	static
mmc.c:636:12:mmc_send_op_cond_iter	40	static
mmc.c:725:12:mmc_send_ext_csd	56	static
mmc.c:1714:12:mmc_read_and_compare_ext_csd	592	static
mmc.c:228:5:mmc_send_status	56	static
mmc.c:273:5:mmc_set_blocklen	48	static
mmc.c:419:7:mmc_bread	80	static
mmc.c:746:5:mmc_switch	48	static
mmc.c:1936:12:mmc_startup_v4	624	static
mmc.c:775:12:mmc_set_card_speed	592	static
mmc.c:919:5:mmc_switch_part	24	static
mmc.c:1140:5:mmc_getcd	8	static
mmc.c:1496:5:mmc_set_clock	4	static
mmc.c:2115:12:mmc_startup	424	static
mmc.c:2380:13:board_mmc_power_init	0	static
mmc.c:2478:5:mmc_start_init	56	static
mmc.c:2607:5:mmc_init	16	static
mmc.c:2632:5:mmc_set_dsr	0	static
mmc.c:2639:12:cpu_mmc_init	0	static
mmc.c:2645:12:board_mmc_init	0	static
mmc.c:2650:6:mmc_set_preinit	0	static
mmc.c:2694:5:mmc_initialize	8	static
