Archive member included to satisfy reference by file (symbol)

arch/arm/lib/lib.a(lib1funcs.o)
                              arch/arm/mach-omap2/built-in.o (__aeabi_uidiv)
arch/arm/lib/lib.a(div0.o)    arch/arm/lib/lib.a(lib1funcs.o) (__div0)

Discarded input sections

 .data          0x0000000000000000        0x0 arch/arm/cpu/armv7/start.o
 .bss           0x0000000000000000        0x0 arch/arm/cpu/armv7/start.o
 .text.get_dpll_mpu_params
                0x0000000000000000        0x8 arch/arm/mach-omap2/built-in.o
 .text.set_mpu_spreadspectrum
                0x0000000000000000       0xc0 arch/arm/mach-omap2/built-in.o
 .text.do_disable_clocks
                0x0000000000000000       0x6c arch/arm/mach-omap2/built-in.o
 .text.scale_vcores
                0x0000000000000000        0x2 arch/arm/mach-omap2/built-in.o
 .text.rtc_only_prcm_init
                0x0000000000000000       0x1c arch/arm/mach-omap2/built-in.o
 .text.get_cpu_rev
                0x0000000000000000       0x10 arch/arm/mach-omap2/built-in.o
 .text.get_cpu_type
                0x0000000000000000       0x14 arch/arm/mach-omap2/built-in.o
 .text.get_sysboot_value
                0x0000000000000000       0x14 arch/arm/mach-omap2/built-in.o
 .text.print_cpuinfo
                0x0000000000000000       0x90 arch/arm/mach-omap2/built-in.o
 .text.am335x_get_mpu_vdd
                0x0000000000000000       0x20 arch/arm/mach-omap2/built-in.o
 .text.dram_init
                0x0000000000000000       0x1a arch/arm/mach-omap2/built-in.o
 .text.arch_cpu_init_dm
                0x0000000000000000        0xe arch/arm/mach-omap2/built-in.o
 .text.set_uart_mux_conf
                0x0000000000000000        0x2 arch/arm/mach-omap2/built-in.o
 .text.set_mux_conf_regs
                0x0000000000000000        0x2 arch/arm/mach-omap2/built-in.o
 .text.ft_cpu_setup
                0x0000000000000000        0x2 arch/arm/mach-omap2/built-in.o
 .text.clk_synthesizer_reg_write
                0x0000000000000000       0x38 arch/arm/mach-omap2/built-in.o
 .text.setup_clock_synthesizer
                0x0000000000000000       0x94 arch/arm/mach-omap2/built-in.o
 .text.warm_reset
                0x0000000000000000       0x1c arch/arm/mach-omap2/built-in.o
 .text.setup_warmreset_time
                0x0000000000000000        0x2 arch/arm/mach-omap2/built-in.o
 .text.get_ticks
                0x0000000000000000        0xa arch/arm/mach-omap2/built-in.o
 .text.get_tbclk
                0x0000000000000000        0x6 arch/arm/mach-omap2/built-in.o
 .text.do_cancel_out
                0x0000000000000000       0x44 arch/arm/mach-omap2/built-in.o
 .text.omap_set_fastboot_vars
                0x0000000000000000      0x148 arch/arm/mach-omap2/built-in.o
 .text.cancel_out
                0x0000000000000000       0x62 arch/arm/mach-omap2/built-in.o
 .text.omap_die_id
                0x0000000000000000        0xc arch/arm/mach-omap2/built-in.o
 .text.omap_die_id_serial
                0x0000000000000000       0x4c arch/arm/mach-omap2/built-in.o
 .text.omap_die_id_get_board_serial
                0x0000000000000000       0x24 arch/arm/mach-omap2/built-in.o
 .text.omap_die_id_usbethaddr
                0x0000000000000000       0x6c arch/arm/mach-omap2/built-in.o
 .text.omap_die_id_display
                0x0000000000000000       0x2c arch/arm/mach-omap2/built-in.o
 .text.get_device_type
                0x0000000000000000       0x18 arch/arm/mach-omap2/built-in.o
 .text.enable_caches
                0x0000000000000000       0x14 arch/arm/mach-omap2/built-in.o
 .text.dram_bank_mmu_setup
                0x0000000000000000       0x26 arch/arm/mach-omap2/built-in.o
 .text.arm_init_domains
                0x0000000000000000       0x16 arch/arm/mach-omap2/built-in.o
 .text.fb_set_reboot_flag
                0x0000000000000000       0x24 arch/arm/mach-omap2/built-in.o
 .text.enable_gpmc_cs_config
                0x0000000000000000       0x6c arch/arm/mach-omap2/built-in.o
 .text.set_gpmc_cs0
                0x0000000000000000       0x18 arch/arm/mach-omap2/built-in.o
 .text.gpmc_init
                0x0000000000000000       0x50 arch/arm/mach-omap2/built-in.o
 .rodata.cmdpll
                0x0000000000000000        0x4 arch/arm/mach-omap2/built-in.o
 .rodata.cmper  0x0000000000000000        0x4 arch/arm/mach-omap2/built-in.o
 .rodata.cmrtc  0x0000000000000000        0x4 arch/arm/mach-omap2/built-in.o
 .rodata.dpll_core_opp100
                0x0000000000000000       0x10 arch/arm/mach-omap2/built-in.o
 .rodata.dpll_disp_regs
                0x0000000000000000       0x24 arch/arm/mach-omap2/built-in.o
 .rodata.set_mpu_spreadspectrum.str1.1
                0x0000000000000000       0x31 arch/arm/mach-omap2/built-in.o
 .rodata.do_disable_clocks.str1.1
                0x0000000000000000       0x2b arch/arm/mach-omap2/built-in.o
 .rodata.CSWTCH.9
                0x0000000000000000       0x4c arch/arm/mach-omap2/built-in.o
 .rodata.dev_types
[...]
Memory Configuration

Name             Origin             Length             Attributes
.sram            0x00000000402f0400 0x000000000001b000
.sdram           0x0000000080a00000 0x0000000000080000
*default*        0x0000000000000000 0xffffffffffffffff

Linker script and memory map


.text           0x00000000402f0400     0xda04
                0x00000000402f0400                __start = .
 *(.vectors)
 .vectors       0x00000000402f0400       0x44 arch/arm/lib/built-in.o
                0x00000000402f0400                _start
                0x00000000402f0420                _undefined_instruction
                0x00000000402f0424                _software_interrupt
                0x00000000402f0428                _prefetch_abort
                0x00000000402f042c                _data_abort
                0x00000000402f0430                _not_used
                0x00000000402f0434                _irq
                0x00000000402f0438                _fiq
 arch/arm/cpu/armv7/start.o(.text*)
 .text          0x00000000402f0444       0xb0 arch/arm/cpu/armv7/start.o
                0x00000000402f0444                reset
                0x00000000402f0448                save_boot_params_ret
                0x00000000402f0484                c_runtime_cpu_setup
                0x00000000402f0498                cpu_init_cp15
                0x00000000402f04ec                cpu_init_crit
 *(.text*)
 .text          0x00000000402f04f4       0x60 arch/arm/mach-omap2/built-in.o
                0x00000000402f04f4                save_boot_params
                0x00000000402f0500                omap_smc1
                0x00000000402f051c                omap_smc_sec
 .text.get_dpll_core_params
                0x00000000402f0554       0x14 arch/arm/mach-omap2/built-in.o
                0x00000000402f0554                get_dpll_core_params
 .text.get_dpll_per_params
                0x00000000402f0568       0x14 arch/arm/mach-omap2/built-in.o
                0x00000000402f0568                get_dpll_per_params
 .text.setup_clocks_for_console
                0x00000000402f057c       0x7c arch/arm/mach-omap2/built-in.o
                0x00000000402f057c                setup_clocks_for_console
 .text.enable_basic_clocks
                0x00000000402f05f8       0x44 arch/arm/mach-omap2/built-in.o
                0x00000000402f05f8                enable_basic_clocks
 .text.do_setup_dpll
                0x00000000402f063c       0xe0 arch/arm/mach-omap2/built-in.o
                0x00000000402f063c                do_setup_dpll
 .text.do_enable_clocks
                0x00000000402f071c       0x64 arch/arm/mach-omap2/built-in.o
                0x00000000402f071c                do_enable_clocks
 .text.setup_early_clocks
                0x00000000402f0780       0x12 arch/arm/mach-omap2/built-in.o
                0x00000000402f0780                setup_early_clocks
 *fill*         0x00000000402f0792        0x2 
 .text.prcm_init
                0x00000000402f0794       0x5c arch/arm/mach-omap2/built-in.o
                0x00000000402f0794                prcm_init
 .text.get_sys_clk_index
                0x00000000402f07f0       0x14 arch/arm/mach-omap2/built-in.o
                0x00000000402f07f0                get_sys_clk_index
 .text.am335x_get_efuse_mpu_max_freq
                0x00000000402f0804       0x74 arch/arm/mach-omap2/built-in.o
                0x00000000402f0804                am335x_get_efuse_mpu_max_freq
 .text.am335x_get_tps65910_mpu_vdd
                0x00000000402f0878       0x34 arch/arm/mach-omap2/built-in.o
                0x00000000402f0878                am335x_get_tps65910_mpu_vdd
 .text.configure_mr
                0x00000000402f08ac       0x88 arch/arm/mach-omap2/built-in.o
 .text.config_sdram_emif4d5
                0x00000000402f0934      0x15c arch/arm/mach-omap2/built-in.o
                0x00000000402f0934                config_sdram_emif4d5
 .text.config_sdram
                0x00000000402f0a90       0x80 arch/arm/mach-omap2/built-in.o
                0x00000000402f0a90                config_sdram
 .text.set_sdram_timings
                0x00000000402f0b10       0x3c arch/arm/mach-omap2/built-in.o
                0x00000000402f0b10                set_sdram_timings
 .text.config_ddr_phy
                0x00000000402f0b4c      0x1ac arch/arm/mach-omap2/built-in.o
                0x00000000402f0b4c                config_ddr_phy
 .text.config_cmd_ctrl
                0x00000000402f0cf8       0x44 arch/arm/mach-omap2/built-in.o
                0x00000000402f0cf8                config_cmd_ctrl
 .text.config_ddr_data
                0x00000000402f0d3c       0x4c arch/arm/mach-omap2/built-in.o
                0x00000000402f0d3c                config_ddr_data
 .text.config_io_ctrl
                0x00000000402f0d88       0x34 arch/arm/mach-omap2/built-in.o
                0x00000000402f0d88                config_io_ctrl
 .text.ddr_pll_config
                0x00000000402f0dbc        0x2 arch/arm/mach-omap2/built-in.o
                0x00000000402f0dbc                ddr_pll_config
 *fill*         0x00000000402f0dbe        0x2 
 .text.config_ddr
                0x00000000402f0dc0       0xb4 arch/arm/mach-omap2/built-in.o
                0x00000000402f0dc0                config_ddr
 .text.am33xx_otg0_set_phy_power
                0x00000000402f0e74       0x20 arch/arm/mach-omap2/built-in.o
 .text.am33xx_otg1_set_phy_power
                0x00000000402f0e94       0x20 arch/arm/mach-omap2/built-in.o
 .text.dram_init_banksize
                0x00000000402f0eb4       0x18 arch/arm/mach-omap2/built-in.o
                0x00000000402f0eb4                dram_init_banksize
 .text.cpu_mmc_init
                0x00000000402f0ecc       0x28 arch/arm/mach-omap2/built-in.o
                0x00000000402f0ecc                cpu_mmc_init
 .text.arch_misc_init
                0x00000000402f0ef4       0x34 arch/arm/mach-omap2/built-in.o
                0x00000000402f0ef4                arch_misc_init
 .text.board_early_init_f
                0x00000000402f0f28        0xe arch/arm/mach-omap2/built-in.o
                0x00000000402f0f28                board_early_init_f
 .text.am33xx_spl_board_init
                0x00000000402f0f36        0x2 arch/arm/mach-omap2/built-in.o
                0x00000000402f0f36                am33xx_spl_board_init
 .text.s_init   0x00000000402f0f38        0x2 arch/arm/mach-omap2/built-in.o
                0x00000000402f0f38                s_init
 *fill*         0x00000000402f0f3a        0x2 
 .text.early_system_init
                0x00000000402f0f3c       0x9c arch/arm/mach-omap2/built-in.o
                0x00000000402f0f3c                early_system_init
 .text.board_init_f
                0x00000000402f0fd8       0x24 arch/arm/mach-omap2/built-in.o
                0x00000000402f0fd8                board_init_f
 .text.configure_module_pin_mux
                0x00000000402f0ffc       0x20 arch/arm/mach-omap2/built-in.o
                0x00000000402f0ffc                configure_module_pin_mux
 .text.hw_data_init
                0x00000000402f101c       0x14 arch/arm/mach-omap2/built-in.o
                0x00000000402f101c                hw_data_init
 .text.reset_cpu
                0x00000000402f1030       0x10 arch/arm/mach-omap2/built-in.o
                0x00000000402f1030                reset_cpu
 .text.timer_init
                0x00000000402f1040       0x18 arch/arm/mach-omap2/built-in.o
                0x00000000402f1040                timer_init
 .text.__udelay
                0x00000000402f1058       0x34 arch/arm/mach-omap2/built-in.o
                0x00000000402f1058                __udelay
 .text.get_timer_masked
                0x00000000402f108c       0x54 arch/arm/mach-omap2/built-in.o
                0x00000000402f108c                get_timer_masked
 .text.get_timer
                0x00000000402f10e0        0xc arch/arm/mach-omap2/built-in.o
                0x00000000402f10e0                get_timer
 .text.omap_sys_boot_device
                0x00000000402f10ec        0x4 arch/arm/mach-omap2/built-in.o
                0x00000000402f10ec                omap_sys_boot_device
 .text.save_omap_boot_params
                0x00000000402f10f0       0x78 arch/arm/mach-omap2/built-in.o
                0x00000000402f10f0                save_omap_boot_params
 .text.spl_boot_device
                0x00000000402f1168        0x6 arch/arm/mach-omap2/built-in.o
                0x00000000402f1168                spl_boot_device
 .text.spl_boot_mode
                0x00000000402f116e        0x6 arch/arm/mach-omap2/built-in.o
                0x00000000402f116e                spl_boot_mode
 .text.spl_board_init
                0x00000000402f1174       0x24 arch/arm/mach-omap2/built-in.o
                0x00000000402f1174                spl_board_init
 .text.jump_to_image_no_args
                0x00000000402f1198       0x10 arch/arm/mach-omap2/built-in.o
                0x00000000402f1198                jump_to_image_no_args
 .text          0x00000000402f11a8      0x158 arch/arm/cpu/armv7/built-in.o
                0x00000000402f11a8                __v7_flush_dcache_all
                0x00000000402f1244                v7_flush_dcache_all
                0x00000000402f1254                __v7_invalidate_dcache_all
                0x00000000402f12f0                v7_invalidate_dcache_all
 .text.invalidate_icache_all
                0x00000000402f1300       0x14 arch/arm/cpu/armv7/built-in.o
                0x00000000402f1300                invalidate_icache_all
 .text.v7_outer_cache_disable
                0x00000000402f1314        0x2 arch/arm/cpu/armv7/built-in.o
                0x00000000402f1314                v7_outer_cache_disable
 .text.v7_outer_cache_flush_all
                0x00000000402f1316        0x2 arch/arm/cpu/armv7/built-in.o
                0x00000000402f1316                v7_outer_cache_flush_all
 .text.flush_dcache_all
                0x00000000402f1318        0xe arch/arm/cpu/armv7/built-in.o
                0x00000000402f1318                flush_dcache_all
 .text.v7_outer_cache_inval_all
                0x00000000402f1326        0x2 arch/arm/cpu/armv7/built-in.o
                0x00000000402f1326                v7_outer_cache_inval_all
 .text.invalidate_dcache_all
                0x00000000402f1328        0xe arch/arm/cpu/armv7/built-in.o
                0x00000000402f1328                invalidate_dcache_all
 .text.v7_outer_cache_flush_range
                0x00000000402f1336        0x2 arch/arm/cpu/armv7/built-in.o
                0x00000000402f1336                v7_outer_cache_flush_range
 .text.flush_dcache_range
                0x00000000402f1338       0x38 arch/arm/cpu/armv7/built-in.o
                0x00000000402f1338                flush_dcache_range
 .text.cpu_cache_initialization
                0x00000000402f1370        0x2 arch/arm/cpu/armv7/built-in.o
                0x00000000402f1370                cpu_cache_initialization
 .text.cleanup_before_linux_select
                0x00000000402f1372       0x38 arch/arm/cpu/armv7/built-in.o
                0x00000000402f1372                cleanup_before_linux_select
 .text.cleanup_before_linux
                0x00000000402f13aa        0x6 arch/arm/cpu/armv7/built-in.o
                0x00000000402f13aa                cleanup_before_linux
 .text.wait_on_value
                0x00000000402f13b0       0x1e arch/arm/cpu/armv7/built-in.o
                0x00000000402f13b0                wait_on_value
 *fill*         0x00000000402f13ce        0x2 
 .text.lowlevel_init
                0x00000000402f13d0       0x1c arch/arm/cpu/armv7/built-in.o
                0x00000000402f13d0                lowlevel_init
 *fill*         0x00000000402f13ec       0x14 
 .text          0x00000000402f1400      0x400 arch/arm/lib/built-in.o
                0x00000000402f1400                _main
                0x00000000402f1480                memset
                0x00000000402f1520                memcpy
 .text.jump_to_image_linux
                0x00000000402f1800       0x14 arch/arm/lib/built-in.o
                0x00000000402f1800                jump_to_image_linux
 .text.bootz_setup
                0x00000000402f1814       0x6c arch/arm/lib/built-in.o
                0x00000000402f1814                bootz_setup
 .text.arch_fixup_fdt
                0x00000000402f1880       0x24 arch/arm/lib/built-in.o
                0x00000000402f1880                arch_fixup_fdt
 .text.disable_interrupts
                0x00000000402f18a4        0x4 arch/arm/lib/built-in.o
                0x00000000402f18a4                disable_interrupts
 .text.reset_misc
                0x00000000402f18a8        0x2 arch/arm/lib/built-in.o
                0x00000000402f18a8                reset_misc
 *fill*         0x00000000402f18aa        0x2 
 .text.do_reset
                0x00000000402f18ac       0x28 arch/arm/lib/built-in.o
                0x00000000402f18ac                do_reset
 .text.check_cache_range
                0x00000000402f18d4       0x14 arch/arm/lib/built-in.o
                0x00000000402f18d4                check_cache_range
 .text.icache_enable
                0x00000000402f18e8       0x12 arch/arm/lib/built-in.o
                0x00000000402f18e8                icache_enable
 .text.icache_disable
                0x00000000402f18fa       0x16 arch/arm/lib/built-in.o
                0x00000000402f18fa                icache_disable
 .text.dcache_disable
                0x00000000402f1910       0x20 arch/arm/lib/built-in.o
                0x00000000402f1910                dcache_disable
 .text.enable_uart0_pin_mux
                0x00000000402f1930        0xc board/ti/am335x/built-in.o
                0x00000000402f1930                enable_uart0_pin_mux
 .text.enable_i2c0_pin_mux
                0x00000000402f193c        0xc board/ti/am335x/built-in.o
                0x00000000402f193c                enable_i2c0_pin_mux
 .text.enable_board_pin_mux
                0x00000000402f1948      0x158 board/ti/am335x/built-in.o
                0x00000000402f1948                enable_board_pin_mux
 .text.bone_not_connected_to_ac_power.part.0
                0x00000000402f1aa0       0x28 board/ti/am335x/built-in.o
 .text.do_board_detect
                0x00000000402f1ac8       0x2c board/ti/am335x/built-in.o
                0x00000000402f1ac8                do_board_detect
 .text.spl_start_uboot
                0x00000000402f1af4       0x30 board/ti/am335x/built-in.o
                0x00000000402f1af4                spl_start_uboot
 .text.get_dpll_ddr_params
                0x00000000402f1b24       0x90 board/ti/am335x/built-in.o
                0x00000000402f1b24                get_dpll_ddr_params
 .text.get_dpll_mpu_params
                0x00000000402f1bb4       0xac board/ti/am335x/built-in.o
                0x00000000402f1bb4                get_dpll_mpu_params
 .text.scale_vcores_generic
                0x00000000402f1c60       0x40 board/ti/am335x/built-in.o
                0x00000000402f1c60                scale_vcores_generic
 .text.gpi2c_init
                0x00000000402f1ca0       0x24 board/ti/am335x/built-in.o
                0x00000000402f1ca0                gpi2c_init
 .text.scale_vcores
                0x00000000402f1cc4      0x140 board/ti/am335x/built-in.o
                0x00000000402f1cc4                scale_vcores
 .text.set_uart_mux_conf
                0x00000000402f1e04        0x4 board/ti/am335x/built-in.o
                0x00000000402f1e04                set_uart_mux_conf
 .text.set_mux_conf_regs
                0x00000000402f1e08        0x4 board/ti/am335x/built-in.o
                0x00000000402f1e08                set_mux_conf_regs
 .text.sdram_init
                0x00000000402f1e0c      0x16c board/ti/am335x/built-in.o
                0x00000000402f1e0c                sdram_init
 .text.ti_eeprom_string_cleanup
                0x00000000402f1f78       0x22 board/ti/common/built-in.o
 .text.ti_i2c_eeprom_get
                0x00000000402f1f9a       0x9c board/ti/common/built-in.o
 *fill*         0x00000000402f2036        0x2 
 .text.ti_i2c_eeprom_am_get
                0x00000000402f2038       0xc0 board/ti/common/built-in.o
                0x00000000402f2038                ti_i2c_eeprom_am_get
 .text.board_ti_is
                0x00000000402f20f8       0x30 board/ti/common/built-in.o
                0x00000000402f20f8                board_ti_is
 .text.board_ti_get_rev
                0x00000000402f2128        0x8 board/ti/common/built-in.o
                0x00000000402f2128                board_ti_get_rev
 .text.board_ti_get_config
                0x00000000402f2130        0x8 board/ti/common/built-in.o
                0x00000000402f2130                board_ti_get_config
 .text.show_boot_progress
                0x00000000402f2138        0x2 common/spl/built-in.o
                0x00000000402f2138                show_boot_progress
 *fill*         0x00000000402f213a        0x2 
 .text.spl_fixup_fdt
                0x00000000402f213c       0x50 common/spl/built-in.o
                0x00000000402f213c                spl_fixup_fdt
 .text.spl_board_prepare_for_linux
                0x00000000402f218c        0x2 common/spl/built-in.o
                0x00000000402f218c                spl_board_prepare_for_linux
 .text.spl_board_prepare_for_boot
                0x00000000402f218e        0x2 common/spl/built-in.o
                0x00000000402f218e                spl_board_prepare_for_boot
 .text.spl_set_header_raw_uboot
                0x00000000402f2190       0x20 common/spl/built-in.o
                0x00000000402f2190                spl_set_header_raw_uboot
 .text.spl_parse_image_header
                0x00000000402f21b0       0x78 common/spl/built-in.o
                0x00000000402f21b0                spl_parse_image_header
 .text.spl_set_bd
                0x00000000402f2228       0x14 common/spl/built-in.o
                0x00000000402f2228                spl_set_bd
 .text.spl_early_init
                0x00000000402f223c       0x2c common/spl/built-in.o
                0x00000000402f223c                spl_early_init
 .text.spl_init
                0x00000000402f2268       0x2c common/spl/built-in.o
                0x00000000402f2268                spl_init
 .text.board_boot_order
                0x00000000402f2294        0xc common/spl/built-in.o
                0x00000000402f2294                board_boot_order
 .text.board_init_r
                0x00000000402f22a0       0xe4 common/spl/built-in.o
                0x00000000402f22a0                board_init_r
 .text.preloader_console_init
                0x00000000402f2384       0x24 common/spl/built-in.o
                0x00000000402f2384                preloader_console_init
 .text.spl_relocate_stack_gd
                0x00000000402f23a8       0x34 common/spl/built-in.o
                0x00000000402f23a8                spl_relocate_stack_gd
 .text.spl_ymodem_load_image
                0x00000000402f23dc       0xa4 common/spl/built-in.o
 .text.getcymodem
                0x00000000402f2480       0x16 common/spl/built-in.o
 *fill*         0x00000000402f2496        0x2 
 .text.mmc_load_image_raw_sector
                0x00000000402f2498       0x68 common/spl/built-in.o
 .text.spl_mmc_load_image
                0x00000000402f2500      0x190 common/spl/built-in.o
                0x00000000402f2500                spl_mmc_load_image
 .text.spl_load_image_fat
                0x00000000402f2690       0x84 common/spl/built-in.o
                0x00000000402f2690                spl_load_image_fat
 .text.spl_load_image_fat_os
                0x00000000402f2714       0xe4 common/spl/built-in.o
                0x00000000402f2714                spl_load_image_fat_os
 .text.spl_load_image_ext
                0x00000000402f27f8       0xdc common/spl/built-in.o
                0x00000000402f27f8                spl_load_image_ext
 .text.spl_load_image_ext_os
                0x00000000402f28d4      0x130 common/spl/built-in.o
                0x00000000402f28d4                spl_load_image_ext_os
 .text.board_init_f_alloc_reserve
                0x00000000402f2a04        0xa common/init/built-in.o
                0x00000000402f2a04                board_init_f_alloc_reserve
 .text.board_init_f_init_reserve
                0x00000000402f2a0e       0x14 common/init/built-in.o
                0x00000000402f2a0e                board_init_f_init_reserve
 .text.CYGACC_COMM_IF_GETC_TIMEOUT.isra.0
                0x00000000402f2a22       0x2e common/built-in.o
 .text.xyzModem_flush
                0x00000000402f2a50       0x14 common/built-in.o
 .text.xyzModem_get_hdr
                0x00000000402f2a64      0x170 common/built-in.o
 .text.xyzModem_stream_open
                0x00000000402f2bd4      0x170 common/built-in.o
                0x00000000402f2bd4                xyzModem_stream_open
 .text.xyzModem_stream_read
                0x00000000402f2d44      0x1bc common/built-in.o
                0x00000000402f2d44                xyzModem_stream_read
 .text.xyzModem_stream_close
                0x00000000402f2f00       0x40 common/built-in.o
                0x00000000402f2f00                xyzModem_stream_close
 .text.xyzModem_stream_terminate
                0x00000000402f2f40       0x68 common/built-in.o
                0x00000000402f2f40                xyzModem_stream_terminate
 .text.xyzModem_error
                0x00000000402f2fa8       0x18 common/built-in.o
                0x00000000402f2fa8                xyzModem_error
 .text.fdt_find_or_add_subnode
                0x00000000402f2fc0       0x40 common/built-in.o
                0x00000000402f2fc0                fdt_find_or_add_subnode
 .text.fdt_fixup_memory_banks
                0x00000000402f3000      0x15c common/built-in.o
                0x00000000402f3000                fdt_fixup_memory_banks
 .text.fdt_shrink_to_minimum
                0x00000000402f315c       0x8e common/built-in.o
                0x00000000402f315c                fdt_shrink_to_minimum
 *fill*         0x00000000402f31ea        0x2 
 .text.fgetc    0x00000000402f31ec       0x18 common/built-in.o
                0x00000000402f31ec                fgetc
 .text.getc     0x00000000402f3204       0x1a common/built-in.o
                0x00000000402f3204                getc
 *fill*         0x00000000402f321e        0x2 
 .text.ftstc    0x00000000402f3220       0x18 common/built-in.o
                0x00000000402f3220                ftstc
 .text.tstc     0x00000000402f3238       0x1a common/built-in.o
                0x00000000402f3238                tstc
 *fill*         0x00000000402f3252        0x2 
 .text.fputc    0x00000000402f3254       0x14 common/built-in.o
                0x00000000402f3254                fputc
 .text.putc     0x00000000402f3268       0x1c common/built-in.o
                0x00000000402f3268                putc
 .text.fputs    0x00000000402f3284       0x14 common/built-in.o
                0x00000000402f3284                fputs
 .text.puts     0x00000000402f3298       0x1c common/built-in.o
                0x00000000402f3298                puts
 .text.mem_malloc_init
                0x00000000402f32b4       0x28 common/built-in.o
                0x00000000402f32b4                mem_malloc_init
 .text.malloc_simple
                0x00000000402f32dc       0x28 common/built-in.o
                0x00000000402f32dc                malloc_simple
 .text.memalign_simple
                0x00000000402f3304       0x32 common/built-in.o
                0x00000000402f3304                memalign_simple
 .text.calloc   0x00000000402f3336       0x18 common/built-in.o
                0x00000000402f3336                calloc
 .text.get_ram_size
                0x00000000402f334e       0x92 common/built-in.o
                0x00000000402f334e                get_ram_size
 .text.envmatch
                0x00000000402f33e0       0x42 cmd/built-in.o
                0x00000000402f33e0                envmatch
 *fill*         0x00000000402f3422        0x2 
 .text.env_get_f
                0x00000000402f3424       0x98 cmd/built-in.o
                0x00000000402f3424                env_get_f
 .text.env_get  0x00000000402f34bc       0x54 cmd/built-in.o
                0x00000000402f34bc                env_get
 .text.env_get_yesno
                0x00000000402f3510       0x2a env/built-in.o
                0x00000000402f3510                env_get_yesno
 .text.env_get_default
                0x00000000402f353a       0x2a env/built-in.o
                0x00000000402f353a                env_get_default
 .text.set_default_env
                0x00000000402f3564       0x70 env/built-in.o
                0x00000000402f3564                set_default_env
 .text.env_import
                0x00000000402f35d4       0x80 env/built-in.o
                0x00000000402f35d4                env_import
 .text.env_import_redund
                0x00000000402f3654       0xf4 env/built-in.o
                0x00000000402f3654                env_import_redund
 .text.env_get_location
                0x00000000402f3748       0x28 env/built-in.o
                0x00000000402f3748                env_get_location
 .text.env_driver_lookup
                0x00000000402f3770       0x2c env/built-in.o
 .text.env_get_char_spec
                0x00000000402f379c        0x8 env/built-in.o
                0x00000000402f379c                env_get_char_spec
 .text.env_get_char
                0x00000000402f37a4       0x14 env/built-in.o
                0x00000000402f37a4                env_get_char
 .text.env_load
                0x00000000402f37b8       0x60 env/built-in.o
                0x00000000402f37b8                env_load
 .text.env_init
                0x00000000402f3818       0x58 env/built-in.o
                0x00000000402f3818                env_init
 .text.regex_callback
                0x00000000402f3870       0xc0 env/built-in.o
 .text.env_attr_walk
                0x00000000402f3930       0xa2 env/built-in.o
                0x00000000402f3930                env_attr_walk
 *fill*         0x00000000402f39d2        0x2 
 .text.env_attr_lookup
                0x00000000402f39d4       0x40 env/built-in.o
                0x00000000402f39d4                env_attr_lookup
 .text.skip_num
                0x00000000402f3a14       0x3c env/built-in.o
 .text.env_flags_parse_vartype
                0x00000000402f3a50       0x30 env/built-in.o
                0x00000000402f3a50                env_flags_parse_vartype
 .text.env_flags_parse_varaccess
                0x00000000402f3a80       0x30 env/built-in.o
                0x00000000402f3a80                env_flags_parse_varaccess
 .text.eth_validate_ethaddr_str
                0x00000000402f3ab0       0x50 env/built-in.o
                0x00000000402f3ab0                eth_validate_ethaddr_str
 .text.env_flags_init
                0x00000000402f3b00       0x90 env/built-in.o
                0x00000000402f3b00                env_flags_init
 .text.env_flags_validate
                0x00000000402f3b90      0x188 env/built-in.o
                0x00000000402f3b90                env_flags_validate
 .text.env_callback_init
                0x00000000402f3d18       0xa0 env/built-in.o
                0x00000000402f3d18                env_callback_init
 .text.mmc_get_env_addr
                0x00000000402f3db8       0x14 env/built-in.o
                0x00000000402f3db8                mmc_get_env_addr
 .text.mmc_get_env_dev
                0x00000000402f3dcc        0x4 env/built-in.o
                0x00000000402f3dcc                mmc_get_env_dev
 .text.fini_mmc_for_env.isra.0
                0x00000000402f3dd0       0x1c env/built-in.o
 .text.mmc_get_env_part
                0x00000000402f3dec        0x4 env/built-in.o
                0x00000000402f3dec                mmc_get_env_part
 .text.env_mmc_load
                0x00000000402f3df0      0x180 env/built-in.o
 .text.env_fat_load
                0x00000000402f3f70       0xa0 env/built-in.o
 .text.fdt_check_header
                0x00000000402f4010       0x4c lib/built-in.o
                0x00000000402f4010                fdt_check_header
 .text.fdt_offset_ptr
                0x00000000402f405c       0x32 lib/built-in.o
                0x00000000402f405c                fdt_offset_ptr
 *fill*         0x00000000402f408e        0x2 
 .text.fdt_next_tag
                0x00000000402f4090       0xa8 lib/built-in.o
                0x00000000402f4090                fdt_next_tag
 .text._fdt_check_node_offset
                0x00000000402f4138       0x24 lib/built-in.o
                0x00000000402f4138                _fdt_check_node_offset
 .text._fdt_check_prop_offset
                0x00000000402f415c       0x24 lib/built-in.o
                0x00000000402f415c                _fdt_check_prop_offset
 .text.fdt_next_node
                0x00000000402f4180       0x6e lib/built-in.o
                0x00000000402f4180                fdt_next_node
 .text._fdt_find_string
                0x00000000402f41ee       0x30 lib/built-in.o
                0x00000000402f41ee                _fdt_find_string
 *fill*         0x00000000402f421e        0x2 
 .text.fdt_strerror
                0x00000000402f4220       0x3c lib/built-in.o
                0x00000000402f4220                fdt_strerror
 .text._fdt_blocks_misordered
                0x00000000402f425c       0x36 lib/built-in.o
 .text._fdt_splice
                0x00000000402f4292       0x4a lib/built-in.o
 .text._fdt_splice_mem_rsv
                0x00000000402f42dc       0x2c lib/built-in.o
 .text._fdt_splice_struct
                0x00000000402f4308       0x26 lib/built-in.o
 .text._fdt_add_property
                0x00000000402f432e       0xb2 lib/built-in.o
 .text._fdt_rw_check_header
                0x00000000402f43e0       0x38 lib/built-in.o
 .text.fdt_add_mem_rsv
                0x00000000402f4418       0x56 lib/built-in.o
                0x00000000402f4418                fdt_add_mem_rsv
 .text.fdt_del_mem_rsv
                0x00000000402f446e       0x3c lib/built-in.o
                0x00000000402f446e                fdt_del_mem_rsv
 .text.fdt_setprop_placeholder
                0x00000000402f44aa       0x70 lib/built-in.o
                0x00000000402f44aa                fdt_setprop_placeholder
 .text.fdt_setprop
                0x00000000402f451a       0x26 lib/built-in.o
                0x00000000402f451a                fdt_setprop
 .text.fdt_add_subnode_namelen
                0x00000000402f4540       0x98 lib/built-in.o
                0x00000000402f4540                fdt_add_subnode_namelen
 .text.fdt_add_subnode
                0x00000000402f45d8       0x1e lib/built-in.o
                0x00000000402f45d8                fdt_add_subnode
 *fill*         0x00000000402f45f6        0x2 
 .text.fdt_address_cells
                0x00000000402f45f8       0x34 lib/built-in.o
                0x00000000402f45f8                fdt_address_cells
 .text.fdt_size_cells
                0x00000000402f462c       0x34 lib/built-in.o
                0x00000000402f462c                fdt_size_cells
 .text._nextprop
                0x00000000402f4660       0x32 lib/built-in.o
 .text.fdt_string
                0x00000000402f4692        0xa lib/built-in.o
                0x00000000402f4692                fdt_string
 .text.fdt_get_mem_rsv
                0x00000000402f469c       0x38 lib/built-in.o
                0x00000000402f469c                fdt_get_mem_rsv
 .text.fdt_num_mem_rsv
                0x00000000402f46d4       0x20 lib/built-in.o
                0x00000000402f46d4                fdt_num_mem_rsv
 .text.fdt_subnode_offset_namelen
                0x00000000402f46f4       0x88 lib/built-in.o
                0x00000000402f46f4                fdt_subnode_offset_namelen
 .text.fdt_subnode_offset
                0x00000000402f477c       0x1e lib/built-in.o
                0x00000000402f477c                fdt_subnode_offset
 .text.fdt_get_name
                0x00000000402f479a       0x3e lib/built-in.o
                0x00000000402f479a                fdt_get_name
 .text.fdt_first_property_offset
                0x00000000402f47d8       0x18 lib/built-in.o
                0x00000000402f47d8                fdt_first_property_offset
 .text.fdt_next_property_offset
                0x00000000402f47f0       0x18 lib/built-in.o
                0x00000000402f47f0                fdt_next_property_offset
 .text.fdt_get_property_by_offset
                0x00000000402f4808       0x30 lib/built-in.o
                0x00000000402f4808                fdt_get_property_by_offset
 .text.fdt_get_property_namelen
                0x00000000402f4838       0x74 lib/built-in.o
                0x00000000402f4838                fdt_get_property_namelen
 .text.fdt_get_property
                0x00000000402f48ac       0x22 lib/built-in.o
                0x00000000402f48ac                fdt_get_property
 .text.fdt_getprop_namelen
                0x00000000402f48ce       0x12 lib/built-in.o
                0x00000000402f48ce                fdt_getprop_namelen
 .text.fdt_getprop
                0x00000000402f48e0       0x22 lib/built-in.o
                0x00000000402f48e0                fdt_getprop
 *fill*         0x00000000402f4902        0x2 
 .text.crc16_ccitt
                0x00000000402f4904       0x28 lib/built-in.o
                0x00000000402f4904                crc16_ccitt
 .text.drop_var_from_set.part.2
                0x00000000402f492c       0x30 lib/built-in.o
 .text.hcreate_r
                0x00000000402f495c       0x58 lib/built-in.o
                0x00000000402f495c                hcreate_r
 .text.hdestroy_r
                0x00000000402f49b4       0x14 lib/built-in.o
                0x00000000402f49b4                hdestroy_r
 .text.hsearch_r
                0x00000000402f49c8      0x2a4 lib/built-in.o
                0x00000000402f49c8                hsearch_r
 .text.hdelete_r
                0x00000000402f4c6c       0x94 lib/built-in.o
                0x00000000402f4c6c                hdelete_r
 .text.himport_r
                0x00000000402f4d00      0x220 lib/built-in.o
                0x00000000402f4d00                himport_r
 .text.crc32_no_comp
                0x00000000402f4f20       0x8c lib/built-in.o
                0x00000000402f4f20                crc32_no_comp
 .text.crc32    0x00000000402f4fac        0xc lib/built-in.o
                0x00000000402f4fac                crc32
 .text.__div64_32
                0x00000000402f4fb8       0x7c lib/built-in.o
                0x00000000402f4fb8                __div64_32
 .text.hang     0x00000000402f5034       0x18 lib/built-in.o
                0x00000000402f5034                hang
 .text.kmalloc  0x00000000402f504c       0x20 lib/built-in.o
                0x00000000402f504c                kmalloc
 .text.skip_spaces
                0x00000000402f506c       0x18 lib/built-in.o
                0x00000000402f506c                skip_spaces
 .text.strim    0x00000000402f5084       0x34 lib/built-in.o
                0x00000000402f5084                strim
 .text.emit     0x00000000402f50b8       0x20 lib/built-in.o
 .text.store_char_in_data
                0x00000000402f50d8       0x24 lib/built-in.o
 .text.get_escape_char
                0x00000000402f50fc       0x48 lib/built-in.o
 .text.relocate
                0x00000000402f5144       0x2a lib/built-in.o
 *fill*         0x00000000402f516e        0x2 
 .text.match    0x00000000402f5170      0x264 lib/built-in.o
 .text.loop_greedy
                0x00000000402f53d4       0x56 lib/built-in.o
 .text.loop_non_greedy
                0x00000000402f542a       0x4c lib/built-in.o
 *fill*         0x00000000402f5476        0x2 
 .text.quantifier
                0x00000000402f5478       0x5c lib/built-in.o
 .text.fixup_branch
                0x00000000402f54d4       0x28 lib/built-in.o
 .text.compile  0x00000000402f54fc      0x218 lib/built-in.o
 .text.slre_compile
                0x00000000402f5714       0x8c lib/built-in.o
                0x00000000402f5714                slre_compile
 .text.slre_match
                0x00000000402f57a0       0x5a lib/built-in.o
                0x00000000402f57a0                slre_match
 *fill*         0x00000000402f57fa        0x2 
 .text.strncasecmp
                0x00000000402f57fc       0x44 lib/built-in.o
                0x00000000402f57fc                strncasecmp
 .text.strcpy   0x00000000402f5840       0x10 lib/built-in.o
                0x00000000402f5840                strcpy
 .text.strncpy  0x00000000402f5850       0x18 lib/built-in.o
                0x00000000402f5850                strncpy
 .text.strcat   0x00000000402f5868       0x1e lib/built-in.o
                0x00000000402f5868                strcat
 .text.strcmp   0x00000000402f5886       0x16 lib/built-in.o
                0x00000000402f5886                strcmp
 .text.strncmp  0x00000000402f589c       0x22 lib/built-in.o
                0x00000000402f589c                strncmp
 .text.strchr   0x00000000402f58be       0x18 lib/built-in.o
                0x00000000402f58be                strchr
 .text.strlen   0x00000000402f58d6       0x10 lib/built-in.o
                0x00000000402f58d6                strlen
 .text.strlcpy  0x00000000402f58e6       0x2e lib/built-in.o
                0x00000000402f58e6                strlcpy
 .text.strnlen  0x00000000402f5914       0x18 lib/built-in.o
                0x00000000402f5914                strnlen
 .text.strdup   0x00000000402f592c       0x22 lib/built-in.o
                0x00000000402f592c                strdup
 .text.memmove  0x00000000402f594e       0x26 lib/built-in.o
                0x00000000402f594e                memmove
 .text.memcmp   0x00000000402f5974       0x1a lib/built-in.o
                0x00000000402f5974                memcmp
 .text.memchr   0x00000000402f598e       0x1c lib/built-in.o
                0x00000000402f598e                memchr
 *fill*         0x00000000402f59aa        0x2 
 .text.udelay   0x00000000402f59ac       0x24 lib/built-in.o
                0x00000000402f59ac                udelay
 .text.uuid_bin_to_str
                0x00000000402f59d0       0x78 lib/built-in.o
                0x00000000402f59d0                uuid_bin_to_str
 .text.panic_finish
                0x00000000402f5a48       0x20 lib/built-in.o
 .text.panic_str
                0x00000000402f5a68        0xa lib/built-in.o
                0x00000000402f5a68                panic_str
 .text.panic    0x00000000402f5a72       0x14 lib/built-in.o
                0x00000000402f5a72                panic
 .text.putc_outstr
                0x00000000402f5a86        0xa lib/built-in.o
 .text.putc_normal
                0x00000000402f5a90        0x6 lib/built-in.o
 .text.div_out  0x00000000402f5a96       0x34 lib/built-in.o
 *fill*         0x00000000402f5aca        0x2 
 .text._vprintf
                0x00000000402f5acc      0x1dc lib/built-in.o
 .text.vprintf  0x00000000402f5ca8       0x1c lib/built-in.o
                0x00000000402f5ca8                vprintf
 .text.printf   0x00000000402f5cc4       0x24 lib/built-in.o
                0x00000000402f5cc4                printf
 .text.sprintf  0x00000000402f5ce8       0x2c lib/built-in.o
                0x00000000402f5ce8                sprintf
 .text.snprintf
                0x00000000402f5d14       0x2c lib/built-in.o
                0x00000000402f5d14                snprintf
 .text._parse_integer_fixup_radix
                0x00000000402f5d40       0x5c lib/built-in.o
 .text.simple_strtoul
                0x00000000402f5d9c       0x50 lib/built-in.o
                0x00000000402f5d9c                simple_strtoul
 .text.part_driver_lookup_type
                0x00000000402f5dec       0x44 disk/built-in.o
 .text.part_init
                0x00000000402f5e30       0x2c disk/built-in.o
                0x00000000402f5e30                part_init
 .text.part_get_info
                0x00000000402f5e5c       0x36 disk/built-in.o
                0x00000000402f5e5c                part_get_info
 *fill*         0x00000000402f5e92        0x2 
 .text.part_get_info_whole_disk
                0x00000000402f5e94       0x38 disk/built-in.o
                0x00000000402f5e94                part_get_info_whole_disk
 .text.blk_get_device_by_str
                0x00000000402f5ecc       0xc0 disk/built-in.o
                0x00000000402f5ecc                blk_get_device_by_str
 .text.blk_get_device_part_str
                0x00000000402f5f8c      0x22c disk/built-in.o
                0x00000000402f5f8c                blk_get_device_part_str
 .text.part_set_generic_name
                0x00000000402f61b8       0x34 disk/built-in.o
                0x00000000402f61b8                part_set_generic_name
 .text.test_block_type
                0x00000000402f61ec       0x4c disk/built-in.o
 .text.part_test_dos
                0x00000000402f6238       0x40 disk/built-in.o
 .text.part_get_info_extended
                0x00000000402f6278      0x1ec disk/built-in.o
 .text.part_get_info_dos
                0x00000000402f6464       0x16 disk/built-in.o
                0x00000000402f6464                part_get_info_dos
 *fill*         0x00000000402f647a        0x2 
 .text.print_efiname
                0x00000000402f647c       0x38 disk/built-in.o
 .text.part_test_efi
                0x00000000402f64b4       0x76 disk/built-in.o
 *fill*         0x00000000402f652a        0x2 
 .text.validate_gpt_entries
                0x00000000402f652c       0x80 disk/built-in.o
 *fill*         0x00000000402f65ac        0x4 
 .text.validate_gpt_header
                0x00000000402f65b0      0x1a0 disk/built-in.o
 .text.is_gpt_valid
                0x00000000402f6750      0x1b4 disk/built-in.o
 .text.is_pte_valid
                0x00000000402f6904       0x38 disk/built-in.o
 .text.part_get_info_efi
                0x00000000402f693c      0x168 disk/built-in.o
                0x00000000402f693c                part_get_info_efi
 .text.device_bind_common.isra.0
                0x00000000402f6aa4      0x166 drivers/built-in.o
 .text.alloc_priv
                0x00000000402f6c0a       0x38 drivers/built-in.o
 .text.device_bind_by_name
                0x00000000402f6c42       0x44 drivers/built-in.o
                0x00000000402f6c42                device_bind_by_name
 .text.device_probe
                0x00000000402f6c86      0x108 drivers/built-in.o
                0x00000000402f6c86                device_probe
 .text.dev_get_platdata
                0x00000000402f6d8e        0x6 drivers/built-in.o
                0x00000000402f6d8e                dev_get_platdata
 .text.dev_get_priv
                0x00000000402f6d94        0x6 drivers/built-in.o
                0x00000000402f6d94                dev_get_priv
 .text.dev_get_uclass_priv
                0x00000000402f6d9a        0x6 drivers/built-in.o
                0x00000000402f6d9a                dev_get_uclass_priv
 .text.devfdt_get_addr
                0x00000000402f6da0        0x6 drivers/built-in.o
                0x00000000402f6da0                devfdt_get_addr
 *fill*         0x00000000402f6da6        0x2 
 .text.lists_driver_lookup_name
                0x00000000402f6da8       0x2c drivers/built-in.o
                0x00000000402f6da8                lists_driver_lookup_name
 .text.lists_uclass_lookup
                0x00000000402f6dd4       0x20 drivers/built-in.o
                0x00000000402f6dd4                lists_uclass_lookup
 .text.lists_bind_drivers
                0x00000000402f6df4       0x48 drivers/built-in.o
                0x00000000402f6df4                lists_bind_drivers
 .text.dm_fixup_for_gd_move
                0x00000000402f6e3c       0x14 drivers/built-in.o
                0x00000000402f6e3c                dm_fixup_for_gd_move
 .text.dm_init  0x00000000402f6e50       0x38 drivers/built-in.o
                0x00000000402f6e50                dm_init
 .text.dm_scan_platdata
                0x00000000402f6e88       0x16 drivers/built-in.o
                0x00000000402f6e88                dm_scan_platdata
 .text.dm_scan_other
                0x00000000402f6e9e        0x4 drivers/built-in.o
                0x00000000402f6e9e                dm_scan_other
 .text.dm_init_and_scan
                0x00000000402f6ea2       0x20 drivers/built-in.o
                0x00000000402f6ea2                dm_init_and_scan
 .text.uclass_find
                0x00000000402f6ec2       0x2e drivers/built-in.o
                0x00000000402f6ec2                uclass_find
 .text.uclass_get
                0x00000000402f6ef0       0x92 drivers/built-in.o
                0x00000000402f6ef0                uclass_get
 .text.uclass_find_device
                0x00000000402f6f82       0x42 drivers/built-in.o
                0x00000000402f6f82                uclass_find_device
 .text.uclass_find_first_device
                0x00000000402f6fc4       0x22 drivers/built-in.o
                0x00000000402f6fc4                uclass_find_first_device
 .text.uclass_find_next_device
                0x00000000402f6fe6       0x18 drivers/built-in.o
                0x00000000402f6fe6                uclass_find_next_device
 .text.uclass_find_device_by_seq
                0x00000000402f6ffe       0x54 drivers/built-in.o
                0x00000000402f6ffe                uclass_find_device_by_seq
 .text.uclass_get_device_tail
                0x00000000402f7052       0x16 drivers/built-in.o
                0x00000000402f7052                uclass_get_device_tail
 .text.uclass_get_device
                0x00000000402f7068       0x1c drivers/built-in.o
                0x00000000402f7068                uclass_get_device
 .text.uclass_get_device_by_seq
                0x00000000402f7084       0x32 drivers/built-in.o
                0x00000000402f7084                uclass_get_device_by_seq
 .text.uclass_first_device
                0x00000000402f70b6       0x1e drivers/built-in.o
                0x00000000402f70b6                uclass_first_device
 .text.uclass_next_device
                0x00000000402f70d4       0x24 drivers/built-in.o
                0x00000000402f70d4                uclass_next_device
 .text.uclass_bind_device
                0x00000000402f70f8       0x3a drivers/built-in.o
                0x00000000402f70f8                uclass_bind_device
 .text.uclass_resolve_seq
                0x00000000402f7132       0x52 drivers/built-in.o
                0x00000000402f7132                uclass_resolve_seq
 .text.uclass_pre_probe_device
                0x00000000402f7184       0x2e drivers/built-in.o
                0x00000000402f7184                uclass_pre_probe_device
 .text.uclass_post_probe_device
                0x00000000402f71b2        0xe drivers/built-in.o
                0x00000000402f71b2                uclass_post_probe_device
 .text.i2c_get_adapter
                0x00000000402f71c0       0x40 drivers/built-in.o
                0x00000000402f71c0                i2c_get_adapter
 .text.i2c_init_bus
                0x00000000402f7200       0x64 drivers/built-in.o
 .text.i2c_set_bus_num
                0x00000000402f7264       0x80 drivers/built-in.o
                0x00000000402f7264                i2c_set_bus_num
 .text.i2c_probe
                0x00000000402f72e4       0x20 drivers/built-in.o
                0x00000000402f72e4                i2c_probe
 .text.i2c_read
                0x00000000402f7304       0x34 drivers/built-in.o
                0x00000000402f7304                i2c_read
 .text.i2c_write
                0x00000000402f7338       0x34 drivers/built-in.o
                0x00000000402f7338                i2c_write
 .text.i2c_init
                0x00000000402f736c        0xe drivers/built-in.o
                0x00000000402f736c                i2c_init
 *fill*         0x00000000402f737a        0x2 
 .text.__omap24_i2c_setspeed
                0x00000000402f737c      0x100 drivers/built-in.o
 .text.wait_for_bb
                0x00000000402f747c       0x58 drivers/built-in.o
 .text.wait_for_event
                0x00000000402f74d4       0x50 drivers/built-in.o
 .text.flush_fifo
                0x00000000402f7524       0x2a drivers/built-in.o
 *fill*         0x00000000402f754e        0x2 
 .text.omap24_get_base.isra.0
                0x00000000402f7550       0x34 drivers/built-in.o
 .text.omap24_i2c_setspeed
                0x00000000402f7584       0x34 drivers/built-in.o
 .text.omap24_i2c_write
                0x00000000402f75b8      0x194 drivers/built-in.o
 .text.omap24_i2c_read
                0x00000000402f774c      0x174 drivers/built-in.o
 .text.omap24_i2c_probe
                0x00000000402f78c0       0xa8 drivers/built-in.o
 .text.omap24_i2c_init
                0x00000000402f7968      0x21c drivers/built-in.o
 .text.mmc_set_ios
                0x00000000402f7b84        0xe drivers/built-in.o
 .text.mmc_set_capacity
                0x00000000402f7b92       0x6c drivers/built-in.o
 .text.board_mmc_getcd
                0x00000000402f7bfe        0x6 drivers/built-in.o
                0x00000000402f7bfe                board_mmc_getcd
 .text.mmc_send_cmd
                0x00000000402f7c04        0x8 drivers/built-in.o
                0x00000000402f7c04                mmc_send_cmd
 .text.mmc_go_idle
                0x00000000402f7c0c       0x32 drivers/built-in.o
 *fill*         0x00000000402f7c3e        0x2 
 .text.mmc_send_op_cond_iter
                0x00000000402f7c40       0x44 drivers/built-in.o
 .text.mmc_send_ext_csd
                0x00000000402f7c84       0x2e drivers/built-in.o
 *fill*         0x00000000402f7cb2        0x2 
 .text.mmc_read_and_compare_ext_csd
                0x00000000402f7cb4       0x78 drivers/built-in.o
 .text.mmc_send_status
                0x00000000402f7d2c       0x84 drivers/built-in.o
                0x00000000402f7d2c                mmc_send_status
 .text.mmc_set_blocklen
                0x00000000402f7db0       0x42 drivers/built-in.o
                0x00000000402f7db0                mmc_set_blocklen
 *fill*         0x00000000402f7df2        0x2 
 .text.mmc_bread
                0x00000000402f7df4       0xe0 drivers/built-in.o
                0x00000000402f7df4                mmc_bread
 .text.mmc_switch
                0x00000000402f7ed4       0x3e drivers/built-in.o
                0x00000000402f7ed4                mmc_switch
 *fill*         0x00000000402f7f12        0x2 
 .text.mmc_startup_v4
                0x00000000402f7f14      0x1e0 drivers/built-in.o
 .text.mmc_set_card_speed
                0x00000000402f80f4       0x68 drivers/built-in.o
 .text.mmc_switch_part
                0x00000000402f815c       0x40 drivers/built-in.o
                0x00000000402f815c                mmc_switch_part
 .text.mmc_getcd
                0x00000000402f819c       0x20 drivers/built-in.o
                0x00000000402f819c                mmc_getcd
 .text.mmc_set_clock
                0x00000000402f81bc       0x20 drivers/built-in.o
                0x00000000402f81bc                mmc_set_clock
 .text.mmc_startup
                0x00000000402f81dc      0x768 drivers/built-in.o
 .text.board_mmc_power_init
                0x00000000402f8944        0x2 drivers/built-in.o
                0x00000000402f8944                board_mmc_power_init
 *fill*         0x00000000402f8946        0x2 
 .text.mmc_start_init
                0x00000000402f8948      0x1bc drivers/built-in.o
                0x00000000402f8948                mmc_start_init
 .text.mmc_init
                0x00000000402f8b04       0x9c drivers/built-in.o
                0x00000000402f8b04                mmc_init
 .text.board_mmc_init
                0x00000000402f8ba0        0x6 drivers/built-in.o
                0x00000000402f8ba0                board_mmc_init
 *fill*         0x00000000402f8ba6        0x2 
 .text.mmc_initialize
                0x00000000402f8ba8       0x30 drivers/built-in.o
                0x00000000402f8ba8                mmc_initialize
 .text.mmc_berase
                0x00000000402f8bd8        0x4 drivers/built-in.o
 .text.mmc_bwrite
                0x00000000402f8bdc        0x4 drivers/built-in.o
 .text.find_mmc_device
                0x00000000402f8be0       0x30 drivers/built-in.o
                0x00000000402f8be0                find_mmc_device
 .text.mmc_select_hwpartp
                0x00000000402f8c10       0x36 drivers/built-in.o
 .text.mmc_get_dev
                0x00000000402f8c46       0x1e drivers/built-in.o
 .text.mmc_get_next_devnum
                0x00000000402f8c64       0x10 drivers/built-in.o
                0x00000000402f8c64                mmc_get_next_devnum
 .text.mmc_get_blk_desc
                0x00000000402f8c74        0x4 drivers/built-in.o
                0x00000000402f8c74                mmc_get_blk_desc
 .text.mmc_do_preinit
                0x00000000402f8c78       0x20 drivers/built-in.o
                0x00000000402f8c78                mmc_do_preinit
 .text.mmc_list_init
                0x00000000402f8c98       0x18 drivers/built-in.o
                0x00000000402f8c98                mmc_list_init
 .text.mmc_list_add
                0x00000000402f8cb0       0x14 drivers/built-in.o
                0x00000000402f8cb0                mmc_list_add
 .text.mmc_create
                0x00000000402f8cc4       0x80 drivers/built-in.o
                0x00000000402f8cc4                mmc_create
 .text.mmc_reset_controller_fsm
                0x00000000402f8d44       0x7c drivers/built-in.o
 .text.omap_hsmmc_getwp
                0x00000000402f8dc0       0x10 drivers/built-in.o
 .text.omap_hsmmc_getcd
                0x00000000402f8dd0       0x1a drivers/built-in.o
 *fill*         0x00000000402f8dea        0x2 
 .text.omap_hsmmc_send_cmd
                0x00000000402f8dec      0x2cc drivers/built-in.o
 .text.omap_hsmmc_set_ios
                0x00000000402f90b8      0x184 drivers/built-in.o
 .text.mmc_init_stream
                0x00000000402f923c       0xac drivers/built-in.o
                0x00000000402f923c                mmc_init_stream
 .text.omap_hsmmc_init_setup
                0x00000000402f92e8      0x178 drivers/built-in.o
 .text.omap_mmc_init
                0x00000000402f9460       0xec drivers/built-in.o
                0x00000000402f9460                omap_mmc_init
 .text._serial_putc
                0x00000000402f954c       0x22 drivers/built-in.o
 .text.serial_post_probe
                0x00000000402f956e       0x12 drivers/built-in.o
 .text.serial_pre_remove
                0x00000000402f9580        0x4 drivers/built-in.o
 .text.serial_init
                0x00000000402f9584       0x50 drivers/built-in.o
                0x00000000402f9584                serial_init
 .text.serial_putc
                0x00000000402f95d4       0x12 drivers/built-in.o
                0x00000000402f95d4                serial_putc
 .text.serial_puts
                0x00000000402f95e6       0x1e drivers/built-in.o
                0x00000000402f95e6                serial_puts
 .text.serial_getc
                0x00000000402f9604       0x28 drivers/built-in.o
                0x00000000402f9604                serial_getc
 .text.serial_tstc
                0x00000000402f962c       0x1a drivers/built-in.o
                0x00000000402f962c                serial_tstc
 .text.ns16550_writeb.isra.0
                0x00000000402f9646       0x14 drivers/built-in.o
 .text.NS16550_setbrg
                0x00000000402f965a       0x34 drivers/built-in.o
 .text.ns16550_serial_setbrg
                0x00000000402f968e       0x24 drivers/built-in.o
 .text.ns16550_readb.isra.1
                0x00000000402f96b2       0x14 drivers/built-in.o
 .text.ns16550_serial_pending
                0x00000000402f96c6       0x28 drivers/built-in.o
 .text.ns16550_serial_putc
                0x00000000402f96ee       0x32 drivers/built-in.o
 .text.ns16550_serial_getc
                0x00000000402f9720       0x26 drivers/built-in.o
 .text.NS16550_init
                0x00000000402f9746       0x54 drivers/built-in.o
                0x00000000402f9746                NS16550_init
 .text.ns16550_serial_probe
                0x00000000402f979a       0x20 drivers/built-in.o
                0x00000000402f979a                ns16550_serial_probe
 .text.gpio_to_device
                0x00000000402f97ba       0x48 drivers/built-in.o
 *fill*         0x00000000402f9802        0x2 
 .text.check_reserved
                0x00000000402f9804       0x4c drivers/built-in.o
 .text.gpio_renumber
                0x00000000402f9850       0x46 drivers/built-in.o
 .text.gpio_pre_remove
                0x00000000402f9896       0x12 drivers/built-in.o
 .text.gpio_post_probe
                0x00000000402f98a8       0x24 drivers/built-in.o
 .text.dm_gpio_request
                0x00000000402f98cc       0x56 drivers/built-in.o
                0x00000000402f98cc                dm_gpio_request
 .text.gpio_request
                0x00000000402f9922       0x18 drivers/built-in.o
                0x00000000402f9922                gpio_request
 *fill*         0x00000000402f993a        0x2 
 .text.gpio_direction_input
                0x00000000402f993c       0x2c drivers/built-in.o
                0x00000000402f993c                gpio_direction_input
 .text.gpio_direction_output
                0x00000000402f9968       0x2c drivers/built-in.o
                0x00000000402f9968                gpio_direction_output
 .text.dm_gpio_get_value
                0x00000000402f9994       0x2c drivers/built-in.o
                0x00000000402f9994                dm_gpio_get_value
 .text.gpio_get_value
                0x00000000402f99c0       0x16 drivers/built-in.o
                0x00000000402f99c0                gpio_get_value
 .text.omap_gpio_get_value
                0x00000000402f99d6       0x2c drivers/built-in.o
 .text.omap_gpio_direction_output
                0x00000000402f9a02       0x30 drivers/built-in.o
 .text.omap_gpio_probe
                0x00000000402f9a32       0x28 drivers/built-in.o
 .text.omap_gpio_bind
                0x00000000402f9a5a       0x46 drivers/built-in.o
 .text.omap_gpio_direction_input
                0x00000000402f9aa0       0x1e drivers/built-in.o
 .text.omap_gpio_get_function
                0x00000000402f9abe       0x1e drivers/built-in.o
 .text.omap_gpio_set_value
                0x00000000402f9adc       0x22 drivers/built-in.o
 .text.tps65217_reg_read
                0x00000000402f9afe       0x16 drivers/built-in.o
                0x00000000402f9afe                tps65217_reg_read
 .text.tps65217_reg_write
                0x00000000402f9b14       0x9a drivers/built-in.o
                0x00000000402f9b14                tps65217_reg_write
 .text.tps65217_voltage_update
                0x00000000402f9bae       0x32 drivers/built-in.o
                0x00000000402f9bae                tps65217_voltage_update
 .text.tps65910_set_i2c_control
                0x00000000402f9be0       0x36 drivers/built-in.o
                0x00000000402f9be0                tps65910_set_i2c_control
 .text.tps65910_voltage_update
                0x00000000402f9c16       0x94 drivers/built-in.o
                0x00000000402f9c16                tps65910_voltage_update
 .text.musb_gadget_enable
                0x00000000402f9caa      0x194 drivers/built-in.o
 .text.musb_free_request
                0x00000000402f9e3e        0x2 drivers/built-in.o
                0x00000000402f9e3e                musb_free_request
 .text.musb_gadget_fifo_status
                0x00000000402f9e40       0x26 drivers/built-in.o
 .text.musb_gadget_fifo_flush
                0x00000000402f9e66       0x52 drivers/built-in.o
 .text.musb_gadget_get_frame
                0x00000000402f9eb8        0xe drivers/built-in.o
 .text.musb_gadget_wakeup
                0x00000000402f9ec6        0x4 drivers/built-in.o
 .text.musb_gadget_set_self_powered
                0x00000000402f9eca       0x16 drivers/built-in.o
 .text.musb_gadget_vbus_draw
                0x00000000402f9ee0        0x4 drivers/built-in.o
 .text.txstate  0x00000000402f9ee4       0x70 drivers/built-in.o
 .text.musb_alloc_request
                0x00000000402f9f54       0x22 drivers/built-in.o
                0x00000000402f9f54                musb_alloc_request
 *fill*         0x00000000402f9f76        0x2 
 .text.init_peripheral_ep
                0x00000000402f9f78       0xb0 drivers/built-in.o
 .text.musb_gadget_pullup
                0x00000000402fa028       0x38 drivers/built-in.o
 .text.musb_g_giveback
                0x00000000402fa060       0x32 drivers/built-in.o
                0x00000000402fa060                musb_g_giveback
 .text.rxstate  0x00000000402fa092       0x98 drivers/built-in.o
 .text.musb_gadget_dequeue
                0x00000000402fa12a       0x42 drivers/built-in.o
 .text.musb_gadget_disable
                0x00000000402fa16c       0x6a drivers/built-in.o
 .text.musb_g_tx
                0x00000000402fa1d6       0xe6 drivers/built-in.o
                0x00000000402fa1d6                musb_g_tx
 .text.musb_g_rx
                0x00000000402fa2bc       0x6e drivers/built-in.o
                0x00000000402fa2bc                musb_g_rx
 .text.musb_ep_restart
                0x00000000402fa32a       0x1e drivers/built-in.o
                0x00000000402fa32a                musb_ep_restart
 .text.musb_gadget_set_halt
                0x00000000402fa348       0xb2 drivers/built-in.o
 .text.musb_gadget_queue
                0x00000000402fa3fa       0x72 drivers/built-in.o
 .text.musb_gadget_setup
                0x00000000402fa46c       0x90 drivers/built-in.o
                0x00000000402fa46c                musb_gadget_setup
 .text.musb_g_ep0_enable
                0x00000000402fa4fc        0x6 drivers/built-in.o
 .text.musb_g_ep0_disable
                0x00000000402fa502        0x6 drivers/built-in.o
 .text.musb_g_ep0_halt
                0x00000000402fa508       0x60 drivers/built-in.o
 .text.musb_g_ep0_dequeue
                0x00000000402fa568        0x6 drivers/built-in.o
 .text.ep0_txstate
                0x00000000402fa56e       0x9a drivers/built-in.o
 .text.musb_g_ep0_queue
                0x00000000402fa608       0xb2 drivers/built-in.o
 *fill*         0x00000000402fa6ba        0x2 
 .text.musb_g_ep0_irq
                0x00000000402fa6bc      0x5f0 drivers/built-in.o
                0x00000000402fa6bc                musb_g_ep0_irq
 .text.fifo_setup
                0x00000000402facac      0x100 drivers/built-in.o
 .text.musb_write_fifo
                0x00000000402fadac       0x70 drivers/built-in.o
                0x00000000402fadac                musb_write_fifo
 .text.musb_read_fifo
                0x00000000402fae1c       0x70 drivers/built-in.o
                0x00000000402fae1c                musb_read_fifo
 .text.musb_load_testpacket
                0x00000000402fae8c       0x24 drivers/built-in.o
                0x00000000402fae8c                musb_load_testpacket
 .text.musb_interrupt
                0x00000000402faeb0       0xca drivers/built-in.o
                0x00000000402faeb0                musb_interrupt
 *fill*         0x00000000402faf7a        0x2 
 .text.musb_init_controller
                0x00000000402faf7c      0x444 drivers/built-in.o
                0x00000000402faf7c                musb_init_controller
 .text.musb_register
                0x00000000402fb3c0       0x3c drivers/built-in.o
                0x00000000402fb3c0                musb_register
 .text.musb_h_tx_flush_fifo
                0x00000000402fb3fc       0x40 drivers/built-in.o
 .text.musb_h_ep0_flush_fifo
                0x00000000402fb43c       0x3c drivers/built-in.o
 .text.musb_start_urb
                0x00000000402fb478      0x340 drivers/built-in.o
 .text.musb_advance_schedule
                0x00000000402fb7b8      0x12e drivers/built-in.o
 *fill*         0x00000000402fb8e6        0x2 
 .text.musb_h_ep0_irq
                0x00000000402fb8e8      0x1b8 drivers/built-in.o
                0x00000000402fb8e8                musb_h_ep0_irq
 .text.musb_host_tx
                0x00000000402fbaa0      0x11c drivers/built-in.o
                0x00000000402fbaa0                musb_host_tx
 .text.musb_host_rx
                0x00000000402fbbbc      0x268 drivers/built-in.o
                0x00000000402fbbbc                musb_host_rx
 .text.dsps_musb_enable
                0x00000000402fbe24       0x1c drivers/built-in.o
 .text.dsps_musb_disable
                0x00000000402fbe40        0x2 drivers/built-in.o
 *fill*         0x00000000402fbe42        0x2 
 .text.dsps_musb_init
                0x00000000402fbe44       0x50 drivers/built-in.o
 .text.dsps_musb_exit
                0x00000000402fbe94       0x14 drivers/built-in.o
 .text.dsps_interrupt
                0x00000000402fbea8       0x48 drivers/built-in.o
 .text.hw_watchdog_reset
                0x00000000402fbef0       0x24 drivers/built-in.o
                0x00000000402fbef0                hw_watchdog_reset
 .text.hw_watchdog_disable
                0x00000000402fbf14       0x30 drivers/built-in.o
                0x00000000402fbf14                hw_watchdog_disable
 .text.hw_watchdog_init
                0x00000000402fbf44       0x74 drivers/built-in.o
                0x00000000402fbf44                hw_watchdog_init
 .text.get_desc
                0x00000000402fbfb8       0x3a drivers/built-in.o
 *fill*         0x00000000402fbff2        0x2 
 .text.blk_driver_lookup_type
                0x00000000402fbff4       0x20 drivers/built-in.o
                0x00000000402fbff4                blk_driver_lookup_type
 .text.blk_dselect_hwpart
                0x00000000402fc014       0x26 drivers/built-in.o
                0x00000000402fc014                blk_dselect_hwpart
 *fill*         0x00000000402fc03a        0x2 
 .text.blk_get_devnum_by_typename
                0x00000000402fc03c       0x3c drivers/built-in.o
                0x00000000402fc03c                blk_get_devnum_by_typename
 .text.blk_select_hwpart_devnum
                0x00000000402fc078       0x2a drivers/built-in.o
                0x00000000402fc078                blk_select_hwpart_devnum
 *fill*         0x00000000402fc0a2        0x2 
 .text.downcase
                0x00000000402fc0a4       0x24 fs/built-in.o
 .text.disk_read
                0x00000000402fc0c8       0x30 fs/built-in.o
 .text.mkcksum  0x00000000402fc0f8       0x36 fs/built-in.o
 *fill*         0x00000000402fc12e        0x2 
 .text.disk_write
                0x00000000402fc130       0x50 fs/built-in.o
 .text.flush_dirty_fat_buffer
                0x00000000402fc180       0x60 fs/built-in.o
 .text.get_fatent
                0x00000000402fc1e0       0xf8 fs/built-in.o
 .text.next_dent
                0x00000000402fc2d8       0xac fs/built-in.o
 .text.get_name
                0x00000000402fc384       0x8a fs/built-in.o
 *fill*         0x00000000402fc40e        0x2 
 .text.get_cluster
                0x00000000402fc410       0xf4 fs/built-in.o
 .text.read_bootsectandvi
                0x00000000402fc504       0xa8 fs/built-in.o
 .text.fat_itr_root
                0x00000000402fc5ac       0xec fs/built-in.o
 .text.slot2str
                0x00000000402fc698       0x60 fs/built-in.o
 .text.fat_itr_next
                0x00000000402fc6f8       0xc2 fs/built-in.o
 .text.fat_itr_resolve
                0x00000000402fc7ba       0xe4 fs/built-in.o
 *fill*         0x00000000402fc89e        0x2 
 .text.fat_set_blk_dev
                0x00000000402fc8a0       0x8c fs/built-in.o
                0x00000000402fc8a0                fat_set_blk_dev
 .text.fat_register_device
                0x00000000402fc92c       0x54 fs/built-in.o
                0x00000000402fc92c                fat_register_device
 .text.file_fat_read_at
                0x00000000402fc980      0x2a4 fs/built-in.o
                0x00000000402fc980                file_fat_read_at
 .text.file_fat_read
                0x00000000402fcc24       0x22 fs/built-in.o
                0x00000000402fcc24                file_fat_read
 *fill*         0x00000000402fcc46        0x2 
 .text.get_fs   0x00000000402fcc48        0x8 fs/built-in.o
                0x00000000402fcc48                get_fs
 .text.ext4fs_free_node
                0x00000000402fcc50        0x2 fs/built-in.o
                0x00000000402fcc50                ext4fs_free_node
 *fill*         0x00000000402fcc52        0x2 
 .text.ext4fs_read_file
                0x00000000402fcc54      0x278 fs/built-in.o
                0x00000000402fcc54                ext4fs_read_file
 .text.ext4fs_read
                0x00000000402fcecc       0x38 fs/built-in.o
                0x00000000402fcecc                ext4fs_read
 .text.ext4fs_bg_get_inode_table_id
                0x00000000402fcf04       0x1a fs/built-in.o
                0x00000000402fcf04                ext4fs_bg_get_inode_table_id
 .text.ext4fs_read_inode
                0x00000000402fcf1e       0xc6 fs/built-in.o
                0x00000000402fcf1e                ext4fs_read_inode
 .text.read_allocated_block
                0x00000000402fcfe4      0x5a8 fs/built-in.o
                0x00000000402fcfe4                read_allocated_block
 .text.ext4fs_iterate_dir
                0x00000000402fd58c      0x1dc fs/built-in.o
                0x00000000402fd58c                ext4fs_iterate_dir
 .text.ext4fs_find_file1
                0x00000000402fd768      0x1a8 fs/built-in.o
 .text.ext4fs_find_file
                0x00000000402fd910       0x40 fs/built-in.o
                0x00000000402fd910                ext4fs_find_file
 .text.ext4fs_open
                0x00000000402fd950       0x64 fs/built-in.o
                0x00000000402fd950                ext4fs_open
 .text.ext4fs_mount
                0x00000000402fd9b4       0x88 fs/built-in.o
                0x00000000402fd9b4                ext4fs_mount
 .text.ext4fs_set_blk_dev
                0x00000000402fda3c       0x54 fs/built-in.o
                0x00000000402fda3c                ext4fs_set_blk_dev
 .text.ext4fs_devread
                0x00000000402fda90       0x28 fs/built-in.o
                0x00000000402fda90                ext4fs_devread
 .text.ext4_read_superblock
                0x00000000402fdab8       0x28 fs/built-in.o
                0x00000000402fdab8                ext4_read_superblock
 .text.fs_devread
                0x00000000402fdae0      0x170 fs/built-in.o
                0x00000000402fdae0                fs_devread
 .text.__udivsi3
                0x00000000402fdc50       0x9c arch/arm/lib/lib.a(lib1funcs.o)
                0x00000000402fdc50                __udivsi3
                0x00000000402fdc50                __aeabi_uidiv
 .text.__divsi3
                0x00000000402fdcec       0xcc arch/arm/lib/lib.a(lib1funcs.o)
                0x00000000402fdcec                __aeabi_idiv
                0x00000000402fdcec                __divsi3
 .text.__aeabi_uidivmod
                0x00000000402fddb8       0x30 arch/arm/lib/lib.a(lib1funcs.o)
                0x00000000402fddb8                __aeabi_uidivmod
                0x00000000402fddd0                __aeabi_idivmod
 .text.Ldiv0    0x00000000402fdde8       0x10 arch/arm/lib/lib.a(lib1funcs.o)
 .text.__div0   0x00000000402fddf8        0x4 arch/arm/lib/lib.a(div0.o)
                0x00000000402fddf8                __div0
 *fill*         0x00000000402fddfc        0x4 
 .text.__div0.__stub
                0x00000000402fde00        0x4 linker stubs

.glue_7         0x00000000402fde04        0x0
 .glue_7        0x00000000402fde04        0x0 linker stubs

.glue_7t        0x00000000402fde04        0x0
 .glue_7t       0x00000000402fde04        0x0 linker stubs

.vfp11_veneer   0x00000000402fde04        0x0
 .vfp11_veneer  0x00000000402fde04        0x0 linker stubs

.v4_bx          0x00000000402fde04        0x0
 .v4_bx         0x00000000402fde04        0x0 linker stubs

.iplt           0x00000000402fde04        0x0
 .iplt          0x00000000402fde04        0x0 arch/arm/cpu/armv7/start.o
                0x00000000402fde04                . = ALIGN (0x4)

.rodata         0x00000000402fde04     0x4150
 *(SORT_BY_ALIGNMENT(.rodata*))
 .rodata        0x00000000402fde04       0x84 arch/arm/mach-omap2/built-in.o
 .rodata.cmwkup
                0x00000000402fde88        0x4 arch/arm/mach-omap2/built-in.o
                0x00000000402fde88                cmwkup
 .rodata.dpll_core_1000MHz
                0x00000000402fde8c       0x40 arch/arm/mach-omap2/built-in.o
                0x00000000402fde8c                dpll_core_1000MHz
 .rodata.dpll_core_regs
                0x00000000402fdecc       0x24 arch/arm/mach-omap2/built-in.o
                0x00000000402fdecc                dpll_core_regs
 .rodata.dpll_ddr2_266MHz
                0x00000000402fdef0       0x40 arch/arm/mach-omap2/built-in.o
                0x00000000402fdef0                dpll_ddr2_266MHz
 .rodata.dpll_ddr3_303MHz
                0x00000000402fdf30       0x40 arch/arm/mach-omap2/built-in.o
                0x00000000402fdf30                dpll_ddr3_303MHz
 .rodata.dpll_ddr3_400MHz
                0x00000000402fdf70       0x40 arch/arm/mach-omap2/built-in.o
                0x00000000402fdf70                dpll_ddr3_400MHz
 .rodata.dpll_ddr_regs
                0x00000000402fdfb0       0x24 arch/arm/mach-omap2/built-in.o
                0x00000000402fdfb0                dpll_ddr_regs
 .rodata.dpll_mpu_opp
                0x00000000402fdfd4      0x180 arch/arm/mach-omap2/built-in.o
                0x00000000402fdfd4                dpll_mpu_opp
 .rodata.dpll_mpu_regs
                0x00000000402fe154       0x24 arch/arm/mach-omap2/built-in.o
                0x00000000402fe154                dpll_mpu_regs
 .rodata.dpll_per_192MHz
                0x00000000402fe178       0x40 arch/arm/mach-omap2/built-in.o
                0x00000000402fe178                dpll_per_192MHz
 .rodata.dpll_per_regs
                0x00000000402fe1b8       0x24 arch/arm/mach-omap2/built-in.o
                0x00000000402fe1b8                dpll_per_regs
 .rodata.ddr_cmd_reg
                0x00000000402fe1dc        0x8 arch/arm/mach-omap2/built-in.o
 .rodata.ddr_data_reg
                0x00000000402fe1e4        0x8 arch/arm/mach-omap2/built-in.o
 .rodata.emif_reg
                0x00000000402fe1ec        0x8 arch/arm/mach-omap2/built-in.o
 .rodata.vtpreg
                0x00000000402fe1f4        0x8 arch/arm/mach-omap2/built-in.o
 .rodata.am33xx_gpio
                0x00000000402fe1fc       0x30 arch/arm/mach-omap2/built-in.o
 .rodata.am33xx_serial
                0x00000000402fe22c       0x78 arch/arm/mach-omap2/built-in.o
 .rodata.am33xx_ctrl
                0x00000000402fe2a4      0x1c8 arch/arm/mach-omap2/built-in.o
                0x00000000402fe2a4                am33xx_ctrl
 .rodata.am335x_mmc0_platdata
                0x00000000402fe46c       0x34 board/ti/am335x/built-in.o
 .rodata.am335x_mmc1_platdata
                0x00000000402fe4a0       0x34 board/ti/am335x/built-in.o
 .rodata.ddr2_cmd_ctrl_data
                0x00000000402fe4d4       0x30 board/ti/am335x/built-in.o
 .rodata.ddr2_data
                0x00000000402fe504       0x18 board/ti/am335x/built-in.o
 .rodata.ddr2_emif_reg_data
                0x00000000402fe51c       0x7c board/ti/am335x/built-in.o
 .rodata.ddr2_evm_emif_reg_data
                0x00000000402fe598       0x7c board/ti/am335x/built-in.o
 .rodata.ddr3_beagleblack_cmd_ctrl_data
                0x00000000402fe614       0x30 board/ti/am335x/built-in.o
 .rodata.ddr3_beagleblack_data
                0x00000000402fe644       0x18 board/ti/am335x/built-in.o
 .rodata.ddr3_cmd_ctrl_data
                0x00000000402fe65c       0x30 board/ti/am335x/built-in.o
 .rodata.ddr3_data
                0x00000000402fe68c       0x18 board/ti/am335x/built-in.o
 .rodata.ddr3_evm_cmd_ctrl_data
                0x00000000402fe6a4       0x30 board/ti/am335x/built-in.o
 .rodata.ddr3_evm_data
                0x00000000402fe6d4       0x18 board/ti/am335x/built-in.o
 .rodata.ddr3_icev2_cmd_ctrl_data
                0x00000000402fe6ec       0x30 board/ti/am335x/built-in.o
 .rodata.ddr3_icev2_data
                0x00000000402fe71c       0x18 board/ti/am335x/built-in.o
 .rodata.ioregs
                0x00000000402fe734       0x20 board/ti/am335x/built-in.o
                0x00000000402fe734                ioregs
 .rodata.ioregs_bonelt
                0x00000000402fe754       0x20 board/ti/am335x/built-in.o
                0x00000000402fe754                ioregs_bonelt
 .rodata.ioregs_evm15
                0x00000000402fe774       0x20 board/ti/am335x/built-in.o
                0x00000000402fe774                ioregs_evm15
 .rodata.ioregs_evmsk
                0x00000000402fe794       0x20 board/ti/am335x/built-in.o
                0x00000000402fe794                ioregs_evmsk
 .rodata.CSWTCH.32
                0x00000000402fe7b4       0x20 common/built-in.o
 .rodata.env_locations
                0x00000000402fe7d4        0x8 env/built-in.o
 .rodata.env_flags_varaccess_mask
                0x00000000402fe7dc       0x10 env/built-in.o
 .rodata.fdt_errtable
                0x00000000402fe7ec       0x48 lib/built-in.o
 .rodata.crc_table
                0x00000000402fe834      0x400 lib/built-in.o
 .rodata.CSWTCH.39
                0x00000000402fec34       0x20 disk/built-in.o
 .rodata        0x00000000402fec54        0x8 drivers/built-in.o
 .rodata.root_info
                0x00000000402fec5c        0x8 drivers/built-in.o
 .rodata.ext_csd_bus_width
                0x00000000402fec64       0x3c drivers/built-in.o
 .rodata.fbase  0x00000000402feca0       0x10 drivers/built-in.o
 .rodata.freqs.9667
                0x00000000402fecb0       0x30 drivers/built-in.o
 .rodata.mmc_modes_by_pref
                0x00000000402fece0       0x20 drivers/built-in.o
 .rodata.mmc_versions.9962
                0x00000000402fed00       0x24 drivers/built-in.o
 .rodata.sd_modes_by_pref
                0x00000000402fed24       0x10 drivers/built-in.o
 .rodata.omap_hsmmc_ops
                0x00000000402fed34       0x14 drivers/built-in.o
 .rodata.ns16550_serial_ops
                0x00000000402fed48       0x14 drivers/built-in.o
                0x00000000402fed48                ns16550_serial_ops
 .rodata.gpio_omap_ops
                0x00000000402fed5c       0x28 drivers/built-in.o
 .rodata.omap_gpio_ids
                0x00000000402fed84       0x20 drivers/built-in.o
 .rodata.musb_ep_ops
                0x00000000402feda4       0x28 drivers/built-in.o
 .rodata.musb_gadget_operations
                0x00000000402fedcc       0x24 drivers/built-in.o
 .rodata.CSWTCH.18
                0x00000000402fedf0       0x1c drivers/built-in.o
 .rodata.musb_g_ep0_ops
                0x00000000402fee0c       0x28 drivers/built-in.o
                0x00000000402fee0c                musb_g_ep0_ops
 .rodata.crc16_tab
                0x00000000402fee34      0x200 lib/built-in.o
 .rodata.do_enable_clocks.str1.1
                0x00000000402ff034       0x2a arch/arm/mach-omap2/built-in.o
 .rodata.do_setup_dpll.str1.1
                0x00000000402ff05e       0x3a arch/arm/mach-omap2/built-in.o
 .rodata.str1.1
                0x00000000402ff098       0x3b arch/arm/mach-omap2/built-in.o
 .rodata.config_sdram_emif4d5.str1.1
                0x00000000402ff0d3       0x2a arch/arm/mach-omap2/built-in.o
 .rodata.do_reset.str1.1
                0x00000000402ff0fd        0xf arch/arm/lib/built-in.o
 .rodata.enable_board_pin_mux.str1.1
                0x00000000402ff10c       0x73 board/ti/am335x/built-in.o
                                         0x75 (size before relaxing)
 .rodata.bone_not_connected_to_ac_power.part.0.str1.1
                0x00000000402ff17f       0x27 board/ti/am335x/built-in.o
 .rodata.do_board_detect.str1.1
                0x00000000402ff1a6       0x1b board/ti/am335x/built-in.o
 .rodata.get_dpll_ddr_params.str1.1
                0x00000000402ff1c1        0x4 board/ti/am335x/built-in.o
                                         0x33 (size before relaxing)
 .rodata.get_dpll_mpu_params.str1.1
                0x00000000402ff1c5        0x9 board/ti/am335x/built-in.o
 .rodata.scale_vcores.str1.1
                0x00000000402ff1c5       0x47 board/ti/am335x/built-in.o
 .rodata.sdram_init.str1.1
                0x00000000402ff20c        0xb board/ti/am335x/built-in.o
 .rodata.spl_start_uboot.str1.1
                0x00000000402ff217        0x8 board/ti/am335x/built-in.o
 .rodata.str1.1
                0x00000000402ff21f        0xb board/ti/am335x/built-in.o
 .rodata.ti_i2c_eeprom_am_get.str1.1
                0x00000000402ff22a        0x5 board/ti/common/built-in.o
 .rodata.board_init_r.str1.1
                0x00000000402ff22a       0x62 common/spl/built-in.o
 .rodata.preloader_console_init.str1.1
                0x00000000402ff28c       0x34 common/spl/built-in.o
 .rodata.spl_fixup_fdt.str1.1
                0x00000000402ff2c0       0x51 common/spl/built-in.o
 .rodata.spl_parse_image_header.str1.1
                0x00000000402ff311        0x6 common/spl/built-in.o
 .rodata.spl_set_header_raw_uboot.str1.1
                0x00000000402ff317        0x7 common/spl/built-in.o
 .rodata.spl_ymodem_load_image.str1.1
                0x00000000402ff31e       0x27 common/spl/built-in.o
 .rodata.str1.1
                0x00000000402ff345       0x16 common/spl/built-in.o
 .rodata.mmc_load_image_raw_sector.str1.1
                0x00000000402ff35b       0x31 common/spl/built-in.o
 .rodata.spl_mmc_load_image.str1.1
                0x00000000402ff38c      0x14d common/spl/built-in.o
 .rodata.__func__.7951
                0x00000000402ff4d9       0x18 common/spl/built-in.o
 .rodata.__func__.7971
                0x00000000402ff4f1       0x13 common/spl/built-in.o
 .rodata.__func__.7980
                0x00000000402ff504       0x16 common/spl/built-in.o
 .rodata.spl_load_image_fat.str1.1
                0x00000000402ff51a       0x41 common/spl/built-in.o
 .rodata.spl_load_image_fat_os.str1.1
                0x00000000402ff55b      0x11c common/spl/built-in.o
 .rodata.__func__.7493
                0x00000000402ff677       0x13 common/spl/built-in.o
 .rodata.__func__.7505
                0x00000000402ff68a       0x16 common/spl/built-in.o
 .rodata.spl_load_image_ext.str1.1
                0x00000000402ff6a0       0x94 common/spl/built-in.o
                                         0xba (size before relaxing)
 .rodata.spl_load_image_ext_os.str1.1
                0x00000000402ff734      0x11c common/spl/built-in.o
 .rodata.str1.1
                0x00000000402ff734      0x71e common/built-in.o
                                        0x751 (size before relaxing)
 .rodata.xyzModem_error.str1.1
                0x00000000402ffe52        0xe common/built-in.o
 .rodata.xyzModem_stream_close.str1.1
                0x00000000402ffe60       0x47 common/built-in.o
                                         0x4b (size before relaxing)
 .rodata.xyzModem_stream_open.str1.1
                0x00000000402ffea7       0x47 common/built-in.o
                                          0x2 (size before relaxing)
 .rodata.__FUNCTION__.8897
                0x00000000402ffea7       0x17 common/built-in.o
 .rodata.__func__.8773
                0x00000000402ffebe       0x18 common/built-in.o
 .rodata.fdt_find_or_add_subnode.str1.1
                0x00000000402ffed6        0xc common/built-in.o
 .rodata.fdt_fixup_memory_banks.str1.1
                0x00000000402ffee2       0x8c common/built-in.o
                                         0x94 (size before relaxing)
 .rodata.env_get_f.str1.1
                0x00000000402fff6e       0x30 cmd/built-in.o
 .rodata        0x00000000402fff9e        0x3 env/built-in.o
 .rodata.default_environment
                0x00000000402fffa1       0xe3 env/built-in.o
                0x00000000402fffa1                default_environment
 .rodata.env_import.str1.1
                0x0000000040300084       0x3f env/built-in.o
 .rodata.env_import_redund.str1.1
                0x00000000403000c3       0x8e env/built-in.o
 .rodata.set_default_env.str1.1
                0x0000000040300151       0x55 env/built-in.o
 .rodata.env_load.str1.1
                0x00000000403001a6       0x31 env/built-in.o
 .rodata.regex_callback.str1.1
                0x00000000403001d7       0x20 env/built-in.o
 .rodata.env_flags_init.str1.1
                0x00000000403001f7       0x57 env/built-in.o
 .rodata.env_flags_parse_varaccess.str1.1
                0x000000004030024e       0x3d env/built-in.o
 .rodata.env_flags_parse_vartype.str1.1
                0x000000004030028b       0x34 env/built-in.o
 .rodata.env_flags_validate.str1.1
                0x00000000403002bf       0xb2 env/built-in.o
                                         0xb3 (size before relaxing)
 .rodata.env_flags_varaccess_rep
                0x0000000040300371        0x5 env/built-in.o
 .rodata.env_flags_vartype_rep
                0x0000000040300376        0x7 env/built-in.o
 .rodata.env_callback_init.str1.1
                0x000000004030037d      0x110 env/built-in.o
 .rodata.env_mmc_load.str1.1
                0x000000004030048d       0x5e env/built-in.o
 .rodata.str1.1
                0x00000000403004eb        0x4 env/built-in.o
                                          0x8 (size before relaxing)
 .rodata.env_fat_load.str1.1
                0x00000000403004ef       0x4e env/built-in.o
                                         0x52 (size before relaxing)
 .rodata        0x000000004030053d       0x20 lib/built-in.o
 .rodata.fdt_strerror.str1.1
                0x000000004030055d       0x31 lib/built-in.o
 .rodata.str1.1
                0x000000004030058e      0x12d lib/built-in.o
 .rodata.fdt_address_cells.str1.1
                0x00000000403006bb        0xf lib/built-in.o
 .rodata.fdt_size_cells.str1.1
                0x00000000403006ca        0xc lib/built-in.o
 .rodata.himport_r.str1.1
                0x00000000403006d6       0x99 lib/built-in.o
 .rodata._ctype
                0x000000004030076f      0x100 lib/built-in.o
                0x000000004030076f                _ctype
 .rodata.hang.str1.1
                0x000000004030086f       0x2a lib/built-in.o
 .rodata.compile.str1.1
                0x0000000040300899       0x4a lib/built-in.o
 .rodata.emit.str1.1
                0x00000000403008e3       0x1f lib/built-in.o
 .rodata.match.str1.1
                0x0000000040300902       0x18 lib/built-in.o
 .rodata.quantifier.str1.1
                0x000000004030091a       0x17 lib/built-in.o
 .rodata.store_char_in_data.str1.1
                0x0000000040300931       0x1f lib/built-in.o
 .rodata.uuid_bin_to_str.str1.1
                0x0000000040300950       0x1f lib/built-in.o
                                          0x5 (size before relaxing)
 .rodata.blk_get_device_by_str.str1.1
                0x0000000040300950       0x6a disk/built-in.o
 .rodata.blk_get_device_part_str.str1.1
                0x00000000403009ba      0x109 disk/built-in.o
 .rodata.part_get_info_whole_disk.str1.1
                0x0000000040300ac3        0xb disk/built-in.o
                                         0x12 (size before relaxing)
 .rodata.part_set_generic_name.str1.1
                0x0000000040300ace        0xa disk/built-in.o
 .rodata.str1.1
                0x0000000040300ad8       0x1b disk/built-in.o
                                         0x1e (size before relaxing)
 .rodata.part_get_info_extended.str1.1
                0x0000000040300af3        0xa disk/built-in.o
                                         0x11 (size before relaxing)
 .rodata.print_partition_extended.str1.1
                0x0000000040300afd       0x83 disk/built-in.o
                                         0x84 (size before relaxing)
 .rodata.test_block_type.str1.1
                0x0000000040300b80        0x6 disk/built-in.o
                                          0xa (size before relaxing)
 .rodata.__func__.8526
                0x0000000040300b86       0x12 disk/built-in.o
 .rodata.__func__.8668
                0x0000000040300b98        0xd disk/built-in.o
 .rodata.__func__.8680
                0x0000000040300ba5       0x17 disk/built-in.o
 .rodata.__func__.8685
                0x0000000040300bbc        0xd disk/built-in.o
 .rodata.is_gpt_valid.str1.1
                0x0000000040300bc9       0xea disk/built-in.o
 .rodata.part_get_info_efi.str1.1
                0x0000000040300cb3       0x6c disk/built-in.o
                                         0x76 (size before relaxing)
 .rodata.validate_gpt_entries.str1.1
                0x0000000040300d1f       0x40 disk/built-in.o
 .rodata.validate_gpt_header.str1.1
                0x0000000040300d5f       0xe1 disk/built-in.o
 .rodata.str1.1
                0x0000000040300e40       0x8a drivers/built-in.o
                                         0xcd (size before relaxing)
 .rodata.i2c_get_adapter.str1.1
                0x0000000040300eca       0x2d drivers/built-in.o
 .rodata.__func__.9789
                0x0000000040300ef7       0x14 drivers/built-in.o
 .rodata.__omap24_i2c_setspeed.str1.1
                0x0000000040300f0b       0x4c drivers/built-in.o
 .rodata.omap24_get_base.isra.0.str1.1
                0x0000000040300f57       0x14 drivers/built-in.o
 .rodata.omap24_i2c_init.str1.1
                0x0000000040300f6b       0x45 drivers/built-in.o
 .rodata.omap24_i2c_probe.str1.1
                0x0000000040300fb0       0x3e drivers/built-in.o
 .rodata.omap24_i2c_read.str1.1
                0x0000000040300fee      0x15c drivers/built-in.o
 .rodata.omap24_i2c_setspeed.str1.1
                0x000000004030114a       0x1a drivers/built-in.o
 .rodata.omap24_i2c_write.str1.1
                0x0000000040301164      0x1d6 drivers/built-in.o
 .rodata.wait_for_bb.str1.1
                0x000000004030133a       0x27 drivers/built-in.o
 .rodata.wait_for_event.str1.1
                0x0000000040301361       0x61 drivers/built-in.o
 .rodata.mmc_bread.str1.1
                0x00000000403013c2       0x47 drivers/built-in.o
 .rodata.mmc_send_status.str1.1
                0x0000000040301409       0x32 drivers/built-in.o
 .rodata.mmc_start_init.str1.1
                0x000000004030143b       0x3f drivers/built-in.o
 .rodata.mmc_startup.str1.1
                0x000000004030147a       0x2c drivers/built-in.o
 .rodata.multipliers
                0x00000000403014a6       0x10 drivers/built-in.o
 .rodata.find_mmc_device.str1.1
                0x00000000403014b6       0x19 drivers/built-in.o
 .rodata.__func__.10491
                0x00000000403014cf       0x10 drivers/built-in.o
 .rodata.__func__.10531
                0x00000000403014df       0x16 drivers/built-in.o
 .rodata.__func__.10593
                0x00000000403014f5       0x19 drivers/built-in.o
 .rodata.__func__.10609
                0x000000004030150e       0x14 drivers/built-in.o
 .rodata.__func__.10657
                0x0000000040301522        0xe drivers/built-in.o
 .rodata.__func__.10717
                0x0000000040301530       0x15 drivers/built-in.o
 .rodata.mmc_init_stream.str1.1
                0x0000000040301545       0x3d drivers/built-in.o
 .rodata.mmc_reset_controller_fsm.str1.1
                0x0000000040301582       0x2d drivers/built-in.o
 .rodata.omap_hsmmc_init_setup.str1.1
                0x00000000403015af       0x28 drivers/built-in.o
 .rodata.omap_hsmmc_send_cmd.str1.1
                0x00000000403015d7       0x9d drivers/built-in.o
 .rodata.omap_hsmmc_set_ios.str1.1
                0x0000000040301674       0x1f drivers/built-in.o
 .rodata.omap_mmc_init.str1.1
                0x0000000040301693       0x1a drivers/built-in.o
 .rodata.serial_init.str1.1
                0x00000000403016ad       0x17 drivers/built-in.o
 .rodata.check_reserved.str1.1
                0x00000000403016c4       0x27 drivers/built-in.o
                                         0x28 (size before relaxing)
 .rodata.dm_gpio_get_value.str1.1
                0x00000000403016eb        0xa drivers/built-in.o
 .rodata.gpio_direction_input.str1.1
                0x00000000403016f5        0xa drivers/built-in.o
 .rodata.gpio_direction_output.str1.1
                0x00000000403016ff        0xb drivers/built-in.o
 .rodata.init_peripheral_ep.str1.1
                0x000000004030170a        0x7 drivers/built-in.o
                                          0xf (size before relaxing)
 .rodata.__func__.11154
                0x0000000040301711        0xf drivers/built-in.o
 .rodata.musb_g_ep0_irq.str1.1
                0x0000000040301720       0xb1 drivers/built-in.o
 .rodata.__func__.11025
                0x00000000403017d1       0x12 drivers/built-in.o
 .rodata.musb_driver_name
                0x00000000403017e3        0xa drivers/built-in.o
                0x00000000403017e3                musb_driver_name
 .rodata.musb_init_controller.str1.1
                0x00000000403017ed       0xd5 drivers/built-in.o
                                         0xd9 (size before relaxing)
 .rodata.musb_test_packet
                0x00000000403018c2       0x35 drivers/built-in.o
 .rodata.musb_register.str1.1
                0x00000000403018f7       0x1f drivers/built-in.o
 .rodata.__func__.11006
                0x0000000040301916        0xf drivers/built-in.o
 .rodata.__func__.11047
                0x0000000040301925       0x10 drivers/built-in.o
 .rodata.__func__.11070
                0x0000000040301935       0x14 drivers/built-in.o
 .rodata.__func__.11084
                0x0000000040301949        0xf drivers/built-in.o
 .rodata.__func__.11132
                0x0000000040301958        0xd drivers/built-in.o
 .rodata.musb_h_ep0_irq.str1.1
                0x0000000040301965       0x34 drivers/built-in.o
 .rodata.musb_h_tx_flush_fifo.str1.1
                0x0000000040301999       0x2b drivers/built-in.o
 .rodata.musb_host_rx.str1.1
                0x00000000403019c4       0x2f drivers/built-in.o
 .rodata.musb_start_urb.str1.1
                0x00000000403019f3       0x48 drivers/built-in.o
 .rodata.disk_write.str1.1
                0x0000000040301a3b       0x18 fs/built-in.o
 .rodata.do_fat_write.str1.1
                0x0000000040301a53       0xd6 fs/built-in.o
 .rodata.fat_itr_root.str1.1
                0x0000000040301b29       0x33 fs/built-in.o
 .rodata.fat_register_device.str1.1
                0x0000000040301b5c       0x2b fs/built-in.o
 .rodata.fat_set_blk_dev.str1.1
                0x0000000040301b87        0x3 fs/built-in.o
                                          0xd (size before relaxing)
 .rodata.file_fat_read_at.str1.1
                0x0000000040301b8a       0x17 fs/built-in.o
 .rodata.get_cluster.str1.1
                0x0000000040301ba1       0x25 fs/built-in.o
 .rodata.get_fatent.str1.1
                0x0000000040301bc6       0x22 fs/built-in.o
 .rodata.read_bootsectandvi.str1.1
                0x0000000040301be8       0x1b fs/built-in.o
 .rodata.ext4fs_iterate_dir.str1.1
                0x0000000040301c03       0x4a fs/built-in.o
 .rodata.ext4fs_mount.str1.1