mtdcore.c:1023:5:mtd_ooblayout_ecc	16	static
mtdcore.c:1055:5:mtd_ooblayout_free	16	static
mtdcore.c:1087:12:mtd_ooblayout_find_region	32	static
mtdcore.c:1156:12:mtd_ooblayout_get_bytes	56	static
mtdcore.c:1199:12:mtd_ooblayout_set_bytes	56	static
mtdcore.c:94:6:idr_remove	0	static
mtdcore.c:101:7:idr_find	0	static
mtdcore.c:109:7:idr_get_next	0	static
mtdcore.c:127:5:idr_alloc	8	static
mtdcore.c:152:18:__mtd_next_device	16	static
mtdcore.c:508:5:del_mtd_device	8	static
mtdcore.c:728:5:__get_mtd_device	8	static
mtdcore.c:693:18:get_mtd_device	16	static
mtdcore.c:756:18:get_mtd_device_nm	16	static
mtdcore.c:839:6:__put_mtd_device	8	static
mtdcore.c:830:6:put_mtd_device	0	static
mtdcore.c:858:5:mtd_erase	32	static
mtdcore.c:914:15:mtd_get_unmapped_area	48	static
mtdcore.c:925:5:mtd_read	56	static
mtdcore.c:949:5:mtd_write	28	static
mtdcore.c:970:5:mtd_panic_write	28	static
mtdcore.c:986:5:mtd_read_oob	24	static
mtdcore.c:1133:5:mtd_ooblayout_find_eccregion	16	static
mtdcore.c:1271:5:mtd_ooblayout_get_eccbytes	16	static
mtdcore.c:1291:5:mtd_ooblayout_set_eccbytes	16	static
mtdcore.c:1311:5:mtd_ooblayout_get_databytes	16	static
mtdcore.c:1331:5:mtd_ooblayout_set_databytes	16	static
mtdcore.c:1347:5:mtd_ooblayout_count_freebytes	24	static
mtdcore.c:1361:5:mtd_ooblayout_count_eccbytes	24	static
mtdcore.c:1372:5:mtd_get_fact_prot_info	8	static
mtdcore.c:1383:5:mtd_read_fact_prot_reg	8	static
mtdcore.c:1395:5:mtd_get_user_prot_info	8	static
mtdcore.c:1406:5:mtd_read_user_prot_reg	8	static
mtdcore.c:1418:5:mtd_write_user_prot_reg	32	static
mtdcore.c:1440:5:mtd_lock_user_prot_reg	4	static
mtdcore.c:1451:5:mtd_lock	40	static
mtdcore.c:1463:5:mtd_unlock	40	static
mtdcore.c:396:5:add_mtd_device	24	static
mtdcore.c:1475:5:mtd_is_locked	40	static
mtdcore.c:1487:5:mtd_block_isreserved	16	static
mtdcore.c:1497:5:mtd_block_isbad	16	static
mtdcore.c:1507:5:mtd_block_markbad	20	static
