log.h:358:19:log_init	0	static
board_f.c:122:12:display_text_info	0	static
board_f.c:218:12:setup_mon_len	0	static
board_f.c:235:12:arch_cpu_init	0	static
board_f.c:318:12:reserve_round_4k	0	static
board_f.c:325:12:reserve_mmu	0	static
board_f.c:395:12:reserve_uboot	0	static
board_f.c:417:12:reserve_malloc	0	static
board_f.c:438:12:setup_machine	0	static
board_f.c:446:12:reserve_global_data	0	static
board_f.c:455:12:reserve_fdt	0	static
board_f.c:103:5:init_func_watchdog_reset	8	static
board_f.c:177:12:dram_init_banksize	8	static
board_f.c:614:12:setup_reloc	8	static
board_f.c:582:12:reloc_fdt	8	static
board_f.c:426:12:reserve_board	8	static
board_f.c:143:12:announce_dram_init	8	static
board_f.c:188:12:init_func_i2c	8	static
board_f.c:116:12:init_baud_rate	8	static
board_f.c:719:12:initf_dm	0	static
board_f.c:685:12:initf_bootstage	8	static
board_f.c:745:12:arch_cpu_init_dm	0	static
board_f.c:240:12:mach_cpu_init	0	static
board_f.c:352:12:reserve_video	0	static
board_f.c:383:12:reserve_trace	0	static
board_f.c:476:12:reserve_bootstage	0	static
board_f.c:508:12:display_new_sp	0	static
board_f.c:596:12:reloc_bootstage	0	static
board_f.c:710:12:initf_console_record	0	static
board_f.c:740:12:reserve_arch	0	static
board_f.c:88:12:init_func_watchdog_init	8	static
board_f.c:66:13:coloured_LED_init	0	static
board_f.c:67:13:red_led_on	0	static
board_f.c:68:13:red_led_off	0	static
board_f.c:69:13:green_led_on	0	static
board_f.c:70:13:green_led_off	0	static
board_f.c:71:13:yellow_led_on	0	static
board_f.c:72:13:yellow_led_off	0	static
board_f.c:73:13:blue_led_on	0	static
board_f.c:74:13:blue_led_off	0	static
board_f.c:111:13:board_add_ram_info	0	static
board_f.c:149:12:show_dram_config	8	static
board_f.c:246:14:board_get_usable_ram_top	0	static
board_f.c:263:12:setup_dest_addr	8	static
board_f.c:490:12:arch_reserve_stacks	0	static
board_f.c:495:12:reserve_stacks	0	static
board_f.c:893:6:board_init_f	8	static
